******************************************************************************
            TI ARM Clang Linker PC v3.2.2                      
******************************************************************************
>> Linked Mon Jul 29 15:38:22 2024

OUTPUT FILE NAME:   <ED.out>
ENTRY POINT SYMBOL: "_c_int00_noargs"  address: 00002db9


MEMORY CONFIGURATION

         name            origin    length      used     unused   attr    fill
----------------------  --------  ---------  --------  --------  ----  --------
  FLASH                 00000000   00020000  000035b0  0001ca50  R  X
  SRAM                  20200000   00008000  0000056c  00007a94  RW X
  BCR_CONFIG            41c00000   00000080  00000000  00000080  R   
  BSL_CONFIG            41c00100   00000080  00000000  00000080  R   


SEGMENT ALLOCATION MAP

run origin  load origin   length   init length attrs members
----------  ----------- ---------- ----------- ----- -------
00000000    00000000    00003358   00003358    r-x
  00000000    00000000    000000c0   000000c0    r-- .intvecs
  000000c0    000000c0    00003298   00003298    r-x .text
00003360    00003360    00000258   00000258    r--
  00003360    00003360    00000200   00000200    r-- .rodata
  00003560    00003560    00000058   00000058    r-- .cinit
20200000    20200000    0000036e   00000000    rw-
  20200000    20200000    0000025a   00000000    rw- .bss
  2020025c    2020025c    00000112   00000000    rw- .data
20207e00    20207e00    00000200   00000000    rw-
  20207e00    20207e00    00000200   00000000    rw- .stack


SECTION ALLOCATION MAP

 output                                  attributes/
section   page    origin      length       input sections
--------  ----  ----------  ----------   ----------------
.intvecs   0    00000000    000000c0     
                  00000000    000000c0     startup_mspm0g350x_ticlang.o (.intvecs)

.text      0    000000c0    00003298     
                  000000c0    00000a00     libc.a : _printfi.c.obj (.text:__TI_printfi)
                  00000ac0    000002b4     openmv.o (.text.UART1_IRQHandler)
                  00000d74    00000220     libc.a : _printfi.c.obj (.text._pconv_a)
                  00000f94    000001dc            : _printfi.c.obj (.text._pconv_g)
                  00001170    000001c4     ti_msp_dl_config.o (.text.SYSCFG_DL_GPIO_init)
                  00001334    00000192     libclang_rt.builtins.a : adddf3.S.obj (.text.adddf3_subdf3)
                  000014c6    00000002                            : aeabi_div0.c.obj (.text.__aeabi_idiv0)
                  000014c8    0000013c     libc.a : _printfi.c.obj (.text.fcvt)
                  00001604    00000120            : _printfi.c.obj (.text._pconv_e)
                  00001724    0000010c     libclang_rt.builtins.a : divdf3.S.obj (.text.__divdf3)
                  00001830    000000ec     ED.o (.text.main)
                  0000191c    000000e8     driverlib.a : dl_timer.o (.text.DL_Timer_initTimerMode)
                  00001a04    000000e4     libclang_rt.builtins.a : muldf3.S.obj (.text.__muldf3)
                  00001ae8    000000d8     libc.a : s_scalbn.c.obj (.text.scalbn)
                  00001bc0    000000d8     libclang_rt.builtins.a : addsf3.S.obj (.text)
                  00001c98    000000c4     driverlib.a : dl_timer.o (.text.DL_Timer_initPWMMode)
                  00001d5c    000000c4     ti_msp_dl_config.o (.text.SYSCFG_DL_initPower)
                  00001e20    000000a2     libclang_rt.builtins.a : udivmoddi4.S.obj (.text)
                  00001ec2    00000002                            : aeabi_div0.c.obj (.text.__aeabi_ldiv0)
                  00001ec4    00000094     ED.o (.text.UART0_IRQHandler)
                  00001f58    00000094     ED.o (.text.UART2_IRQHandler)
                  00001fec    0000008c     libclang_rt.builtins.a : mulsf3.S.obj (.text.__mulsf3)
                  00002078    00000084     ti_msp_dl_config.o (.text.__NVIC_SetPriority)
                  000020fc    00000082     libclang_rt.builtins.a : divsf3.S.obj (.text.__divsf3)
                  0000217e    00000002     libc.a : _lock.c.obj (.text._nop)
                  00002180    00000078     driverlib.a : dl_timer.o (.text.DL_TimerA_initPWMMode)
                  000021f8    00000078     libc.a : copy_decompress_lzss.c.obj (.text:decompress:lzss)
                  00002270    00000070     libclang_rt.builtins.a : comparedf2.c.obj (.text.__gedf2)
                  000022e0    0000006c                            : comparedf2.c.obj (.text.__ledf2)
                  0000234c    00000066     libc.a : _printfi.c.obj (.text._mcpy)
                  000023b2    00000002     --HOLE-- [fill = 0]
                  000023b4    00000062     libclang_rt.builtins.a : aeabi_dcmp.S.obj (.text.__aeabi_dcmp)
                  00002416    00000002     --HOLE-- [fill = 0]
                  00002418    00000062                            : aeabi_fcmp.S.obj (.text.__aeabi_fcmp)
                  0000247a    00000002     --HOLE-- [fill = 0]
                  0000247c    0000005c     libc.a : s_frexp.c.obj (.text.frexp)
                  000024d8    0000005c            : printf.c.obj (.text.printf)
                  00002534    00000058     ti_msp_dl_config.o (.text.SYSCFG_DL_MOTOR_L_init)
                  0000258c    00000058     ti_msp_dl_config.o (.text.SYSCFG_DL_MOTOR_R_init)
                  000025e4    00000058     libc.a : _ltoa.c.obj (.text.__TI_ltoa)
                  0000263c    00000058            : _printfi.c.obj (.text._pconv_f)
                  00002694    00000056     libclang_rt.builtins.a : aeabi_idivmod.S.obj (.text.__aeabi_idivmod)
                  000026ea    00000002     --HOLE-- [fill = 0]
                  000026ec    00000054     ti_msp_dl_config.o (.text.SYSCFG_DL_UART_BT_init)
                  00002740    00000054     ti_msp_dl_config.o (.text.SYSCFG_DL_UART_JY61P_init)
                  00002794    00000054     ti_msp_dl_config.o (.text.SYSCFG_DL_UART_SCREEN_init)
                  000027e8    00000052     libc.a : _printfi.c.obj (.text._ecpy)
                  0000283a    00000002     --HOLE-- [fill = 0]
                  0000283c    00000050     ti_msp_dl_config.o (.text.SYSCFG_DL_init)
                  0000288c    0000004c     ti_msp_dl_config.o (.text.DL_UART_setBaudRateDivisor)
                  000028d8    0000004a     libclang_rt.builtins.a : fixdfsi.S.obj (.text.__fixdfsi)
                  00002922    00000002     --HOLE-- [fill = 0]
                  00002924    00000048     driverlib.a : dl_uart.o (.text.DL_UART_init)
                  0000296c    00000048     pid.o (.text.PidInit)
                  000029b4    00000048     print.o (.text.fputs)
                  000029fc    00000040     ti_msp_dl_config.o (.text.SYSCFG_DL_TIMER_0_init)
                  00002a3c    00000040     libclang_rt.builtins.a : aeabi_uidivmod.S.obj (.text.__aeabi_uidivmod)
                  00002a7c    00000040     libc.a : atoi.c.obj (.text.atoi)
                  00002abc    0000003c     ti_msp_dl_config.o (.text.SYSCFG_DL_TIMER_Sonic_init)
                  00002af8    0000003c     libclang_rt.builtins.a : floatsisf.S.obj (.text.__floatsisf)
                  00002b34    0000003c                            : comparesf2.S.obj (.text.__gtsf2)
                  00002b70    0000003c     libc.a : autoinit.c.obj (.text:__TI_auto_init_nobinit_nopinit)
                  00002bac    0000003a     libclang_rt.builtins.a : comparesf2.S.obj (.text.__eqsf2)
                  00002be6    00000002     --HOLE-- [fill = 0]
                  00002be8    0000003a                            : muldsi3.S.obj (.text.__muldsi3)
                  00002c22    00000002     --HOLE-- [fill = 0]
                  00002c24    00000034     ti_msp_dl_config.o (.text.DL_GPIO_initDigitalInputFeatures)
                  00002c58    00000030     ti_msp_dl_config.o (.text.DL_GPIO_initDigitalOutputFeatures)
                  00002c88    00000030     libc.a : _printfi.c.obj (.text._fcpy)
                  00002cb8    0000002c     ti_msp_dl_config.o (.text.SYSCFG_DL_TIMER_Encoder_init)
                  00002ce4    0000002c     ED.o (.text.__NVIC_ClearPendingIRQ)
                  00002d10    0000002c     ED.o (.text.__NVIC_EnableIRQ)
                  00002d3c    0000002c     libclang_rt.builtins.a : floatsidf.S.obj (.text.__floatsidf)
                  00002d68    00000028     ti_msp_dl_config.o (.text.DL_Common_updateReg)
                  00002d90    00000028     libclang_rt.builtins.a : floatunsisf.S.obj (.text.__floatunsisf)
                  00002db8    00000028     libc.a : boot_cortex_m.c.obj (.text:_c_int00_noargs)
                  00002de0    00000024     keyboard.o (.text.KeyInit)
                  00002e04    00000024     sonic.o (.text.TIMG0_IRQHandler)
                  00002e28    00000024     libclang_rt.builtins.a : muldi3.S.obj (.text.__muldi3)
                  00002e4c    00000022     ti_msp_dl_config.o (.text.SYSCFG_DL_SYSCTL_init)
                  00002e6e    00000022     libc.a : memccpy.c.obj (.text.memccpy)
                  00002e90    00000020     ti_msp_dl_config.o (.text.DL_GPIO_initPeripheralInputFunction)
                  00002eb0    00000020     driverlib.a : dl_uart.o (.text.DL_UART_transmitDataBlocking)
                  00002ed0    0000001e     ti_msp_dl_config.o (.text.DL_UART_setOversampling)
                  00002eee    00000002     --HOLE-- [fill = 0]
                  00002ef0    0000001e     libclang_rt.builtins.a : ashldi3.S.obj (.text.__ashldi3)
                  00002f0e    00000002     --HOLE-- [fill = 0]
                  00002f10    0000001c     ti_msp_dl_config.o (.text.DL_GPIO_initDigitalInput)
                  00002f2c    0000001c     ti_msp_dl_config.o (.text.DL_GPIO_initPeripheralOutputFunction)
                  00002f48    0000001c     ti_msp_dl_config.o (.text.DL_SYSCTL_setSYSOSCFreq)
                  00002f64    0000001c     ti_msp_dl_config.o (.text.DL_Timer_enableInterrupt)
                  00002f80    0000001c     driverlib.a : dl_timer.o (.text.DL_Timer_setCaptCompUpdateMethod)
                  00002f9c    0000001c                 : dl_timer.o (.text.DL_Timer_setClockConfig)
                  00002fb8    0000001c     ti_msp_dl_config.o (.text.DL_UART_enableInterrupt)
                  00002fd4    0000001c     print.o (.text.fputc)
                  00002ff0    00000018     ti_msp_dl_config.o (.text.DL_GPIO_enableOutput)
                  00003008    00000018     ti_msp_dl_config.o (.text.DL_GPIO_enablePower)
                  00003020    00000018     ti_msp_dl_config.o (.text.DL_GPIO_initDigitalOutput)
                  00003038    00000018     ti_msp_dl_config.o (.text.DL_GPIO_reset)
                  00003050    00000018     keyboard.o (.text.DL_GPIO_setPins)
                  00003068    00000018     ti_msp_dl_config.o (.text.DL_SYSCTL_setBORThreshold)
                  00003080    00000018     ti_msp_dl_config.o (.text.DL_Timer_enablePower)
                  00003098    00000018     ti_msp_dl_config.o (.text.DL_Timer_reset)
                  000030b0    00000018     driverlib.a : dl_timer.o (.text.DL_Timer_setCaptureCompareOutCtl)
                  000030c8    00000018     ED.o (.text.DL_Timer_startCounter)
                  000030e0    00000018     ED.o (.text.DL_UART_clearInterruptStatus)
                  000030f8    00000018     ti_msp_dl_config.o (.text.DL_UART_enablePower)
                  00003110    00000018     ti_msp_dl_config.o (.text.DL_UART_reset)
                  00003128    00000016     ti_msp_dl_config.o (.text.DL_UART_enable)
                  0000313e    00000016     delay.o (.text.Delay_ms)
                  00003154    00000016     libc.a : copy_zero_init.c.obj (.text:decompress:ZI:__TI_zero_init_nomemset)
                  0000316a    00000014     ti_msp_dl_config.o (.text.DL_GPIO_clearPins)
                  0000317e    00000002     --HOLE-- [fill = 0]
                  00003180    00000014     ti_msp_dl_config.o (.text.DL_SYSCTL_disableSYSPLL)
                  00003194    00000014     ti_msp_dl_config.o (.text.DL_SYSCTL_enableMFCLK)
                  000031a8    00000014     ti_msp_dl_config.o (.text.DL_Timer_enableClock)
                  000031bc    00000014     ti_msp_dl_config.o (.text.DL_Timer_setCCPDirection)
                  000031d0    00000014     ED.o (.text.DL_UART_receiveData)
                  000031e4    00000014     openmv.o (.text.DL_UART_receiveData)
                  000031f8    00000014     libclang_rt.builtins.a : aeabi_uldivmod.S.obj (.text.__aeabi_uldivmod)
                  0000320c    00000014     libc.a : _printfi.c.obj (.text.strchr)
                  00003220    00000012     sonic.o (.text.DL_Timer_getPendingInterrupt)
                  00003232    00000012     ED.o (.text.DL_UART_getPendingInterrupt)
                  00003244    00000012     driverlib.a : dl_uart.o (.text.DL_UART_setClockConfig)
                  00003256    00000012     libc.a : memcpy16.S.obj (.text:TI_memcpy_small)
                  00003268    00000012            : copy_decompress_none.c.obj (.text:decompress:none)
                  0000327a    00000002     --HOLE-- [fill = 0]
                  0000327c    00000010     ti_msp_dl_config.o (.text.DL_SYSCTL_disableHFXT)
                  0000328c    00000010     driverlib.a : dl_timer.o (.text.DL_Timer_setCaptureCompareValue)
                  0000329c    00000010     ED.o (.text.TIMG8_IRQHandler)
                  000032ac    00000010     libc.a : wcslen.c.obj (.text.wcslen)
                  000032bc    0000000e     libclang_rt.builtins.a : aeabi_memset.S.obj (.text.__aeabi_memset)
                  000032ca    0000000e     libc.a : _printfi.c.obj (.text.strlen)
                  000032d8    0000000e            : strlen.c.obj (.text.strlen)
                  000032e6    0000000e            : memset16.S.obj (.text:TI_memset_small)
                  000032f4    0000000a     driverlib.a : dl_common.o (.text.DL_Common_delayCycles)
                  000032fe    0000000a     libc.a : _printfi.c.obj (.text.OUTLINED_FUNCTION_0)
                  00003308    00000010     libclang_rt.builtins.a : adddf3.S.obj (.tramp.__aeabi_dsub.1)
                  00003318    0000000a     libc.a : _printfi.c.obj (.text.OUTLINED_FUNCTION_1)
                  00003322    00000002     --HOLE-- [fill = 0]
                  00003324    00000008            : aeabi_portable.c.obj (.text.__aeabi_errno_addr)
                  0000332c    00000008     libclang_rt.builtins.a : aeabi_memcpy.S.obj (.text.__aeabi_memcpy)
                  00003334    00000008     libc.a : printf.c.obj (.text._outc)
                  0000333c    00000008            : printf.c.obj (.text._outs)
                  00003344    00000004     startup_mspm0g350x_ticlang.o (.text.Default_Handler)
                  00003348    00000004     startup_mspm0g350x_ticlang.o (.text.Reset_Handler)
                  0000334c    00000004     libc.a : pre_init.c.obj (.text._system_pre_init)
                  00003350    00000004            : exit.c.obj (.text:abort)
                  00003354    00000004     --HOLE-- [fill = 0]

.cinit     0    00003560    00000058     
                  00003560    0000002d     (.cinit..data.load) [load image, compression = lzss]
                  0000358d    00000003     --HOLE-- [fill = 0]
                  00003590    0000000c     (__TI_handler_table)
                  0000359c    00000008     (.cinit..bss.load) [load image, compression = zero_init]
                  000035a4    00000010     (__TI_cinit_table)
                  000035b4    00000004     --HOLE-- [fill = 0]

.rodata    0    00003360    00000200     
                  00003360    00000101     libc.a : aeabi_ctype.S.obj (.rodata:__aeabi_ctype_table_)
                  00003461    00000022     ti_msp_dl_config.o (.rodata..L__const.SYSCFG_DL_GPIO_init.unusedPinIndexes)
                  00003483    0000001c     ED.o (.rodata.str1.78915808140897823561)
                  0000349f    00000017     ED.o (.rodata.str1.14767659034034747041)
                  000034b6    00000002     ti_msp_dl_config.o (.rodata.gUART_BTClockConfig)
                  000034b8    00000014     ti_msp_dl_config.o (.rodata.gTIMER_0TimerConfig)
                  000034cc    00000014     ti_msp_dl_config.o (.rodata.gTIMER_EncoderTimerConfig)
                  000034e0    00000014     ti_msp_dl_config.o (.rodata.gTIMER_SonicTimerConfig)
                  000034f4    00000011     libc.a : _printfi.c.obj (.rodata.str1.11645776875810915891)
                  00003505    00000011            : _printfi.c.obj (.rodata.str1.44690500295887128011)
                  00003516    0000000a     ti_msp_dl_config.o (.rodata.gUART_BTConfig)
                  00003520    0000000a     ti_msp_dl_config.o (.rodata.gUART_JY61PConfig)
                  0000352a    0000000a     ti_msp_dl_config.o (.rodata.gUART_SCREENConfig)
                  00003534    00000008     ti_msp_dl_config.o (.rodata.gMOTOR_LConfig)
                  0000353c    00000008     ti_msp_dl_config.o (.rodata.gMOTOR_RConfig)
                  00003544    00000003     ti_msp_dl_config.o (.rodata.gMOTOR_LClockConfig)
                  00003547    00000003     ti_msp_dl_config.o (.rodata.gMOTOR_RClockConfig)
                  0000354a    00000003     ti_msp_dl_config.o (.rodata.gTIMER_0ClockConfig)
                  0000354d    00000003     ti_msp_dl_config.o (.rodata.gTIMER_EncoderClockConfig)
                  00003550    00000003     ti_msp_dl_config.o (.rodata.gTIMER_SonicClockConfig)
                  00003553    00000002     ti_msp_dl_config.o (.rodata.gUART_JY61PClockConfig)
                  00003555    00000002     ti_msp_dl_config.o (.rodata.gUART_SCREENClockConfig)
                  00003557    00000009     --HOLE-- [fill = 0]

.init_array 
*          0    00000000    00000000     UNINITIALIZED

.binit     0    00000000    00000000     

.bss       0    20200000    0000025a     UNINITIALIZED
                  20200000    000000bc     (.common:gMOTOR_LBackup)
                  202000bc    000000bc     (.common:gMOTOR_RBackup)
                  20200178    00000078     (.common:gTIMER_EncoderBackup)
                  202001f0    00000024     (.common:encoder_lb)
                  20200214    00000024     (.common:encoder_rb)
                  20200238    00000009     (.common:receivedData)
                  20200241    00000001     (.common:PitchH)
                  20200242    00000001     (.common:PitchL)
                  20200243    00000001     (.common:RollH)
                  20200244    00000004     (.common:OverFlowFlag)
                  20200248    00000004     (.common:Pitch)
                  2020024c    00000004     (.common:Roll)
                  20200250    00000004     (.common:Yaw)
                  20200254    00000001     (.common:RollL)
                  20200255    00000001     (.common:SUM)
                  20200256    00000001     (.common:VH)
                  20200257    00000001     (.common:VL)
                  20200258    00000001     (.common:YawH)
                  20200259    00000001     (.common:YawL)

.data      0    2020025c    00000112     UNINITIALIZED
                  2020025c    000000f0     libc.a : defs.c.obj (.data._ftable)
                  2020034c    00000004     ED.o (.data.F_time)
                  20200350    00000004     libc.a : aeabi_portable.c.obj (.data.__aeabi_errno)
                  20200354    00000004            : _lock.c.obj (.data._lock)
                  20200358    00000004            : _lock.c.obj (.data._unlock)
                  2020035c    00000004     ED.o (.data.count2)
                  20200360    00000004     ED.o (.data.count3)
                  20200364    00000003     ED.o (.data.BT_Buffer)
                  20200367    00000003     ED.o (.data.Receive)
                  2020036a    00000001     ED.o (.data.BT)
                  2020036b    00000001     ED.o (.data.KeyValue)
                  2020036c    00000001     openmv.o (.data.RxState)
                  2020036d    00000001     openmv.o (.data.dataIndex)

.stack     0    20207e00    00000200     UNINITIALIZED
                  20207e00    00000004     libc.a : boot_cortex_m.c.obj (.stack)
                  20207e04    000001fc     --HOLE--

__llvm_prf_cnts 
*          0    20200000    00000000     UNINITIALIZED

__llvm_prf_bits 
*          0    20200000    00000000     UNINITIALIZED

MODULE SUMMARY

       Module                         code    ro data   rw data
       ------                         ----    -------   -------
    .\
       ti_msp_dl_config.o             2262    161       496    
       ED.o                           722     51        92     
       startup_mspm0g350x_ticlang.o   8       192       0      
    +--+------------------------------+-------+---------+---------+
       Total:                         2992    404       588    
                                                               
    .\USER\DELAY\
       delay.o                        22      0         0      
    +--+------------------------------+-------+---------+---------+
       Total:                         22      0         0      
                                                               
    .\USER\KEYBOARD\
       keyboard.o                     60      0         0      
    +--+------------------------------+-------+---------+---------+
       Total:                         60      0         0      
                                                               
    .\USER\OPENMV\
       openmv.o                       712     0         32     
    +--+------------------------------+-------+---------+---------+
       Total:                         712     0         32     
                                                               
    .\USER\PID\
       pid.o                          72      0         0      
    +--+------------------------------+-------+---------+---------+
       Total:                         72      0         0      
                                                               
    .\USER\PRINT\
       print.o                        100     0         0      
    +--+------------------------------+-------+---------+---------+
       Total:                         100     0         0      
                                                               
    .\USER\SONIC\
       sonic.o                        54      0         4      
    +--+------------------------------+-------+---------+---------+
       Total:                         54      0         4      
                                                               
    C:/ti/mspm0_sdk_2_00_00_03/source/ti/driverlib/lib/ticlang/m0p/mspm0g1x0x_g3x0x/driverlib.a
       dl_timer.o                     644     0         0      
       dl_uart.o                      122     0         0      
       dl_common.o                    10      0         0      
    +--+------------------------------+-------+---------+---------+
       Total:                         776     0         0      
                                                               
    C:\ti\ccs1271\ccs\tools\compiler\ti-cgt-armllvm_3.2.2.LTS\lib\armv6m-ti-none-eabi/c/libc.a
       _printfi.c.obj                 4558    34        0      
       aeabi_ctype.S.obj              0       257       0      
       defs.c.obj                     0       0         240    
       s_scalbn.c.obj                 216     0         0      
       copy_decompress_lzss.c.obj     120     0         0      
       printf.c.obj                   108     0         0      
       s_frexp.c.obj                  92      0         0      
       _ltoa.c.obj                    88      0         0      
       atoi.c.obj                     64      0         0      
       autoinit.c.obj                 60      0         0      
       boot_cortex_m.c.obj            40      0         0      
       memccpy.c.obj                  34      0         0      
       copy_zero_init.c.obj           22      0         0      
       copy_decompress_none.c.obj     18      0         0      
       memcpy16.S.obj                 18      0         0      
       wcslen.c.obj                   16      0         0      
       memset16.S.obj                 14      0         0      
       strlen.c.obj                   14      0         0      
       aeabi_portable.c.obj           8       0         4      
       _lock.c.obj                    2       0         8      
       exit.c.obj                     4       0         0      
       pre_init.c.obj                 4       0         0      
    +--+------------------------------+-------+---------+---------+
       Total:                         5500    291       252    
                                                               
    C:\ti\ccs1271\ccs\tools\compiler\ti-cgt-armllvm_3.2.2.LTS\lib\clang/15.0.7/lib/armv6m-ti-none-eabi/libclang_rt.builtins.a
       adddf3.S.obj                   418     0         0      
       divdf3.S.obj                   268     0         0      
       muldf3.S.obj                   228     0         0      
       comparedf2.c.obj               220     0         0      
       addsf3.S.obj                   216     0         0      
       udivmoddi4.S.obj               162     0         0      
       mulsf3.S.obj                   140     0         0      
       divsf3.S.obj                   130     0         0      
       comparesf2.S.obj               118     0         0      
       aeabi_dcmp.S.obj               98      0         0      
       aeabi_fcmp.S.obj               98      0         0      
       aeabi_idivmod.S.obj            86      0         0      
       fixdfsi.S.obj                  74      0         0      
       aeabi_uidivmod.S.obj           64      0         0      
       floatsisf.S.obj                60      0         0      
       muldsi3.S.obj                  58      0         0      
       floatsidf.S.obj                44      0         0      
       floatunsisf.S.obj              40      0         0      
       muldi3.S.obj                   36      0         0      
       ashldi3.S.obj                  30      0         0      
       aeabi_uldivmod.S.obj           20      0         0      
       aeabi_memset.S.obj             14      0         0      
       aeabi_memcpy.S.obj             8       0         0      
       aeabi_div0.c.obj               4       0         0      
    +--+------------------------------+-------+---------+---------+
       Total:                         2634    0         0      
                                                               
       Stack:                         0       0         512    
       Linker Generated:              0       81        0      
    +--+------------------------------+-------+---------+---------+
       Grand Total:                   12922   776       1388   


LINKER GENERATED COPY TABLES

__TI_cinit_table @ 000035a4 records: 2, size/record: 8, table size: 16
	.data: load addr=00003560, load size=0000002d bytes, run addr=2020025c, run size=00000112 bytes, compression=lzss
	.bss: load addr=0000359c, load size=00000008 bytes, run addr=20200000, run size=0000025a bytes, compression=zero_init


LINKER GENERATED HANDLER TABLE

__TI_handler_table @ 00003590 records: 3, size/record: 4, table size: 12
	index: 0, handler: __TI_decompress_lzss
	index: 1, handler: __TI_decompress_none
	index: 2, handler: __TI_zero_init


FAR CALL TRAMPOLINES

callee name               trampoline name
   callee addr  tramp addr   call addr  call info
--------------  -----------  ---------  ----------------
__aeabi_dsub              $Tramp$TT$L$PI$$__aeabi_dsub
   00001335     00003308     00003306   libc.a : _printfi.c.obj (.text.OUTLINED_FUNCTION_0)

[1 trampolines]
[1 trampoline calls]


GLOBAL SYMBOLS: SORTED ALPHABETICALLY BY Name 

address   name                            
-------   ----                            
00003345  ADC0_IRQHandler                 
00003345  ADC1_IRQHandler                 
00003345  AES_IRQHandler                  
2020036a  BT                              
20200364  BT_Buffer                       
00003350  C$$EXIT                         
00003345  CANFD0_IRQHandler               
00003345  DAC0_IRQHandler                 
000032f5  DL_Common_delayCycles           
00002181  DL_TimerA_initPWMMode           
00001c99  DL_Timer_initPWMMode            
0000191d  DL_Timer_initTimerMode          
00002f81  DL_Timer_setCaptCompUpdateMethod
000030b1  DL_Timer_setCaptureCompareOutCtl
0000328d  DL_Timer_setCaptureCompareValue 
00002f9d  DL_Timer_setClockConfig         
00002925  DL_UART_init                    
00003245  DL_UART_setClockConfig          
00002eb1  DL_UART_transmitDataBlocking    
00003345  DMA_IRQHandler                  
00003345  Default_Handler                 
0000313f  Delay_ms                        
2020034c  F_time                          
00003345  GROUP0_IRQHandler               
00003345  GROUP1_IRQHandler               
00003345  HardFault_Handler               
00003345  I2C0_IRQHandler                 
00003345  I2C1_IRQHandler                 
00002de1  KeyInit                         
2020036b  KeyValue                        
00003345  NMI_Handler                     
20200244  OverFlowFlag                    
00003345  PendSV_Handler                  
0000296d  PidInit                         
20200248  Pitch                           
20200241  PitchH                          
20200242  PitchL                          
00003345  RTC_IRQHandler                  
20200367  Receive                         
00003349  Reset_Handler                   
2020024c  Roll                            
20200243  RollH                           
20200254  RollL                           
2020036c  RxState                         
00003345  SPI0_IRQHandler                 
00003345  SPI1_IRQHandler                 
20200255  SUM                             
00003345  SVC_Handler                     
00001171  SYSCFG_DL_GPIO_init             
00002535  SYSCFG_DL_MOTOR_L_init          
0000258d  SYSCFG_DL_MOTOR_R_init          
00002e4d  SYSCFG_DL_SYSCTL_init           
000029fd  SYSCFG_DL_TIMER_0_init          
00002cb9  SYSCFG_DL_TIMER_Encoder_init    
00002abd  SYSCFG_DL_TIMER_Sonic_init      
000026ed  SYSCFG_DL_UART_BT_init          
00002741  SYSCFG_DL_UART_JY61P_init       
00002795  SYSCFG_DL_UART_SCREEN_init      
0000283d  SYSCFG_DL_init                  
00001d5d  SYSCFG_DL_initPower             
00003345  SysTick_Handler                 
00003345  TIMA0_IRQHandler                
00003345  TIMA1_IRQHandler                
00002e05  TIMG0_IRQHandler                
00003345  TIMG12_IRQHandler               
00003345  TIMG6_IRQHandler                
00003345  TIMG7_IRQHandler                
0000329d  TIMG8_IRQHandler                
00003257  TI_memcpy_small                 
000032e7  TI_memset_small                 
00001ec5  UART0_IRQHandler                
00000ac1  UART1_IRQHandler                
00001f59  UART2_IRQHandler                
00003345  UART3_IRQHandler                
20200256  VH                              
20200257  VL                              
20200250  Yaw                             
20200258  YawH                            
20200259  YawL                            
20208000  __STACK_END                     
00000200  __STACK_SIZE                    
00000000  __TI_ATRegion0_region_sz        
00000000  __TI_ATRegion0_src_addr         
00000000  __TI_ATRegion0_trg_addr         
00000000  __TI_ATRegion1_region_sz        
00000000  __TI_ATRegion1_src_addr         
00000000  __TI_ATRegion1_trg_addr         
00000000  __TI_ATRegion2_region_sz        
00000000  __TI_ATRegion2_src_addr         
00000000  __TI_ATRegion2_trg_addr         
000035a4  __TI_CINIT_Base                 
000035b4  __TI_CINIT_Limit                
000035b4  __TI_CINIT_Warm                 
00003590  __TI_Handler_Table_Base         
0000359c  __TI_Handler_Table_Limit        
00002b71  __TI_auto_init_nobinit_nopinit  
000021f9  __TI_decompress_lzss            
00003269  __TI_decompress_none            
000025e5  __TI_ltoa                       
ffffffff  __TI_pprof_out_hndl             
000000c1  __TI_printfi                    
ffffffff  __TI_prof_data_size             
ffffffff  __TI_prof_data_start            
00000000  __TI_static_base__              
00003155  __TI_zero_init_nomemset         
0000133f  __adddf3                        
00001bcb  __addsf3                        
00003360  __aeabi_ctype_table_            
00003360  __aeabi_ctype_table_C           
000028d9  __aeabi_d2iz                    
0000133f  __aeabi_dadd                    
000023b5  __aeabi_dcmpeq                  
000023f1  __aeabi_dcmpge                  
00002405  __aeabi_dcmpgt                  
000023dd  __aeabi_dcmple                  
000023c9  __aeabi_dcmplt                  
00001725  __aeabi_ddiv                    
00001a05  __aeabi_dmul                    
00001335  __aeabi_dsub                    
20200350  __aeabi_errno                   
00003325  __aeabi_errno_addr              
00001bcb  __aeabi_fadd                    
00002419  __aeabi_fcmpeq                  
00002455  __aeabi_fcmpge                  
00002469  __aeabi_fcmpgt                  
00002441  __aeabi_fcmple                  
0000242d  __aeabi_fcmplt                  
000020fd  __aeabi_fdiv                    
00001fed  __aeabi_fmul                    
00001bc1  __aeabi_fsub                    
00002d3d  __aeabi_i2d                     
00002af9  __aeabi_i2f                     
00002695  __aeabi_idiv                    
000014c7  __aeabi_idiv0                   
00002695  __aeabi_idivmod                 
00001ec3  __aeabi_ldiv0                   
00002ef1  __aeabi_llsl                    
00002e29  __aeabi_lmul                    
0000332d  __aeabi_memcpy                  
0000332d  __aeabi_memcpy4                 
0000332d  __aeabi_memcpy8                 
000032bd  __aeabi_memset                  
000032bd  __aeabi_memset4                 
000032bd  __aeabi_memset8                 
00002d91  __aeabi_ui2f                    
00002a3d  __aeabi_uidiv                   
00002a3d  __aeabi_uidivmod                
000031f9  __aeabi_uldivmod                
00002ef1  __ashldi3                       
ffffffff  __binit__                       
000022e1  __cmpdf2                        
00002bad  __cmpsf2                        
00001725  __divdf3                        
000020fd  __divsf3                        
000022e1  __eqdf2                         
00002bad  __eqsf2                         
000028d9  __fixdfsi                       
00002d3d  __floatsidf                     
00002af9  __floatsisf                     
00002d91  __floatunsisf                   
00002271  __gedf2                         
00002b35  __gesf2                         
00002271  __gtdf2                         
00002b35  __gtsf2                         
000022e1  __ledf2                         
00002bad  __lesf2                         
000022e1  __ltdf2                         
00002bad  __ltsf2                         
UNDEFED   __mpu_init                      
00001a05  __muldf3                        
00002e29  __muldi3                        
00002be9  __muldsi3                       
00001fed  __mulsf3                        
000022e1  __nedf2                         
00002bad  __nesf2                         
20207e00  __stack                         
20200000  __start___llvm_prf_bits         
20200000  __start___llvm_prf_cnts         
20200000  __stop___llvm_prf_bits          
20200000  __stop___llvm_prf_cnts          
00001335  __subdf3                        
00001bc1  __subsf3                        
00001e21  __udivmoddi4                    
00002db9  _c_int00_noargs                 
2020025c  _ftable                         
20200354  _lock                           
0000217f  _nop                            
UNDEFED   _system_post_cinit              
0000334d  _system_pre_init                
20200358  _unlock                         
00003351  abort                           
UNDEFED   angle                           
UNDEFED   angleSpeed                      
00002a7d  atoi                            
ffffffff  binit                           
2020035c  count2                          
20200360  count3                          
2020036d  dataIndex                       
202001f0  encoder_lb                      
20200214  encoder_rb                      
00002fd5  fputc                           
000029b5  fputs                           
0000247d  frexp                           
0000247d  frexpl                          
20200000  gMOTOR_LBackup                  
202000bc  gMOTOR_RBackup                  
20200178  gTIMER_EncoderBackup            
00000000  interruptVectors                
00001ae9  ldexp                           
00001ae9  ldexpl                          
00001831  main                            
00002e6f  memccpy                         
000024d9  printf                          
20200238  receivedData                    
00001ae9  scalbn                          
00001ae9  scalbnl                         
000032d9  strlen                          
000032ad  wcslen                          


GLOBAL SYMBOLS: SORTED BY Symbol Address 

address   name                            
-------   ----                            
00000000  __TI_ATRegion0_region_sz        
00000000  __TI_ATRegion0_src_addr         
00000000  __TI_ATRegion0_trg_addr         
00000000  __TI_ATRegion1_region_sz        
00000000  __TI_ATRegion1_src_addr         
00000000  __TI_ATRegion1_trg_addr         
00000000  __TI_ATRegion2_region_sz        
00000000  __TI_ATRegion2_src_addr         
00000000  __TI_ATRegion2_trg_addr         
00000000  __TI_static_base__              
00000000  interruptVectors                
000000c1  __TI_printfi                    
00000200  __STACK_SIZE                    
00000ac1  UART1_IRQHandler                
00001171  SYSCFG_DL_GPIO_init             
00001335  __aeabi_dsub                    
00001335  __subdf3                        
0000133f  __adddf3                        
0000133f  __aeabi_dadd                    
000014c7  __aeabi_idiv0                   
00001725  __aeabi_ddiv                    
00001725  __divdf3                        
00001831  main                            
0000191d  DL_Timer_initTimerMode          
00001a05  __aeabi_dmul                    
00001a05  __muldf3                        
00001ae9  ldexp                           
00001ae9  ldexpl                          
00001ae9  scalbn                          
00001ae9  scalbnl                         
00001bc1  __aeabi_fsub                    
00001bc1  __subsf3                        
00001bcb  __addsf3                        
00001bcb  __aeabi_fadd                    
00001c99  DL_Timer_initPWMMode            
00001d5d  SYSCFG_DL_initPower             
00001e21  __udivmoddi4                    
00001ec3  __aeabi_ldiv0                   
00001ec5  UART0_IRQHandler                
00001f59  UART2_IRQHandler                
00001fed  __aeabi_fmul                    
00001fed  __mulsf3                        
000020fd  __aeabi_fdiv                    
000020fd  __divsf3                        
0000217f  _nop                            
00002181  DL_TimerA_initPWMMode           
000021f9  __TI_decompress_lzss            
00002271  __gedf2                         
00002271  __gtdf2                         
000022e1  __cmpdf2                        
000022e1  __eqdf2                         
000022e1  __ledf2                         
000022e1  __ltdf2                         
000022e1  __nedf2                         
000023b5  __aeabi_dcmpeq                  
000023c9  __aeabi_dcmplt                  
000023dd  __aeabi_dcmple                  
000023f1  __aeabi_dcmpge                  
00002405  __aeabi_dcmpgt                  
00002419  __aeabi_fcmpeq                  
0000242d  __aeabi_fcmplt                  
00002441  __aeabi_fcmple                  
00002455  __aeabi_fcmpge                  
00002469  __aeabi_fcmpgt                  
0000247d  frexp                           
0000247d  frexpl                          
000024d9  printf                          
00002535  SYSCFG_DL_MOTOR_L_init          
0000258d  SYSCFG_DL_MOTOR_R_init          
000025e5  __TI_ltoa                       
00002695  __aeabi_idiv                    
00002695  __aeabi_idivmod                 
000026ed  SYSCFG_DL_UART_BT_init          
00002741  SYSCFG_DL_UART_JY61P_init       
00002795  SYSCFG_DL_UART_SCREEN_init      
0000283d  SYSCFG_DL_init                  
000028d9  __aeabi_d2iz                    
000028d9  __fixdfsi                       
00002925  DL_UART_init                    
0000296d  PidInit                         
000029b5  fputs                           
000029fd  SYSCFG_DL_TIMER_0_init          
00002a3d  __aeabi_uidiv                   
00002a3d  __aeabi_uidivmod                
00002a7d  atoi                            
00002abd  SYSCFG_DL_TIMER_Sonic_init      
00002af9  __aeabi_i2f                     
00002af9  __floatsisf                     
00002b35  __gesf2                         
00002b35  __gtsf2                         
00002b71  __TI_auto_init_nobinit_nopinit  
00002bad  __cmpsf2                        
00002bad  __eqsf2                         
00002bad  __lesf2                         
00002bad  __ltsf2                         
00002bad  __nesf2                         
00002be9  __muldsi3                       
00002cb9  SYSCFG_DL_TIMER_Encoder_init    
00002d3d  __aeabi_i2d                     
00002d3d  __floatsidf                     
00002d91  __aeabi_ui2f                    
00002d91  __floatunsisf                   
00002db9  _c_int00_noargs                 
00002de1  KeyInit                         
00002e05  TIMG0_IRQHandler                
00002e29  __aeabi_lmul                    
00002e29  __muldi3                        
00002e4d  SYSCFG_DL_SYSCTL_init           
00002e6f  memccpy                         
00002eb1  DL_UART_transmitDataBlocking    
00002ef1  __aeabi_llsl                    
00002ef1  __ashldi3                       
00002f81  DL_Timer_setCaptCompUpdateMethod
00002f9d  DL_Timer_setClockConfig         
00002fd5  fputc                           
000030b1  DL_Timer_setCaptureCompareOutCtl
0000313f  Delay_ms                        
00003155  __TI_zero_init_nomemset         
000031f9  __aeabi_uldivmod                
00003245  DL_UART_setClockConfig          
00003257  TI_memcpy_small                 
00003269  __TI_decompress_none            
0000328d  DL_Timer_setCaptureCompareValue 
0000329d  TIMG8_IRQHandler                
000032ad  wcslen                          
000032bd  __aeabi_memset                  
000032bd  __aeabi_memset4                 
000032bd  __aeabi_memset8                 
000032d9  strlen                          
000032e7  TI_memset_small                 
000032f5  DL_Common_delayCycles           
00003325  __aeabi_errno_addr              
0000332d  __aeabi_memcpy                  
0000332d  __aeabi_memcpy4                 
0000332d  __aeabi_memcpy8                 
00003345  ADC0_IRQHandler                 
00003345  ADC1_IRQHandler                 
00003345  AES_IRQHandler                  
00003345  CANFD0_IRQHandler               
00003345  DAC0_IRQHandler                 
00003345  DMA_IRQHandler                  
00003345  Default_Handler                 
00003345  GROUP0_IRQHandler               
00003345  GROUP1_IRQHandler               
00003345  HardFault_Handler               
00003345  I2C0_IRQHandler                 
00003345  I2C1_IRQHandler                 
00003345  NMI_Handler                     
00003345  PendSV_Handler                  
00003345  RTC_IRQHandler                  
00003345  SPI0_IRQHandler                 
00003345  SPI1_IRQHandler                 
00003345  SVC_Handler                     
00003345  SysTick_Handler                 
00003345  TIMA0_IRQHandler                
00003345  TIMA1_IRQHandler                
00003345  TIMG12_IRQHandler               
00003345  TIMG6_IRQHandler                
00003345  TIMG7_IRQHandler                
00003345  UART3_IRQHandler                
00003349  Reset_Handler                   
0000334d  _system_pre_init                
00003350  C$$EXIT                         
00003351  abort                           
00003360  __aeabi_ctype_table_            
00003360  __aeabi_ctype_table_C           
00003590  __TI_Handler_Table_Base         
0000359c  __TI_Handler_Table_Limit        
000035a4  __TI_CINIT_Base                 
000035b4  __TI_CINIT_Limit                
000035b4  __TI_CINIT_Warm                 
20200000  __start___llvm_prf_bits         
20200000  __start___llvm_prf_cnts         
20200000  __stop___llvm_prf_bits          
20200000  __stop___llvm_prf_cnts          
20200000  gMOTOR_LBackup                  
202000bc  gMOTOR_RBackup                  
20200178  gTIMER_EncoderBackup            
202001f0  encoder_lb                      
20200214  encoder_rb                      
20200238  receivedData                    
20200241  PitchH                          
20200242  PitchL                          
20200243  RollH                           
20200244  OverFlowFlag                    
20200248  Pitch                           
2020024c  Roll                            
20200250  Yaw                             
20200254  RollL                           
20200255  SUM                             
20200256  VH                              
20200257  VL                              
20200258  YawH                            
20200259  YawL                            
2020025c  _ftable                         
2020034c  F_time                          
20200350  __aeabi_errno                   
20200354  _lock                           
20200358  _unlock                         
2020035c  count2                          
20200360  count3                          
20200364  BT_Buffer                       
20200367  Receive                         
2020036a  BT                              
2020036b  KeyValue                        
2020036c  RxState                         
2020036d  dataIndex                       
20207e00  __stack                         
20208000  __STACK_END                     
ffffffff  __TI_pprof_out_hndl             
ffffffff  __TI_prof_data_size             
ffffffff  __TI_prof_data_start            
ffffffff  __binit__                       
ffffffff  binit                           
UNDEFED   __mpu_init                      
UNDEFED   _system_post_cinit              
UNDEFED   angle                           
UNDEFED   angleSpeed                      

[218 symbols]
