******************************************************************************
            TI ARM Clang Linker PC v3.2.2                      
******************************************************************************
>> Linked Wed Jul 24 11:15:42 2024

OUTPUT FILE NAME:   <test4.out>
ENTRY POINT SYMBOL: "_c_int00_noargs"  address: 00000ff5


MEMORY CONFIGURATION

         name            origin    length      used     unused   attr    fill
----------------------  --------  ---------  --------  --------  ----  --------
  FLASH                 00000000   00020000  00001590  0001ea70  R  X
  SRAM                  20200000   00008000  00000427  00007bd9  RW X
  BCR_CONFIG            41c00000   00000080  00000000  00000080  R   
  BSL_CONFIG            41c00100   00000080  00000000  00000080  R   


SEGMENT ALLOCATION MAP

run origin  load origin   length   init length attrs members
----------  ----------- ---------- ----------- ----- -------
00000000    00000000    00001590   00001590    r-x
  00000000    00000000    000000c0   000000c0    r-- .intvecs
  000000c0    000000c0    00001400   00001400    r-x .text
  000014c0    000014c0    000000a0   000000a0    r-- .rodata
  00001560    00001560    00000030   00000030    r-- .cinit
20200000    20200000    00000227   00000000    rw-
  20200000    20200000    000001fc   00000000    rw- .bss
  202001fc    202001fc    0000002b   00000000    rw- .data
20207e00    20207e00    00000200   00000000    rw-
  20207e00    20207e00    00000200   00000000    rw- .stack


SECTION ALLOCATION MAP

 output                                  attributes/
section   page    origin      length       input sections
--------  ----  ----------  ----------   ----------------
.intvecs   0    00000000    000000c0     
                  00000000    000000c0     startup_mspm0g350x_ticlang.o (.intvecs)

.text      0    000000c0    00001400     
                  000000c0    00000278     keyboard.o (.text.getKey)
                  00000338    0000014c     ti_msp_dl_config.o (.text.SYSCFG_DL_GPIO_init)
                  00000484    000000e8     driverlib.a : dl_timer.o (.text.DL_Timer_initTimerMode)
                  0000056c    000000d0     ti_msp_dl_config.o (.text.SYSCFG_DL_MOTOR_init)
                  0000063c    000000c4     driverlib.a : dl_timer.o (.text.DL_Timer_initPWMMode)
                  00000700    000000c4     ti_msp_dl_config.o (.text.SYSCFG_DL_initPower)
                  000007c4    000000a8     driverlib.a : dl_timer.o (.text.DL_Timer_initCompareMode)
                  0000086c    00000090     openmv.o (.text.UART1_IRQHandler)
                  000008fc    00000088     test4.o (.text.main)
                  00000984    00000084     ti_msp_dl_config.o (.text.__NVIC_SetPriority)
                  00000a08    00000078     driverlib.a : dl_timer.o (.text.DL_TimerA_initPWMMode)
                  00000a80    00000078     libc.a : copy_decompress_lzss.c.obj (.text:decompress:lzss)
                  00000af8    00000074     test4.o (.text.UART2_IRQHandler)
                  00000b6c    00000054     ti_msp_dl_config.o (.text.SYSCFG_DL_UART_BT_init)
                  00000bc0    00000054     ti_msp_dl_config.o (.text.SYSCFG_DL_UART_OPENMV_init)
                  00000c14    00000054     ti_msp_dl_config.o (.text.SYSCFG_DL_UART_SCREEN_init)
                  00000c68    00000050     ti_msp_dl_config.o (.text.SYSCFG_DL_init)
                  00000cb8    0000004c     ti_msp_dl_config.o (.text.DL_UART_setBaudRateDivisor)
                  00000d04    00000048     driverlib.a : dl_uart.o (.text.DL_UART_init)
                  00000d4c    00000040     ti_msp_dl_config.o (.text.SYSCFG_DL_TIMER_Encoder_init)
                  00000d8c    0000003c     ti_msp_dl_config.o (.text.SYSCFG_DL_TIMER_Sonic_init)
                  00000dc8    0000003c     libc.a : autoinit.c.obj (.text:__TI_auto_init_nobinit_nopinit)
                  00000e04    00000038     keyboard.o (.text.KeyInit)
                  00000e3c    00000034     ti_msp_dl_config.o (.text.DL_GPIO_initDigitalInputFeatures)
                  00000e70    00000030     ti_msp_dl_config.o (.text.DL_GPIO_initDigitalOutputFeatures)
                  00000ea0    0000002c     ti_msp_dl_config.o (.text.SYSCFG_DL_ENCODER_L_init)
                  00000ecc    0000002c     ti_msp_dl_config.o (.text.SYSCFG_DL_ENCODER_R_init)
                  00000ef8    0000002c     test4.o (.text.__NVIC_ClearPendingIRQ)
                  00000f24    0000002c     encoder.o (.text.__NVIC_EnableIRQ)
                  00000f50    0000002c     test4.o (.text.__NVIC_EnableIRQ)
                  00000f7c    00000028     ti_msp_dl_config.o (.text.DL_Common_updateReg)
                  00000fa4    00000028     encoder.o (.text.EncoderInit)
                  00000fcc    00000028     encoder.o (.text.TIMA1_IRQHandler)
                  00000ff4    00000028     libc.a : boot_cortex_m.c.obj (.text:_c_int00_noargs)
                  0000101c    00000024     sonic.o (.text.TIMG0_IRQHandler)
                  00001040    00000024     encoder.o (.text.TIMG6_IRQHandler)
                  00001064    00000024     encoder.o (.text.TIMG8_IRQHandler)
                  00001088    00000022     ti_msp_dl_config.o (.text.SYSCFG_DL_SYSCTL_init)
                  000010aa    00000002     Blueteeth.o (.text.UART0_IRQHandler)
                  000010ac    00000020     ti_msp_dl_config.o (.text.DL_GPIO_initPeripheralInputFunction)
                  000010cc    0000001e     ti_msp_dl_config.o (.text.DL_UART_setOversampling)
                  000010ea    00000002     --HOLE-- [fill = 0]
                  000010ec    0000001c     ti_msp_dl_config.o (.text.DL_GPIO_initDigitalInput)
                  00001108    0000001c     ti_msp_dl_config.o (.text.DL_GPIO_initPeripheralOutputFunction)
                  00001124    0000001c     ti_msp_dl_config.o (.text.DL_SYSCTL_setSYSOSCFreq)
                  00001140    0000001c     ti_msp_dl_config.o (.text.DL_Timer_enableInterrupt)
                  0000115c    0000001c     driverlib.a : dl_timer.o (.text.DL_Timer_setCaptCompUpdateMethod)
                  00001178    0000001c                 : dl_timer.o (.text.DL_Timer_setClockConfig)
                  00001194    0000001c     ti_msp_dl_config.o (.text.DL_UART_enableInterrupt)
                  000011b0    00000018     ti_msp_dl_config.o (.text.DL_GPIO_enableOutput)
                  000011c8    00000018     ti_msp_dl_config.o (.text.DL_GPIO_enablePower)
                  000011e0    00000018     ti_msp_dl_config.o (.text.DL_GPIO_initDigitalOutput)
                  000011f8    00000018     ti_msp_dl_config.o (.text.DL_GPIO_reset)
                  00001210    00000018     keyboard.o (.text.DL_GPIO_setPins)
                  00001228    00000018     ti_msp_dl_config.o (.text.DL_SYSCTL_setBORThreshold)
                  00001240    00000018     ti_msp_dl_config.o (.text.DL_Timer_enablePower)
                  00001258    00000018     ti_msp_dl_config.o (.text.DL_Timer_reset)
                  00001270    00000018     driverlib.a : dl_timer.o (.text.DL_Timer_setCaptureCompareOutCtl)
                  00001288    00000018     encoder.o (.text.DL_Timer_startCounter)
                  000012a0    00000018     openmv.o (.text.DL_UART_clearInterruptStatus)
                  000012b8    00000018     test4.o (.text.DL_UART_clearInterruptStatus)
                  000012d0    00000018     ti_msp_dl_config.o (.text.DL_UART_enablePower)
                  000012e8    00000018     ti_msp_dl_config.o (.text.DL_UART_reset)
                  00001300    00000016     keyboard.o (.text.DL_GPIO_readPins)
                  00001316    00000016     ti_msp_dl_config.o (.text.DL_UART_enable)
                  0000132c    00000016     delay.o (.text.Delay_ms)
                  00001342    00000016     libc.a : copy_zero_init.c.obj (.text:decompress:ZI:__TI_zero_init_nomemset)
                  00001358    00000014     keyboard.o (.text.DL_GPIO_clearPins)
                  0000136c    00000014     ti_msp_dl_config.o (.text.DL_GPIO_clearPins)
                  00001380    00000014     ti_msp_dl_config.o (.text.DL_SYSCTL_disableSYSPLL)
                  00001394    00000014     ti_msp_dl_config.o (.text.DL_SYSCTL_enableMFCLK)
                  000013a8    00000014     ti_msp_dl_config.o (.text.DL_Timer_enableClock)
                  000013bc    00000014     ti_msp_dl_config.o (.text.DL_Timer_setCCPDirection)
                  000013d0    00000014     openmv.o (.text.DL_UART_receiveData)
                  000013e4    00000014     test4.o (.text.DL_UART_receiveData)
                  000013f8    00000012     encoder.o (.text.DL_Timer_getPendingInterrupt)
                  0000140a    00000012     sonic.o (.text.DL_Timer_getPendingInterrupt)
                  0000141c    00000012     openmv.o (.text.DL_UART_getPendingInterrupt)
                  0000142e    00000012     test4.o (.text.DL_UART_getPendingInterrupt)
                  00001440    00000012     driverlib.a : dl_uart.o (.text.DL_UART_setClockConfig)
                  00001452    00000012     libc.a : memcpy16.S.obj (.text:TI_memcpy_small)
                  00001464    00000012            : copy_decompress_none.c.obj (.text:decompress:none)
                  00001476    00000002     --HOLE-- [fill = 0]
                  00001478    00000010     ti_msp_dl_config.o (.text.DL_SYSCTL_disableHFXT)
                  00001488    00000010     driverlib.a : dl_timer.o (.text.DL_Timer_setCaptureCompareValue)
                  00001498    0000000a                 : dl_common.o (.text.DL_Common_delayCycles)
                  000014a2    00000002     --HOLE-- [fill = 0]
                  000014a4    00000008     libclang_rt.builtins.a : aeabi_memcpy.S.obj (.text.__aeabi_memcpy)
                  000014ac    00000004     startup_mspm0g350x_ticlang.o (.text.Default_Handler)
                  000014b0    00000004     startup_mspm0g350x_ticlang.o (.text.Reset_Handler)
                  000014b4    00000004     libc.a : pre_init.c.obj (.text._system_pre_init)
                  000014b8    00000004            : exit.c.obj (.text:abort)
                  000014bc    00000004     --HOLE-- [fill = 0]

.cinit     0    00001560    00000030     
                  00001560    0000000c     (__TI_handler_table)
                  0000156c    00000008     (.cinit..bss.load) [load image, compression = zero_init]
                  00001574    00000008     (.cinit..data.load) [load image, compression = lzss]
                  0000157c    00000010     (__TI_cinit_table)
                  0000158c    00000004     --HOLE-- [fill = 0]

.rodata    0    000014c0    000000a0     
                  000014c0    00000014     ti_msp_dl_config.o (.rodata.gTIMER_EncoderTimerConfig)
                  000014d4    00000014     ti_msp_dl_config.o (.rodata.gTIMER_SonicTimerConfig)
                  000014e8    00000010     ti_msp_dl_config.o (.rodata.gENCODER_LCompareConfig)
                  000014f8    00000010     ti_msp_dl_config.o (.rodata.gENCODER_RCompareConfig)
                  00001508    0000000c     driverlib.a : dl_timer.o (.rodata..Lswitch.table.DL_Timer_initCompareMode.2)
                  00001514    0000000c                 : dl_timer.o (.rodata..Lswitch.table.DL_Timer_initCompareMode)
                  00001520    0000000a     ti_msp_dl_config.o (.rodata.gUART_BTConfig)
                  0000152a    0000000a     ti_msp_dl_config.o (.rodata.gUART_OPENMVConfig)
                  00001534    0000000a     ti_msp_dl_config.o (.rodata.gUART_SCREENConfig)
                  0000153e    00000002     ti_msp_dl_config.o (.rodata.gUART_BTClockConfig)
                  00001540    00000008     ti_msp_dl_config.o (.rodata.gMOTORConfig)
                  00001548    00000003     ti_msp_dl_config.o (.rodata.gENCODER_LClockConfig)
                  0000154b    00000003     ti_msp_dl_config.o (.rodata.gENCODER_RClockConfig)
                  0000154e    00000003     ti_msp_dl_config.o (.rodata.gMOTORClockConfig)
                  00001551    00000003     ti_msp_dl_config.o (.rodata.gTIMER_EncoderClockConfig)
                  00001554    00000003     ti_msp_dl_config.o (.rodata.gTIMER_SonicClockConfig)
                  00001557    00000002     ti_msp_dl_config.o (.rodata.gUART_OPENMVClockConfig)
                  00001559    00000002     ti_msp_dl_config.o (.rodata.gUART_SCREENClockConfig)
                  0000155b    00000005     --HOLE-- [fill = 0]

.init_array 
*          0    00000000    00000000     UNINITIALIZED

.binit     0    00000000    00000000     

.bss       0    20200000    000001fc     UNINITIALIZED
                  20200000    000000bc     (.common:gMOTORBackup)
                  202000bc    000000bc     (.common:gTIMER_EncoderBackup)
                  20200178    00000078     (.common:gENCODER_LBackup)
                  202001f0    00000004     (.common:OverFlowFlag)
                  202001f4    00000004     (.common:col)
                  202001f8    00000004     (.common:row)

.data      0    202001fc    0000002b     UNINITIALIZED
                  202001fc    00000007     openmv.o (.data.RxBuffer)
                  20200203    00000005     openmv.o (.data.uart_data)
                  20200208    00000004     test4.o (.data.KeyValue)
                  2020020c    00000004     encoder.o (.data.L)
                  20200210    00000004     encoder.o (.data.R)
                  20200214    00000004     openmv.o (.data.count1)
                  20200218    00000004     test4.o (.data.count2)
                  2020021c    00000004     encoder.o (.data.encoder_l)
                  20200220    00000004     encoder.o (.data.encoder_r)
                  20200224    00000003     test4.o (.data.Receive)

.stack     0    20207e00    00000200     UNINITIALIZED
                  20207e00    00000004     libc.a : boot_cortex_m.c.obj (.stack)
                  20207e04    000001fc     --HOLE--

__llvm_prf_cnts 
*          0    20200000    00000000     UNINITIALIZED

__llvm_prf_bits 
*          0    20200000    00000000     UNINITIALIZED

MODULE SUMMARY

       Module                         code   ro data   rw data
       ------                         ----   -------   -------
    .\
       ti_msp_dl_config.o             2218   131       496    
       test4.o                        402    0         11     
       startup_mspm0g350x_ticlang.o   8      192       0      
    +--+------------------------------+------+---------+---------+
       Total:                         2628   323       507    
                                                              
    .\USER\BLUETEETH\
       Blueteeth.o                    2      0         0      
    +--+------------------------------+------+---------+---------+
       Total:                         2      0         0      
                                                              
    .\USER\DELAY\
       delay.o                        22     0         0      
    +--+------------------------------+------+---------+---------+
       Total:                         22     0         0      
                                                              
    .\USER\ENCODER\
       encoder.o                      238    0         16     
    +--+------------------------------+------+---------+---------+
       Total:                         238    0         16     
                                                              
    .\USER\KEYBOARD\
       keyboard.o                     754    0         8      
    +--+------------------------------+------+---------+---------+
       Total:                         754    0         8      
                                                              
    .\USER\OPENMV\
       openmv.o                       206    0         16     
    +--+------------------------------+------+---------+---------+
       Total:                         206    0         16     
                                                              
    .\USER\SONIC\
       sonic.o                        54     0         4      
    +--+------------------------------+------+---------+---------+
       Total:                         54     0         4      
                                                              
    D:/CCS/SDK/mspm0_sdk_2_00_00_03/source/ti/driverlib/lib/ticlang/m0p/mspm0g1x0x_g3x0x/driverlib.a
       dl_timer.o                     812    24        0      
       dl_uart.o                      90     0         0      
       dl_common.o                    10     0         0      
    +--+------------------------------+------+---------+---------+
       Total:                         912    24        0      
                                                              
    D:\CCS\ccs\tools\compiler\ti-cgt-armllvm_3.2.2.LTS\lib\armv6m-ti-none-eabi/c/libc.a
       copy_decompress_lzss.c.obj     120    0         0      
       autoinit.c.obj                 60     0         0      
       boot_cortex_m.c.obj            40     0         0      
       copy_zero_init.c.obj           22     0         0      
       copy_decompress_none.c.obj     18     0         0      
       memcpy16.S.obj                 18     0         0      
       exit.c.obj                     4      0         0      
       pre_init.c.obj                 4      0         0      
    +--+------------------------------+------+---------+---------+
       Total:                         286    0         0      
                                                              
    D:\CCS\ccs\tools\compiler\ti-cgt-armllvm_3.2.2.LTS\lib\clang/15.0.7/lib/armv6m-ti-none-eabi/libclang_rt.builtins.a
       aeabi_memcpy.S.obj             8      0         0      
    +--+------------------------------+------+---------+---------+
       Total:                         8      0         0      
                                                              
       Stack:                         0      0         512    
       Linker Generated:              0      44        0      
    +--+------------------------------+------+---------+---------+
       Grand Total:                   5110   391       1063   


LINKER GENERATED COPY TABLES

__TI_cinit_table @ 0000157c records: 2, size/record: 8, table size: 16
	.bss: load addr=0000156c, load size=00000008 bytes, run addr=20200000, run size=000001fc bytes, compression=zero_init
	.data: load addr=00001574, load size=00000008 bytes, run addr=202001fc, run size=0000002b bytes, compression=lzss


LINKER GENERATED HANDLER TABLE

__TI_handler_table @ 00001560 records: 3, size/record: 4, table size: 12
	index: 0, handler: __TI_decompress_lzss
	index: 1, handler: __TI_decompress_none
	index: 2, handler: __TI_zero_init


GLOBAL SYMBOLS: SORTED ALPHABETICALLY BY Name 

address   name                            
-------   ----                            
000014ad  ADC0_IRQHandler                 
000014ad  ADC1_IRQHandler                 
000014ad  AES_IRQHandler                  
000014b8  C$$EXIT                         
000014ad  CANFD0_IRQHandler               
000014ad  DAC0_IRQHandler                 
00001499  DL_Common_delayCycles           
00000a09  DL_TimerA_initPWMMode           
000007c5  DL_Timer_initCompareMode        
0000063d  DL_Timer_initPWMMode            
00000485  DL_Timer_initTimerMode          
0000115d  DL_Timer_setCaptCompUpdateMethod
00001271  DL_Timer_setCaptureCompareOutCtl
00001489  DL_Timer_setCaptureCompareValue 
00001179  DL_Timer_setClockConfig         
00000d05  DL_UART_init                    
00001441  DL_UART_setClockConfig          
000014ad  DMA_IRQHandler                  
000014ad  Default_Handler                 
0000132d  Delay_ms                        
00000fa5  EncoderInit                     
000014ad  GROUP0_IRQHandler               
000014ad  GROUP1_IRQHandler               
000014ad  HardFault_Handler               
000014ad  I2C0_IRQHandler                 
000014ad  I2C1_IRQHandler                 
00000e05  KeyInit                         
20200208  KeyValue                        
2020020c  L                               
000014ad  NMI_Handler                     
202001f0  OverFlowFlag                    
000014ad  PendSV_Handler                  
20200210  R                               
000014ad  RTC_IRQHandler                  
20200224  Receive                         
000014b1  Reset_Handler                   
202001fc  RxBuffer                        
000014ad  SPI0_IRQHandler                 
000014ad  SPI1_IRQHandler                 
000014ad  SVC_Handler                     
00000ea1  SYSCFG_DL_ENCODER_L_init        
00000ecd  SYSCFG_DL_ENCODER_R_init        
00000339  SYSCFG_DL_GPIO_init             
0000056d  SYSCFG_DL_MOTOR_init            
00001089  SYSCFG_DL_SYSCTL_init           
00000d4d  SYSCFG_DL_TIMER_Encoder_init    
00000d8d  SYSCFG_DL_TIMER_Sonic_init      
00000b6d  SYSCFG_DL_UART_BT_init          
00000bc1  SYSCFG_DL_UART_OPENMV_init      
00000c15  SYSCFG_DL_UART_SCREEN_init      
00000c69  SYSCFG_DL_init                  
00000701  SYSCFG_DL_initPower             
000014ad  SysTick_Handler                 
000014ad  TIMA0_IRQHandler                
00000fcd  TIMA1_IRQHandler                
0000101d  TIMG0_IRQHandler                
000014ad  TIMG12_IRQHandler               
00001041  TIMG6_IRQHandler                
000014ad  TIMG7_IRQHandler                
00001065  TIMG8_IRQHandler                
00001453  TI_memcpy_small                 
000010ab  UART0_IRQHandler                
0000086d  UART1_IRQHandler                
00000af9  UART2_IRQHandler                
000014ad  UART3_IRQHandler                
20208000  __STACK_END                     
00000200  __STACK_SIZE                    
00000000  __TI_ATRegion0_region_sz        
00000000  __TI_ATRegion0_src_addr         
00000000  __TI_ATRegion0_trg_addr         
00000000  __TI_ATRegion1_region_sz        
00000000  __TI_ATRegion1_src_addr         
00000000  __TI_ATRegion1_trg_addr         
00000000  __TI_ATRegion2_region_sz        
00000000  __TI_ATRegion2_src_addr         
00000000  __TI_ATRegion2_trg_addr         
0000157c  __TI_CINIT_Base                 
0000158c  __TI_CINIT_Limit                
0000158c  __TI_CINIT_Warm                 
00001560  __TI_Handler_Table_Base         
0000156c  __TI_Handler_Table_Limit        
00000dc9  __TI_auto_init_nobinit_nopinit  
00000a81  __TI_decompress_lzss            
00001465  __TI_decompress_none            
ffffffff  __TI_pprof_out_hndl             
ffffffff  __TI_prof_data_size             
ffffffff  __TI_prof_data_start            
00000000  __TI_static_base__              
00001343  __TI_zero_init_nomemset         
000014a5  __aeabi_memcpy                  
000014a5  __aeabi_memcpy4                 
000014a5  __aeabi_memcpy8                 
ffffffff  __binit__                       
UNDEFED   __mpu_init                      
20207e00  __stack                         
20200000  __start___llvm_prf_bits         
20200000  __start___llvm_prf_cnts         
20200000  __stop___llvm_prf_bits          
20200000  __stop___llvm_prf_cnts          
00000ff5  _c_int00_noargs                 
UNDEFED   _system_post_cinit              
000014b5  _system_pre_init                
000014b9  abort                           
ffffffff  binit                           
202001f4  col                             
20200214  count1                          
20200218  count2                          
2020021c  encoder_l                       
20200220  encoder_r                       
20200178  gENCODER_LBackup                
20200000  gMOTORBackup                    
202000bc  gTIMER_EncoderBackup            
000000c1  getKey                          
00000000  interruptVectors                
000008fd  main                            
202001f8  row                             
20200203  uart_data                       


GLOBAL SYMBOLS: SORTED BY Symbol Address 

address   name                            
-------   ----                            
00000000  __TI_ATRegion0_region_sz        
00000000  __TI_ATRegion0_src_addr         
00000000  __TI_ATRegion0_trg_addr         
00000000  __TI_ATRegion1_region_sz        
00000000  __TI_ATRegion1_src_addr         
00000000  __TI_ATRegion1_trg_addr         
00000000  __TI_ATRegion2_region_sz        
00000000  __TI_ATRegion2_src_addr         
00000000  __TI_ATRegion2_trg_addr         
00000000  __TI_static_base__              
00000000  interruptVectors                
000000c1  getKey                          
00000200  __STACK_SIZE                    
00000339  SYSCFG_DL_GPIO_init             
00000485  DL_Timer_initTimerMode          
0000056d  SYSCFG_DL_MOTOR_init            
0000063d  DL_Timer_initPWMMode            
00000701  SYSCFG_DL_initPower             
000007c5  DL_Timer_initCompareMode        
0000086d  UART1_IRQHandler                
000008fd  main                            
00000a09  DL_TimerA_initPWMMode           
00000a81  __TI_decompress_lzss            
00000af9  UART2_IRQHandler                
00000b6d  SYSCFG_DL_UART_BT_init          
00000bc1  SYSCFG_DL_UART_OPENMV_init      
00000c15  SYSCFG_DL_UART_SCREEN_init      
00000c69  SYSCFG_DL_init                  
00000d05  DL_UART_init                    
00000d4d  SYSCFG_DL_TIMER_Encoder_init    
00000d8d  SYSCFG_DL_TIMER_Sonic_init      
00000dc9  __TI_auto_init_nobinit_nopinit  
00000e05  KeyInit                         
00000ea1  SYSCFG_DL_ENCODER_L_init        
00000ecd  SYSCFG_DL_ENCODER_R_init        
00000fa5  EncoderInit                     
00000fcd  TIMA1_IRQHandler                
00000ff5  _c_int00_noargs                 
0000101d  TIMG0_IRQHandler                
00001041  TIMG6_IRQHandler                
00001065  TIMG8_IRQHandler                
00001089  SYSCFG_DL_SYSCTL_init           
000010ab  UART0_IRQHandler                
0000115d  DL_Timer_setCaptCompUpdateMethod
00001179  DL_Timer_setClockConfig         
00001271  DL_Timer_setCaptureCompareOutCtl
0000132d  Delay_ms                        
00001343  __TI_zero_init_nomemset         
00001441  DL_UART_setClockConfig          
00001453  TI_memcpy_small                 
00001465  __TI_decompress_none            
00001489  DL_Timer_setCaptureCompareValue 
00001499  DL_Common_delayCycles           
000014a5  __aeabi_memcpy                  
000014a5  __aeabi_memcpy4                 
000014a5  __aeabi_memcpy8                 
000014ad  ADC0_IRQHandler                 
000014ad  ADC1_IRQHandler                 
000014ad  AES_IRQHandler                  
000014ad  CANFD0_IRQHandler               
000014ad  DAC0_IRQHandler                 
000014ad  DMA_IRQHandler                  
000014ad  Default_Handler                 
000014ad  GROUP0_IRQHandler               
000014ad  GROUP1_IRQHandler               
000014ad  HardFault_Handler               
000014ad  I2C0_IRQHandler                 
000014ad  I2C1_IRQHandler                 
000014ad  NMI_Handler                     
000014ad  PendSV_Handler                  
000014ad  RTC_IRQHandler                  
000014ad  SPI0_IRQHandler                 
000014ad  SPI1_IRQHandler                 
000014ad  SVC_Handler                     
000014ad  SysTick_Handler                 
000014ad  TIMA0_IRQHandler                
000014ad  TIMG12_IRQHandler               
000014ad  TIMG7_IRQHandler                
000014ad  UART3_IRQHandler                
000014b1  Reset_Handler                   
000014b5  _system_pre_init                
000014b8  C$$EXIT                         
000014b9  abort                           
00001560  __TI_Handler_Table_Base         
0000156c  __TI_Handler_Table_Limit        
0000157c  __TI_CINIT_Base                 
0000158c  __TI_CINIT_Limit                
0000158c  __TI_CINIT_Warm                 
20200000  __start___llvm_prf_bits         
20200000  __start___llvm_prf_cnts         
20200000  __stop___llvm_prf_bits          
20200000  __stop___llvm_prf_cnts          
20200000  gMOTORBackup                    
202000bc  gTIMER_EncoderBackup            
20200178  gENCODER_LBackup                
202001f0  OverFlowFlag                    
202001f4  col                             
202001f8  row                             
202001fc  RxBuffer                        
20200203  uart_data                       
20200208  KeyValue                        
2020020c  L                               
20200210  R                               
20200214  count1                          
20200218  count2                          
2020021c  encoder_l                       
20200220  encoder_r                       
20200224  Receive                         
20207e00  __stack                         
20208000  __STACK_END                     
ffffffff  __TI_pprof_out_hndl             
ffffffff  __TI_prof_data_size             
ffffffff  __TI_prof_data_start            
ffffffff  __binit__                       
ffffffff  binit                           
UNDEFED   __mpu_init                      
UNDEFED   _system_post_cinit              

[117 symbols]
