<?xml version="1.0" encoding="ISO-8859-1" ?>
<link_info>
   <banner>TI ARM Clang Linker PC v3.2.2.LTS</banner>
   <copyright>Copyright (c) 1996-2018 Texas Instruments Incorporated</copyright>
   <link_time>0x66a071de</link_time>
   <link_errors>0x0</link_errors>
   <output_file>D:\TI\PROJECT\test4\Debug\test4.out</output_file>
   <entry_point>
      <name>_c_int00_noargs</name>
      <address>0xff5</address>
   </entry_point>
   <input_file_list>
      <input_file id="fl-1">
         <path>D:\TI\PROJECT\test4\Debug\.\</path>
         <kind>object</kind>
         <file>test4.o</file>
         <name>test4.o</name>
      </input_file>
      <input_file id="fl-2">
         <path>D:\TI\PROJECT\test4\Debug\.\</path>
         <kind>object</kind>
         <file>ti_msp_dl_config.o</file>
         <name>ti_msp_dl_config.o</name>
      </input_file>
      <input_file id="fl-3">
         <path>D:\TI\PROJECT\test4\Debug\.\</path>
         <kind>object</kind>
         <file>startup_mspm0g350x_ticlang.o</file>
         <name>startup_mspm0g350x_ticlang.o</name>
      </input_file>
      <input_file id="fl-4">
         <path>D:\TI\PROJECT\test4\Debug\.\USER\BLUETEETH\</path>
         <kind>object</kind>
         <file>Blueteeth.o</file>
         <name>Blueteeth.o</name>
      </input_file>
      <input_file id="fl-5">
         <path>D:\TI\PROJECT\test4\Debug\.\USER\DELAY\</path>
         <kind>object</kind>
         <file>delay.o</file>
         <name>delay.o</name>
      </input_file>
      <input_file id="fl-6">
         <path>D:\TI\PROJECT\test4\Debug\.\USER\ENCODER\</path>
         <kind>object</kind>
         <file>encoder.o</file>
         <name>encoder.o</name>
      </input_file>
      <input_file id="fl-7">
         <path>D:\TI\PROJECT\test4\Debug\.\USER\KEYBOARD\</path>
         <kind>object</kind>
         <file>keyboard.o</file>
         <name>keyboard.o</name>
      </input_file>
      <input_file id="fl-8">
         <path>D:\TI\PROJECT\test4\Debug\.\USER\MOTOR\</path>
         <kind>object</kind>
         <file>motor.o</file>
         <name>motor.o</name>
      </input_file>
      <input_file id="fl-9">
         <path>D:\TI\PROJECT\test4\Debug\.\USER\OPENMV\</path>
         <kind>object</kind>
         <file>openmv.o</file>
         <name>openmv.o</name>
      </input_file>
      <input_file id="fl-a">
         <path>D:\TI\PROJECT\test4\Debug\.\USER\PRINT\</path>
         <kind>object</kind>
         <file>print.o</file>
         <name>print.o</name>
      </input_file>
      <input_file id="fl-b">
         <path>D:\TI\PROJECT\test4\Debug\.\USER\SONIC\</path>
         <kind>object</kind>
         <file>sonic.o</file>
         <name>sonic.o</name>
      </input_file>
      <input_file id="fl-18">
         <path>D:\TI\PROJECT\test4\Debug\</path>
         <kind>object</kind>
         <file>&lt;internal&gt;</file>
         <name>&lt;internal&gt;</name>
      </input_file>
      <input_file id="fl-19">
         <path>D:\CCS\SDK\mspm0_sdk_2_00_00_03\source\ti\driverlib\lib\ticlang\m0p\mspm0g1x0x_g3x0x\</path>
         <kind>archive</kind>
         <file>driverlib.a</file>
         <name>dl_common.o</name>
      </input_file>
      <input_file id="fl-1a">
         <path>D:\CCS\SDK\mspm0_sdk_2_00_00_03\source\ti\driverlib\lib\ticlang\m0p\mspm0g1x0x_g3x0x\</path>
         <kind>archive</kind>
         <file>driverlib.a</file>
         <name>dl_timer.o</name>
      </input_file>
      <input_file id="fl-1b">
         <path>D:\CCS\SDK\mspm0_sdk_2_00_00_03\source\ti\driverlib\lib\ticlang\m0p\mspm0g1x0x_g3x0x\</path>
         <kind>archive</kind>
         <file>driverlib.a</file>
         <name>dl_uart.o</name>
      </input_file>
      <input_file id="fl-2a">
         <path>D:\CCS\ccs\tools\compiler\ti-cgt-armllvm_3.2.2.LTS\lib\armv6m-ti-none-eabi\c\</path>
         <kind>archive</kind>
         <file>libc.a</file>
         <name>defs.c.obj</name>
      </input_file>
      <input_file id="fl-2b">
         <path>D:\CCS\ccs\tools\compiler\ti-cgt-armllvm_3.2.2.LTS\lib\armv6m-ti-none-eabi\c\</path>
         <kind>archive</kind>
         <file>libc.a</file>
         <name>strlen.c.obj</name>
      </input_file>
      <input_file id="fl-2c">
         <path>D:\CCS\ccs\tools\compiler\ti-cgt-armllvm_3.2.2.LTS\lib\armv6m-ti-none-eabi\c\</path>
         <kind>archive</kind>
         <file>libc.a</file>
         <name>boot_cortex_m.c.obj</name>
      </input_file>
      <input_file id="fl-2d">
         <path>D:\CCS\ccs\tools\compiler\ti-cgt-armllvm_3.2.2.LTS\lib\armv6m-ti-none-eabi\c\</path>
         <kind>archive</kind>
         <file>libc.a</file>
         <name>mathacl_init.c.obj</name>
      </input_file>
      <input_file id="fl-2e">
         <path>D:\CCS\ccs\tools\compiler\ti-cgt-armllvm_3.2.2.LTS\lib\armv6m-ti-none-eabi\c\</path>
         <kind>archive</kind>
         <file>libc.a</file>
         <name>autoinit.c.obj</name>
      </input_file>
      <input_file id="fl-2f">
         <path>D:\CCS\ccs\tools\compiler\ti-cgt-armllvm_3.2.2.LTS\lib\armv6m-ti-none-eabi\c\</path>
         <kind>archive</kind>
         <file>libc.a</file>
         <name>pre_init.c.obj</name>
      </input_file>
      <input_file id="fl-30">
         <path>D:\CCS\ccs\tools\compiler\ti-cgt-armllvm_3.2.2.LTS\lib\armv6m-ti-none-eabi\c\</path>
         <kind>archive</kind>
         <file>libc.a</file>
         <name>cpy_tbl.c.obj</name>
      </input_file>
      <input_file id="fl-31">
         <path>D:\CCS\ccs\tools\compiler\ti-cgt-armllvm_3.2.2.LTS\lib\armv6m-ti-none-eabi\c\</path>
         <kind>archive</kind>
         <file>libc.a</file>
         <name>copy_zero_init.c.obj</name>
      </input_file>
      <input_file id="fl-32">
         <path>D:\CCS\ccs\tools\compiler\ti-cgt-armllvm_3.2.2.LTS\lib\armv6m-ti-none-eabi\c\</path>
         <kind>archive</kind>
         <file>libc.a</file>
         <name>copy_decompress_none.c.obj</name>
      </input_file>
      <input_file id="fl-33">
         <path>D:\CCS\ccs\tools\compiler\ti-cgt-armllvm_3.2.2.LTS\lib\armv6m-ti-none-eabi\c\</path>
         <kind>archive</kind>
         <file>libc.a</file>
         <name>copy_decompress_lzss.c.obj</name>
      </input_file>
      <input_file id="fl-34">
         <path>D:\CCS\ccs\tools\compiler\ti-cgt-armllvm_3.2.2.LTS\lib\armv6m-ti-none-eabi\c\</path>
         <kind>archive</kind>
         <file>libc.a</file>
         <name>exit.c.obj</name>
      </input_file>
      <input_file id="fl-35">
         <path>D:\CCS\ccs\tools\compiler\ti-cgt-armllvm_3.2.2.LTS\lib\armv6m-ti-none-eabi\c\</path>
         <kind>archive</kind>
         <file>libc.a</file>
         <name>_lock.c.obj</name>
      </input_file>
      <input_file id="fl-36">
         <path>D:\CCS\ccs\tools\compiler\ti-cgt-armllvm_3.2.2.LTS\lib\armv6m-ti-none-eabi\c\</path>
         <kind>archive</kind>
         <file>libc.a</file>
         <name>args_main.c.obj</name>
      </input_file>
      <input_file id="fl-9c">
         <path>D:\CCS\ccs\tools\compiler\ti-cgt-armllvm_3.2.2.LTS\lib\clang\15.0.7\lib\armv6m-ti-none-eabi\</path>
         <kind>archive</kind>
         <file>libclang_rt.builtins.a</file>
         <name>muldf3.S.obj</name>
      </input_file>
      <input_file id="fl-9d">
         <path>D:\CCS\ccs\tools\compiler\ti-cgt-armllvm_3.2.2.LTS\lib\clang\15.0.7\lib\armv6m-ti-none-eabi\</path>
         <kind>archive</kind>
         <file>libclang_rt.builtins.a</file>
         <name>muldsi3.S.obj</name>
      </input_file>
      <input_file id="fl-9e">
         <path>D:\CCS\ccs\tools\compiler\ti-cgt-armllvm_3.2.2.LTS\lib\clang\15.0.7\lib\armv6m-ti-none-eabi\</path>
         <kind>archive</kind>
         <file>libclang_rt.builtins.a</file>
         <name>fixunsdfsi.S.obj</name>
      </input_file>
      <input_file id="fl-9f">
         <path>D:\CCS\ccs\tools\compiler\ti-cgt-armllvm_3.2.2.LTS\lib\clang\15.0.7\lib\armv6m-ti-none-eabi\</path>
         <kind>archive</kind>
         <file>libclang_rt.builtins.a</file>
         <name>floatunsidf.S.obj</name>
      </input_file>
      <input_file id="fl-a0">
         <path>D:\CCS\ccs\tools\compiler\ti-cgt-armllvm_3.2.2.LTS\lib\clang\15.0.7\lib\armv6m-ti-none-eabi\</path>
         <kind>archive</kind>
         <file>libclang_rt.builtins.a</file>
         <name>aeabi_memcpy.S.obj</name>
      </input_file>
      <input_file id="fl-a1">
         <path>D:\CCS\ccs\tools\compiler\ti-cgt-armllvm_3.2.2.LTS\lib\clang\15.0.7\lib\armv6m-ti-none-eabi\</path>
         <kind>archive</kind>
         <file>libclang_rt.builtins.a</file>
         <name>aeabi_memset.S.obj</name>
      </input_file>
      <input_file id="fl-a2">
         <path>D:\CCS\ccs\tools\compiler\ti-cgt-armllvm_3.2.2.LTS\lib\clang\15.0.7\lib\armv6m-ti-none-eabi\</path>
         <kind>archive</kind>
         <file>libclang_rt.builtins.a</file>
         <name>aeabi_uidivmod.S.obj</name>
      </input_file>
      <input_file id="fl-a3">
         <path>D:\CCS\ccs\tools\compiler\ti-cgt-armllvm_3.2.2.LTS\lib\clang\15.0.7\lib\armv6m-ti-none-eabi\</path>
         <kind>archive</kind>
         <file>libclang_rt.builtins.a</file>
         <name>aeabi_div0.c.obj</name>
      </input_file>
      <input_file id="fl-a4">
         <path>D:\CCS\ccs\tools\compiler\ti-cgt-armllvm_3.2.2.LTS\lib\armv6m-ti-none-eabi\c\</path>
         <kind>archive</kind>
         <file>libc.a</file>
         <name>memcpy16.S.obj</name>
      </input_file>
      <input_file id="fl-a5">
         <path>D:\CCS\ccs\tools\compiler\ti-cgt-armllvm_3.2.2.LTS\lib\armv6m-ti-none-eabi\c\</path>
         <kind>archive</kind>
         <file>libc.a</file>
         <name>memset16.S.obj</name>
      </input_file>
   </input_file_list>
   <object_component_list>
      <object_component id="oc-18">
         <name>.intvecs</name>
         <load_address>0x0</load_address>
         <readonly>true</readonly>
         <run_address>0x0</run_address>
         <size>0xc0</size>
         <alignment>0x4</alignment>
         <input_file_ref idref="fl-3"/>
      </object_component>
      <object_component id="oc-bb">
         <name>.text.getKey</name>
         <load_address>0xc0</load_address>
         <readonly>true</readonly>
         <executable>true</executable>
         <run_address>0xc0</run_address>
         <size>0x278</size>
         <alignment>0x4</alignment>
         <input_file_ref idref="fl-7"/>
      </object_component>
      <object_component id="oc-de">
         <name>.text.SYSCFG_DL_GPIO_init</name>
         <load_address>0x338</load_address>
         <readonly>true</readonly>
         <executable>true</executable>
         <run_address>0x338</run_address>
         <size>0x14c</size>
         <alignment>0x4</alignment>
         <input_file_ref idref="fl-2"/>
      </object_component>
      <object_component id="oc-131">
         <name>.text.DL_Timer_initTimerMode</name>
         <load_address>0x484</load_address>
         <readonly>true</readonly>
         <executable>true</executable>
         <run_address>0x484</run_address>
         <size>0xe8</size>
         <alignment>0x4</alignment>
         <input_file_ref idref="fl-1a"/>
      </object_component>
      <object_component id="oc-e0">
         <name>.text.SYSCFG_DL_MOTOR_init</name>
         <load_address>0x56c</load_address>
         <readonly>true</readonly>
         <executable>true</executable>
         <run_address>0x56c</run_address>
         <size>0xd0</size>
         <alignment>0x4</alignment>
         <input_file_ref idref="fl-2"/>
      </object_component>
      <object_component id="oc-15a">
         <name>.text.DL_Timer_initPWMMode</name>
         <load_address>0x63c</load_address>
         <readonly>true</readonly>
         <executable>true</executable>
         <run_address>0x63c</run_address>
         <size>0xc4</size>
         <alignment>0x4</alignment>
         <input_file_ref idref="fl-1a"/>
      </object_component>
      <object_component id="oc-dd">
         <name>.text.SYSCFG_DL_initPower</name>
         <load_address>0x700</load_address>
         <readonly>true</readonly>
         <executable>true</executable>
         <run_address>0x700</run_address>
         <size>0xc4</size>
         <alignment>0x4</alignment>
         <input_file_ref idref="fl-2"/>
      </object_component>
      <object_component id="oc-12c">
         <name>.text.DL_Timer_initCompareMode</name>
         <load_address>0x7c4</load_address>
         <readonly>true</readonly>
         <executable>true</executable>
         <run_address>0x7c4</run_address>
         <size>0xa8</size>
         <alignment>0x4</alignment>
         <input_file_ref idref="fl-1a"/>
      </object_component>
      <object_component id="oc-39">
         <name>.text.UART1_IRQHandler</name>
         <load_address>0x86c</load_address>
         <readonly>true</readonly>
         <executable>true</executable>
         <run_address>0x86c</run_address>
         <size>0x90</size>
         <alignment>0x4</alignment>
         <input_file_ref idref="fl-9"/>
      </object_component>
      <object_component id="oc-99">
         <name>.text.main</name>
         <load_address>0x8fc</load_address>
         <readonly>true</readonly>
         <executable>true</executable>
         <run_address>0x8fc</run_address>
         <size>0x88</size>
         <alignment>0x4</alignment>
         <input_file_ref idref="fl-1"/>
      </object_component>
      <object_component id="oc-133">
         <name>.text.__NVIC_SetPriority</name>
         <load_address>0x984</load_address>
         <readonly>true</readonly>
         <executable>true</executable>
         <run_address>0x984</run_address>
         <size>0x84</size>
         <alignment>0x4</alignment>
         <input_file_ref idref="fl-2"/>
      </object_component>
      <object_component id="oc-124">
         <name>.text.DL_TimerA_initPWMMode</name>
         <load_address>0xa08</load_address>
         <readonly>true</readonly>
         <executable>true</executable>
         <run_address>0xa08</run_address>
         <size>0x78</size>
         <alignment>0x4</alignment>
         <input_file_ref idref="fl-1a"/>
      </object_component>
      <object_component id="oc-1c">
         <name>.text:decompress:lzss</name>
         <load_address>0xa80</load_address>
         <readonly>true</readonly>
         <executable>true</executable>
         <run_address>0xa80</run_address>
         <size>0x78</size>
         <alignment>0x4</alignment>
         <input_file_ref idref="fl-33"/>
      </object_component>
      <object_component id="oc-3e">
         <name>.text.UART2_IRQHandler</name>
         <load_address>0xaf8</load_address>
         <readonly>true</readonly>
         <executable>true</executable>
         <run_address>0xaf8</run_address>
         <size>0x74</size>
         <alignment>0x4</alignment>
         <input_file_ref idref="fl-1"/>
      </object_component>
      <object_component id="oc-e5">
         <name>.text.SYSCFG_DL_UART_BT_init</name>
         <load_address>0xb6c</load_address>
         <readonly>true</readonly>
         <executable>true</executable>
         <run_address>0xb6c</run_address>
         <size>0x54</size>
         <alignment>0x4</alignment>
         <input_file_ref idref="fl-2"/>
      </object_component>
      <object_component id="oc-e6">
         <name>.text.SYSCFG_DL_UART_OPENMV_init</name>
         <load_address>0xbc0</load_address>
         <readonly>true</readonly>
         <executable>true</executable>
         <run_address>0xbc0</run_address>
         <size>0x54</size>
         <alignment>0x4</alignment>
         <input_file_ref idref="fl-2"/>
      </object_component>
      <object_component id="oc-e7">
         <name>.text.SYSCFG_DL_UART_SCREEN_init</name>
         <load_address>0xc14</load_address>
         <readonly>true</readonly>
         <executable>true</executable>
         <run_address>0xc14</run_address>
         <size>0x54</size>
         <alignment>0x4</alignment>
         <input_file_ref idref="fl-2"/>
      </object_component>
      <object_component id="oc-ae">
         <name>.text.SYSCFG_DL_init</name>
         <load_address>0xc68</load_address>
         <readonly>true</readonly>
         <executable>true</executable>
         <run_address>0xc68</run_address>
         <size>0x50</size>
         <alignment>0x4</alignment>
         <input_file_ref idref="fl-2"/>
      </object_component>
      <object_component id="oc-140">
         <name>.text.DL_UART_setBaudRateDivisor</name>
         <load_address>0xcb8</load_address>
         <readonly>true</readonly>
         <executable>true</executable>
         <run_address>0xcb8</run_address>
         <size>0x4c</size>
         <alignment>0x4</alignment>
         <input_file_ref idref="fl-2"/>
      </object_component>
      <object_component id="oc-13e">
         <name>.text.DL_UART_init</name>
         <load_address>0xd04</load_address>
         <readonly>true</readonly>
         <executable>true</executable>
         <run_address>0xd04</run_address>
         <size>0x48</size>
         <alignment>0x4</alignment>
         <input_file_ref idref="fl-1b"/>
      </object_component>
      <object_component id="oc-e4">
         <name>.text.SYSCFG_DL_TIMER_Encoder_init</name>
         <load_address>0xd4c</load_address>
         <readonly>true</readonly>
         <executable>true</executable>
         <run_address>0xd4c</run_address>
         <size>0x40</size>
         <alignment>0x4</alignment>
         <input_file_ref idref="fl-2"/>
      </object_component>
      <object_component id="oc-e3">
         <name>.text.SYSCFG_DL_TIMER_Sonic_init</name>
         <load_address>0xd8c</load_address>
         <readonly>true</readonly>
         <executable>true</executable>
         <run_address>0xd8c</run_address>
         <size>0x3c</size>
         <alignment>0x4</alignment>
         <input_file_ref idref="fl-2"/>
      </object_component>
      <object_component id="oc-c4">
         <name>.text:__TI_auto_init_nobinit_nopinit</name>
         <load_address>0xdc8</load_address>
         <readonly>true</readonly>
         <executable>true</executable>
         <run_address>0xdc8</run_address>
         <size>0x3c</size>
         <alignment>0x4</alignment>
         <input_file_ref idref="fl-2e"/>
      </object_component>
      <object_component id="oc-b3">
         <name>.text.KeyInit</name>
         <load_address>0xe04</load_address>
         <readonly>true</readonly>
         <executable>true</executable>
         <run_address>0xe04</run_address>
         <size>0x38</size>
         <alignment>0x4</alignment>
         <input_file_ref idref="fl-7"/>
      </object_component>
      <object_component id="oc-116">
         <name>.text.DL_GPIO_initDigitalInputFeatures</name>
         <load_address>0xe3c</load_address>
         <readonly>true</readonly>
         <executable>true</executable>
         <run_address>0xe3c</run_address>
         <size>0x34</size>
         <alignment>0x4</alignment>
         <input_file_ref idref="fl-2"/>
      </object_component>
      <object_component id="oc-117">
         <name>.text.DL_GPIO_initDigitalOutputFeatures</name>
         <load_address>0xe70</load_address>
         <readonly>true</readonly>
         <executable>true</executable>
         <run_address>0xe70</run_address>
         <size>0x30</size>
         <alignment>0x4</alignment>
         <input_file_ref idref="fl-2"/>
      </object_component>
      <object_component id="oc-e1">
         <name>.text.SYSCFG_DL_ENCODER_L_init</name>
         <load_address>0xea0</load_address>
         <readonly>true</readonly>
         <executable>true</executable>
         <run_address>0xea0</run_address>
         <size>0x2c</size>
         <alignment>0x4</alignment>
         <input_file_ref idref="fl-2"/>
      </object_component>
      <object_component id="oc-e2">
         <name>.text.SYSCFG_DL_ENCODER_R_init</name>
         <load_address>0xecc</load_address>
         <readonly>true</readonly>
         <executable>true</executable>
         <run_address>0xecc</run_address>
         <size>0x2c</size>
         <alignment>0x4</alignment>
         <input_file_ref idref="fl-2"/>
      </object_component>
      <object_component id="oc-b9">
         <name>.text.__NVIC_ClearPendingIRQ</name>
         <load_address>0xef8</load_address>
         <readonly>true</readonly>
         <executable>true</executable>
         <run_address>0xef8</run_address>
         <size>0x2c</size>
         <alignment>0x4</alignment>
         <input_file_ref idref="fl-1"/>
      </object_component>
      <object_component id="oc-f0">
         <name>.text.__NVIC_EnableIRQ</name>
         <load_address>0xf24</load_address>
         <readonly>true</readonly>
         <executable>true</executable>
         <run_address>0xf24</run_address>
         <size>0x2c</size>
         <alignment>0x4</alignment>
         <input_file_ref idref="fl-6"/>
      </object_component>
      <object_component id="oc-ba">
         <name>.text.__NVIC_EnableIRQ</name>
         <load_address>0xf50</load_address>
         <readonly>true</readonly>
         <executable>true</executable>
         <run_address>0xf50</run_address>
         <size>0x2c</size>
         <alignment>0x4</alignment>
         <input_file_ref idref="fl-1"/>
      </object_component>
      <object_component id="oc-157">
         <name>.text.DL_Common_updateReg</name>
         <load_address>0xf7c</load_address>
         <readonly>true</readonly>
         <executable>true</executable>
         <run_address>0xf7c</run_address>
         <size>0x28</size>
         <alignment>0x2</alignment>
         <input_file_ref idref="fl-2"/>
      </object_component>
      <object_component id="oc-b8">
         <name>.text.EncoderInit</name>
         <load_address>0xfa4</load_address>
         <readonly>true</readonly>
         <executable>true</executable>
         <run_address>0xfa4</run_address>
         <size>0x28</size>
         <alignment>0x4</alignment>
         <input_file_ref idref="fl-6"/>
      </object_component>
      <object_component id="oc-4d">
         <name>.text.TIMA1_IRQHandler</name>
         <load_address>0xfcc</load_address>
         <readonly>true</readonly>
         <executable>true</executable>
         <run_address>0xfcc</run_address>
         <size>0x28</size>
         <alignment>0x4</alignment>
         <input_file_ref idref="fl-6"/>
      </object_component>
      <object_component id="oc-69">
         <name>.text:_c_int00_noargs</name>
         <load_address>0xff4</load_address>
         <readonly>true</readonly>
         <executable>true</executable>
         <run_address>0xff4</run_address>
         <size>0x28</size>
         <alignment>0x4</alignment>
         <input_file_ref idref="fl-2c"/>
      </object_component>
      <object_component id="oc-47">
         <name>.text.TIMG0_IRQHandler</name>
         <load_address>0x101c</load_address>
         <readonly>true</readonly>
         <executable>true</executable>
         <run_address>0x101c</run_address>
         <size>0x24</size>
         <alignment>0x4</alignment>
         <input_file_ref idref="fl-b"/>
      </object_component>
      <object_component id="oc-4c">
         <name>.text.TIMG6_IRQHandler</name>
         <load_address>0x1040</load_address>
         <readonly>true</readonly>
         <executable>true</executable>
         <run_address>0x1040</run_address>
         <size>0x24</size>
         <alignment>0x4</alignment>
         <input_file_ref idref="fl-6"/>
      </object_component>
      <object_component id="oc-34">
         <name>.text.TIMG8_IRQHandler</name>
         <load_address>0x1064</load_address>
         <readonly>true</readonly>
         <executable>true</executable>
         <run_address>0x1064</run_address>
         <size>0x24</size>
         <alignment>0x4</alignment>
         <input_file_ref idref="fl-6"/>
      </object_component>
      <object_component id="oc-df">
         <name>.text.SYSCFG_DL_SYSCTL_init</name>
         <load_address>0x1088</load_address>
         <readonly>true</readonly>
         <executable>true</executable>
         <run_address>0x1088</run_address>
         <size>0x22</size>
         <alignment>0x2</alignment>
         <input_file_ref idref="fl-2"/>
      </object_component>
      <object_component id="oc-43">
         <name>.text.UART0_IRQHandler</name>
         <load_address>0x10aa</load_address>
         <readonly>true</readonly>
         <executable>true</executable>
         <run_address>0x10aa</run_address>
         <size>0x2</size>
         <alignment>0x2</alignment>
         <input_file_ref idref="fl-4"/>
      </object_component>
      <object_component id="oc-113">
         <name>.text.DL_GPIO_initPeripheralInputFunction</name>
         <load_address>0x10ac</load_address>
         <readonly>true</readonly>
         <executable>true</executable>
         <run_address>0x10ac</run_address>
         <size>0x20</size>
         <alignment>0x4</alignment>
         <input_file_ref idref="fl-2"/>
      </object_component>
      <object_component id="oc-13f">
         <name>.text.DL_UART_setOversampling</name>
         <load_address>0x10cc</load_address>
         <readonly>true</readonly>
         <executable>true</executable>
         <run_address>0x10cc</run_address>
         <size>0x1e</size>
         <alignment>0x2</alignment>
         <input_file_ref idref="fl-2"/>
      </object_component>
      <object_component id="oc-115">
         <name>.text.DL_GPIO_initDigitalInput</name>
         <load_address>0x10ec</load_address>
         <readonly>true</readonly>
         <executable>true</executable>
         <run_address>0x10ec</run_address>
         <size>0x1c</size>
         <alignment>0x4</alignment>
         <input_file_ref idref="fl-2"/>
      </object_component>
      <object_component id="oc-111">
         <name>.text.DL_GPIO_initPeripheralOutputFunction</name>
         <load_address>0x1108</load_address>
         <readonly>true</readonly>
         <executable>true</executable>
         <run_address>0x1108</run_address>
         <size>0x1c</size>
         <alignment>0x4</alignment>
         <input_file_ref idref="fl-2"/>
      </object_component>
      <object_component id="oc-11a">
         <name>.text.DL_SYSCTL_setSYSOSCFreq</name>
         <load_address>0x1124</load_address>
         <readonly>true</readonly>
         <executable>true</executable>
         <run_address>0x1124</run_address>
         <size>0x1c</size>
         <alignment>0x4</alignment>
         <input_file_ref idref="fl-2"/>
      </object_component>
      <object_component id="oc-132">
         <name>.text.DL_Timer_enableInterrupt</name>
         <load_address>0x1140</load_address>
         <readonly>true</readonly>
         <executable>true</executable>
         <run_address>0x1140</run_address>
         <size>0x1c</size>
         <alignment>0x4</alignment>
         <input_file_ref idref="fl-2"/>
      </object_component>
      <object_component id="oc-127">
         <name>.text.DL_Timer_setCaptCompUpdateMethod</name>
         <load_address>0x115c</load_address>
         <readonly>true</readonly>
         <executable>true</executable>
         <run_address>0x115c</run_address>
         <size>0x1c</size>
         <alignment>0x4</alignment>
         <input_file_ref idref="fl-1a"/>
      </object_component>
      <object_component id="oc-11e">
         <name>.text.DL_Timer_setClockConfig</name>
         <load_address>0x1178</load_address>
         <readonly>true</readonly>
         <executable>true</executable>
         <run_address>0x1178</run_address>
         <size>0x1c</size>
         <alignment>0x4</alignment>
         <input_file_ref idref="fl-1a"/>
      </object_component>
      <object_component id="oc-141">
         <name>.text.DL_UART_enableInterrupt</name>
         <load_address>0x1194</load_address>
         <readonly>true</readonly>
         <executable>true</executable>
         <run_address>0x1194</run_address>
         <size>0x1c</size>
         <alignment>0x4</alignment>
         <input_file_ref idref="fl-2"/>
      </object_component>
      <object_component id="oc-112">
         <name>.text.DL_GPIO_enableOutput</name>
         <load_address>0x11b0</load_address>
         <readonly>true</readonly>
         <executable>true</executable>
         <run_address>0x11b0</run_address>
         <size>0x18</size>
         <alignment>0x4</alignment>
         <input_file_ref idref="fl-2"/>
      </object_component>
      <object_component id="oc-10a">
         <name>.text.DL_GPIO_enablePower</name>
         <load_address>0x11c8</load_address>
         <readonly>true</readonly>
         <executable>true</executable>
         <run_address>0x11c8</run_address>
         <size>0x18</size>
         <alignment>0x4</alignment>
         <input_file_ref idref="fl-2"/>
      </object_component>
      <object_component id="oc-114">
         <name>.text.DL_GPIO_initDigitalOutput</name>
         <load_address>0x11e0</load_address>
         <readonly>true</readonly>
         <executable>true</executable>
         <run_address>0x11e0</run_address>
         <size>0x18</size>
         <alignment>0x4</alignment>
         <input_file_ref idref="fl-2"/>
      </object_component>
      <object_component id="oc-107">
         <name>.text.DL_GPIO_reset</name>
         <load_address>0x11f8</load_address>
         <readonly>true</readonly>
         <executable>true</executable>
         <run_address>0x11f8</run_address>
         <size>0x18</size>
         <alignment>0x4</alignment>
         <input_file_ref idref="fl-2"/>
      </object_component>
      <object_component id="oc-ed">
         <name>.text.DL_GPIO_setPins</name>
         <load_address>0x1210</load_address>
         <readonly>true</readonly>
         <executable>true</executable>
         <run_address>0x1210</run_address>
         <size>0x18</size>
         <alignment>0x4</alignment>
         <input_file_ref idref="fl-7"/>
      </object_component>
      <object_component id="oc-119">
         <name>.text.DL_SYSCTL_setBORThreshold</name>
         <load_address>0x1228</load_address>
         <readonly>true</readonly>
         <executable>true</executable>
         <run_address>0x1228</run_address>
         <size>0x18</size>
         <alignment>0x4</alignment>
         <input_file_ref idref="fl-2"/>
      </object_component>
      <object_component id="oc-10b">
         <name>.text.DL_Timer_enablePower</name>
         <load_address>0x1240</load_address>
         <readonly>true</readonly>
         <executable>true</executable>
         <run_address>0x1240</run_address>
         <size>0x18</size>
         <alignment>0x4</alignment>
         <input_file_ref idref="fl-2"/>
      </object_component>
      <object_component id="oc-108">
         <name>.text.DL_Timer_reset</name>
         <load_address>0x1258</load_address>
         <readonly>true</readonly>
         <executable>true</executable>
         <run_address>0x1258</run_address>
         <size>0x18</size>
         <alignment>0x4</alignment>
         <input_file_ref idref="fl-2"/>
      </object_component>
      <object_component id="oc-126">
         <name>.text.DL_Timer_setCaptureCompareOutCtl</name>
         <load_address>0x1270</load_address>
         <readonly>true</readonly>
         <executable>true</executable>
         <run_address>0x1270</run_address>
         <size>0x18</size>
         <alignment>0x4</alignment>
         <input_file_ref idref="fl-1a"/>
      </object_component>
      <object_component id="oc-f1">
         <name>.text.DL_Timer_startCounter</name>
         <load_address>0x1288</load_address>
         <readonly>true</readonly>
         <executable>true</executable>
         <run_address>0x1288</run_address>
         <size>0x18</size>
         <alignment>0x4</alignment>
         <input_file_ref idref="fl-6"/>
      </object_component>
      <object_component id="oc-76">
         <name>.text.DL_UART_clearInterruptStatus</name>
         <load_address>0x12a0</load_address>
         <readonly>true</readonly>
         <executable>true</executable>
         <run_address>0x12a0</run_address>
         <size>0x18</size>
         <alignment>0x4</alignment>
         <input_file_ref idref="fl-9"/>
      </object_component>
      <object_component id="oc-7e">
         <name>.text.DL_UART_clearInterruptStatus</name>
         <load_address>0x12b8</load_address>
         <readonly>true</readonly>
         <executable>true</executable>
         <run_address>0x12b8</run_address>
         <size>0x18</size>
         <alignment>0x4</alignment>
         <input_file_ref idref="fl-1"/>
      </object_component>
      <object_component id="oc-10c">
         <name>.text.DL_UART_enablePower</name>
         <load_address>0x12d0</load_address>
         <readonly>true</readonly>
         <executable>true</executable>
         <run_address>0x12d0</run_address>
         <size>0x18</size>
         <alignment>0x4</alignment>
         <input_file_ref idref="fl-2"/>
      </object_component>
      <object_component id="oc-109">
         <name>.text.DL_UART_reset</name>
         <load_address>0x12e8</load_address>
         <readonly>true</readonly>
         <executable>true</executable>
         <run_address>0x12e8</run_address>
         <size>0x18</size>
         <alignment>0x4</alignment>
         <input_file_ref idref="fl-2"/>
      </object_component>
      <object_component id="oc-f7">
         <name>.text.DL_GPIO_readPins</name>
         <load_address>0x1300</load_address>
         <readonly>true</readonly>
         <executable>true</executable>
         <run_address>0x1300</run_address>
         <size>0x16</size>
         <alignment>0x2</alignment>
         <input_file_ref idref="fl-7"/>
      </object_component>
      <object_component id="oc-142">
         <name>.text.DL_UART_enable</name>
         <load_address>0x1316</load_address>
         <readonly>true</readonly>
         <executable>true</executable>
         <run_address>0x1316</run_address>
         <size>0x16</size>
         <alignment>0x2</alignment>
         <input_file_ref idref="fl-2"/>
      </object_component>
      <object_component id="oc-f2">
         <name>.text.Delay_ms</name>
         <load_address>0x132c</load_address>
         <readonly>true</readonly>
         <executable>true</executable>
         <run_address>0x132c</run_address>
         <size>0x16</size>
         <alignment>0x2</alignment>
         <input_file_ref idref="fl-5"/>
      </object_component>
      <object_component id="oc-60">
         <name>.text:decompress:ZI:__TI_zero_init_nomemset</name>
         <load_address>0x1342</load_address>
         <readonly>true</readonly>
         <executable>true</executable>
         <run_address>0x1342</run_address>
         <size>0x16</size>
         <alignment>0x2</alignment>
         <input_file_ref idref="fl-31"/>
      </object_component>
      <object_component id="oc-f6">
         <name>.text.DL_GPIO_clearPins</name>
         <load_address>0x1358</load_address>
         <readonly>true</readonly>
         <executable>true</executable>
         <run_address>0x1358</run_address>
         <size>0x14</size>
         <alignment>0x2</alignment>
         <input_file_ref idref="fl-7"/>
      </object_component>
      <object_component id="oc-118">
         <name>.text.DL_GPIO_clearPins</name>
         <load_address>0x136c</load_address>
         <readonly>true</readonly>
         <executable>true</executable>
         <run_address>0x136c</run_address>
         <size>0x14</size>
         <alignment>0x2</alignment>
         <input_file_ref idref="fl-2"/>
      </object_component>
      <object_component id="oc-11c">
         <name>.text.DL_SYSCTL_disableSYSPLL</name>
         <load_address>0x1380</load_address>
         <readonly>true</readonly>
         <executable>true</executable>
         <run_address>0x1380</run_address>
         <size>0x14</size>
         <alignment>0x4</alignment>
         <input_file_ref idref="fl-2"/>
      </object_component>
      <object_component id="oc-11d">
         <name>.text.DL_SYSCTL_enableMFCLK</name>
         <load_address>0x1394</load_address>
         <readonly>true</readonly>
         <executable>true</executable>
         <run_address>0x1394</run_address>
         <size>0x14</size>
         <alignment>0x4</alignment>
         <input_file_ref idref="fl-2"/>
      </object_component>
      <object_component id="oc-128">
         <name>.text.DL_Timer_enableClock</name>
         <load_address>0x13a8</load_address>
         <readonly>true</readonly>
         <executable>true</executable>
         <run_address>0x13a8</run_address>
         <size>0x14</size>
         <alignment>0x4</alignment>
         <input_file_ref idref="fl-2"/>
      </object_component>
      <object_component id="oc-129">
         <name>.text.DL_Timer_setCCPDirection</name>
         <load_address>0x13bc</load_address>
         <readonly>true</readonly>
         <executable>true</executable>
         <run_address>0x13bc</run_address>
         <size>0x14</size>
         <alignment>0x2</alignment>
         <input_file_ref idref="fl-2"/>
      </object_component>
      <object_component id="oc-75">
         <name>.text.DL_UART_receiveData</name>
         <load_address>0x13d0</load_address>
         <readonly>true</readonly>
         <executable>true</executable>
         <run_address>0x13d0</run_address>
         <size>0x14</size>
         <alignment>0x4</alignment>
         <input_file_ref idref="fl-9"/>
      </object_component>
      <object_component id="oc-7d">
         <name>.text.DL_UART_receiveData</name>
         <load_address>0x13e4</load_address>
         <readonly>true</readonly>
         <executable>true</executable>
         <run_address>0x13e4</run_address>
         <size>0x14</size>
         <alignment>0x4</alignment>
         <input_file_ref idref="fl-1"/>
      </object_component>
      <object_component id="oc-70">
         <name>.text.DL_Timer_getPendingInterrupt</name>
         <load_address>0x13f8</load_address>
         <readonly>true</readonly>
         <executable>true</executable>
         <run_address>0x13f8</run_address>
         <size>0x12</size>
         <alignment>0x2</alignment>
         <input_file_ref idref="fl-6"/>
      </object_component>
      <object_component id="oc-85">
         <name>.text.DL_Timer_getPendingInterrupt</name>
         <load_address>0x140a</load_address>
         <readonly>true</readonly>
         <executable>true</executable>
         <run_address>0x140a</run_address>
         <size>0x12</size>
         <alignment>0x2</alignment>
         <input_file_ref idref="fl-b"/>
      </object_component>
      <object_component id="oc-74">
         <name>.text.DL_UART_getPendingInterrupt</name>
         <load_address>0x141c</load_address>
         <readonly>true</readonly>
         <executable>true</executable>
         <run_address>0x141c</run_address>
         <size>0x12</size>
         <alignment>0x2</alignment>
         <input_file_ref idref="fl-9"/>
      </object_component>
      <object_component id="oc-7c">
         <name>.text.DL_UART_getPendingInterrupt</name>
         <load_address>0x142e</load_address>
         <readonly>true</readonly>
         <executable>true</executable>
         <run_address>0x142e</run_address>
         <size>0x12</size>
         <alignment>0x2</alignment>
         <input_file_ref idref="fl-1"/>
      </object_component>
      <object_component id="oc-138">
         <name>.text.DL_UART_setClockConfig</name>
         <load_address>0x1440</load_address>
         <readonly>true</readonly>
         <executable>true</executable>
         <run_address>0x1440</run_address>
         <size>0x12</size>
         <alignment>0x2</alignment>
         <input_file_ref idref="fl-1b"/>
      </object_component>
      <object_component id="oc-a4">
         <name>.text:TI_memcpy_small</name>
         <load_address>0x1452</load_address>
         <readonly>true</readonly>
         <executable>true</executable>
         <run_address>0x1452</run_address>
         <size>0x12</size>
         <alignment>0x1</alignment>
         <input_file_ref idref="fl-a4"/>
      </object_component>
      <object_component id="oc-20">
         <name>.text:decompress:none</name>
         <load_address>0x1464</load_address>
         <readonly>true</readonly>
         <executable>true</executable>
         <run_address>0x1464</run_address>
         <size>0x12</size>
         <alignment>0x2</alignment>
         <input_file_ref idref="fl-32"/>
      </object_component>
      <object_component id="oc-11b">
         <name>.text.DL_SYSCTL_disableHFXT</name>
         <load_address>0x1478</load_address>
         <readonly>true</readonly>
         <executable>true</executable>
         <run_address>0x1478</run_address>
         <size>0x10</size>
         <alignment>0x4</alignment>
         <input_file_ref idref="fl-2"/>
      </object_component>
      <object_component id="oc-125">
         <name>.text.DL_Timer_setCaptureCompareValue</name>
         <load_address>0x1488</load_address>
         <readonly>true</readonly>
         <executable>true</executable>
         <run_address>0x1488</run_address>
         <size>0x10</size>
         <alignment>0x4</alignment>
         <input_file_ref idref="fl-1a"/>
      </object_component>
      <object_component id="oc-10d">
         <name>.text.DL_Common_delayCycles</name>
         <load_address>0x1498</load_address>
         <readonly>true</readonly>
         <executable>true</executable>
         <run_address>0x1498</run_address>
         <size>0xa</size>
         <alignment>0x2</alignment>
         <input_file_ref idref="fl-19"/>
      </object_component>
      <object_component id="oc-59">
         <name>.text.__aeabi_memcpy</name>
         <load_address>0x14a4</load_address>
         <readonly>true</readonly>
         <executable>true</executable>
         <run_address>0x14a4</run_address>
         <size>0x8</size>
         <alignment>0x4</alignment>
         <input_file_ref idref="fl-a0"/>
      </object_component>
      <object_component id="oc-33">
         <name>.text.Default_Handler</name>
         <load_address>0x14ac</load_address>
         <readonly>true</readonly>
         <executable>true</executable>
         <run_address>0x14ac</run_address>
         <size>0x4</size>
         <alignment>0x2</alignment>
         <input_file_ref idref="fl-3"/>
      </object_component>
      <object_component id="oc-2f">
         <name>.text.Reset_Handler</name>
         <load_address>0x14b0</load_address>
         <readonly>true</readonly>
         <executable>true</executable>
         <run_address>0x14b0</run_address>
         <size>0x4</size>
         <alignment>0x2</alignment>
         <input_file_ref idref="fl-3"/>
      </object_component>
      <object_component id="oc-95">
         <name>.text._system_pre_init</name>
         <load_address>0x14b4</load_address>
         <readonly>true</readonly>
         <executable>true</executable>
         <run_address>0x14b4</run_address>
         <size>0x4</size>
         <alignment>0x2</alignment>
         <input_file_ref idref="fl-2f"/>
      </object_component>
      <object_component id="oc-bd">
         <name>.text:abort</name>
         <load_address>0x14b8</load_address>
         <readonly>true</readonly>
         <executable>true</executable>
         <run_address>0x14b8</run_address>
         <size>0x4</size>
         <alignment>0x2</alignment>
         <input_file_ref idref="fl-34"/>
      </object_component>
      <object_component id="oc-19e">
         <name>__TI_handler_table</name>
         <load_address>0x1560</load_address>
         <readonly>true</readonly>
         <run_address>0x1560</run_address>
         <size>0xc</size>
         <alignment>0x4</alignment>
      </object_component>
      <object_component id="oc-1a1">
         <name>.cinit..bss.load</name>
         <load_address>0x156c</load_address>
         <readonly>true</readonly>
         <run_address>0x156c</run_address>
         <size>0x8</size>
         <alignment>0x4</alignment>
      </object_component>
      <object_component id="oc-1a0">
         <name>.cinit..data.load</name>
         <load_address>0x1574</load_address>
         <readonly>true</readonly>
         <run_address>0x1574</run_address>
         <size>0x8</size>
         <alignment>0x1</alignment>
      </object_component>
      <object_component id="oc-19f">
         <name>__TI_cinit_table</name>
         <load_address>0x157c</load_address>
         <readonly>true</readonly>
         <run_address>0x157c</run_address>
         <size>0x10</size>
         <alignment>0x4</alignment>
      </object_component>
      <object_component id="oc-137">
         <name>.rodata.gTIMER_EncoderTimerConfig</name>
         <load_address>0x14c0</load_address>
         <readonly>true</readonly>
         <run_address>0x14c0</run_address>
         <size>0x14</size>
         <alignment>0x4</alignment>
         <input_file_ref idref="fl-2"/>
      </object_component>
      <object_component id="oc-135">
         <name>.rodata.gTIMER_SonicTimerConfig</name>
         <load_address>0x14d4</load_address>
         <readonly>true</readonly>
         <run_address>0x14d4</run_address>
         <size>0x14</size>
         <alignment>0x4</alignment>
         <input_file_ref idref="fl-2"/>
      </object_component>
      <object_component id="oc-12e">
         <name>.rodata.gENCODER_LCompareConfig</name>
         <load_address>0x14e8</load_address>
         <readonly>true</readonly>
         <run_address>0x14e8</run_address>
         <size>0x10</size>
         <alignment>0x4</alignment>
         <input_file_ref idref="fl-2"/>
      </object_component>
      <object_component id="oc-130">
         <name>.rodata.gENCODER_RCompareConfig</name>
         <load_address>0x14f8</load_address>
         <readonly>true</readonly>
         <run_address>0x14f8</run_address>
         <size>0x10</size>
         <alignment>0x4</alignment>
         <input_file_ref idref="fl-2"/>
      </object_component>
      <object_component id="oc-15c">
         <name>.rodata..Lswitch.table.DL_Timer_initCompareMode.2</name>
         <load_address>0x1508</load_address>
         <readonly>true</readonly>
         <run_address>0x1508</run_address>
         <size>0xc</size>
         <alignment>0x4</alignment>
         <input_file_ref idref="fl-1a"/>
      </object_component>
      <object_component id="oc-15b">
         <name>.rodata..Lswitch.table.DL_Timer_initCompareMode</name>
         <load_address>0x1514</load_address>
         <readonly>true</readonly>
         <run_address>0x1514</run_address>
         <size>0xc</size>
         <alignment>0x4</alignment>
         <input_file_ref idref="fl-1a"/>
      </object_component>
      <object_component id="oc-144">
         <name>.rodata.gUART_BTConfig</name>
         <load_address>0x1520</load_address>
         <readonly>true</readonly>
         <run_address>0x1520</run_address>
         <size>0xa</size>
         <alignment>0x2</alignment>
         <input_file_ref idref="fl-2"/>
      </object_component>
      <object_component id="oc-146">
         <name>.rodata.gUART_OPENMVConfig</name>
         <load_address>0x152a</load_address>
         <readonly>true</readonly>
         <run_address>0x152a</run_address>
         <size>0xa</size>
         <alignment>0x2</alignment>
         <input_file_ref idref="fl-2"/>
      </object_component>
      <object_component id="oc-148">
         <name>.rodata.gUART_SCREENConfig</name>
         <load_address>0x1534</load_address>
         <readonly>true</readonly>
         <run_address>0x1534</run_address>
         <size>0xa</size>
         <alignment>0x2</alignment>
         <input_file_ref idref="fl-2"/>
      </object_component>
      <object_component id="oc-143">
         <name>.rodata.gUART_BTClockConfig</name>
         <load_address>0x153e</load_address>
         <readonly>true</readonly>
         <run_address>0x153e</run_address>
         <size>0x2</size>
         <alignment>0x1</alignment>
         <input_file_ref idref="fl-2"/>
      </object_component>
      <object_component id="oc-12b">
         <name>.rodata.gMOTORConfig</name>
         <load_address>0x1540</load_address>
         <readonly>true</readonly>
         <run_address>0x1540</run_address>
         <size>0x8</size>
         <alignment>0x4</alignment>
         <input_file_ref idref="fl-2"/>
      </object_component>
      <object_component id="oc-12d">
         <name>.rodata.gENCODER_LClockConfig</name>
         <load_address>0x1548</load_address>
         <readonly>true</readonly>
         <run_address>0x1548</run_address>
         <size>0x3</size>
         <alignment>0x1</alignment>
         <input_file_ref idref="fl-2"/>
      </object_component>
      <object_component id="oc-12f">
         <name>.rodata.gENCODER_RClockConfig</name>
         <load_address>0x154b</load_address>
         <readonly>true</readonly>
         <run_address>0x154b</run_address>
         <size>0x3</size>
         <alignment>0x1</alignment>
         <input_file_ref idref="fl-2"/>
      </object_component>
      <object_component id="oc-12a">
         <name>.rodata.gMOTORClockConfig</name>
         <load_address>0x154e</load_address>
         <readonly>true</readonly>
         <run_address>0x154e</run_address>
         <size>0x3</size>
         <alignment>0x1</alignment>
         <input_file_ref idref="fl-2"/>
      </object_component>
      <object_component id="oc-136">
         <name>.rodata.gTIMER_EncoderClockConfig</name>
         <load_address>0x1551</load_address>
         <readonly>true</readonly>
         <run_address>0x1551</run_address>
         <size>0x3</size>
         <alignment>0x1</alignment>
         <input_file_ref idref="fl-2"/>
      </object_component>
      <object_component id="oc-134">
         <name>.rodata.gTIMER_SonicClockConfig</name>
         <load_address>0x1554</load_address>
         <readonly>true</readonly>
         <run_address>0x1554</run_address>
         <size>0x3</size>
         <alignment>0x1</alignment>
         <input_file_ref idref="fl-2"/>
      </object_component>
      <object_component id="oc-145">
         <name>.rodata.gUART_OPENMVClockConfig</name>
         <load_address>0x1557</load_address>
         <readonly>true</readonly>
         <run_address>0x1557</run_address>
         <size>0x2</size>
         <alignment>0x1</alignment>
         <input_file_ref idref="fl-2"/>
      </object_component>
      <object_component id="oc-147">
         <name>.rodata.gUART_SCREENClockConfig</name>
         <load_address>0x1559</load_address>
         <readonly>true</readonly>
         <run_address>0x1559</run_address>
         <size>0x2</size>
         <alignment>0x1</alignment>
         <input_file_ref idref="fl-2"/>
      </object_component>
      <object_component id="oc-168">
         <name>.binit</name>
         <load_address>0x0</load_address>
         <readonly>true</readonly>
         <run_address>0x0</run_address>
         <size>0x0</size>
         <alignment>0x4</alignment>
      </object_component>
      <object_component id="oc-bc">
         <name>.data.KeyValue</name>
         <load_address>0x20200208</load_address>
         <readwrite>true</readwrite>
         <run_address>0x20200208</run_address>
         <size>0x4</size>
         <alignment>0x4</alignment>
         <input_file_ref idref="fl-1"/>
      </object_component>
      <object_component id="oc-7f">
         <name>.data.count2</name>
         <load_address>0x20200218</load_address>
         <readwrite>true</readwrite>
         <run_address>0x20200218</run_address>
         <size>0x4</size>
         <alignment>0x4</alignment>
         <input_file_ref idref="fl-1"/>
      </object_component>
      <object_component id="oc-80">
         <name>.data.Receive</name>
         <load_address>0x20200224</load_address>
         <readwrite>true</readwrite>
         <run_address>0x20200224</run_address>
         <size>0x3</size>
         <alignment>0x1</alignment>
         <input_file_ref idref="fl-1"/>
      </object_component>
      <object_component id="oc-89">
         <name>.data.encoder_l</name>
         <load_address>0x2020021c</load_address>
         <readwrite>true</readwrite>
         <run_address>0x2020021c</run_address>
         <size>0x4</size>
         <alignment>0x4</alignment>
         <input_file_ref idref="fl-6"/>
      </object_component>
      <object_component id="oc-71">
         <name>.data.encoder_r</name>
         <load_address>0x20200220</load_address>
         <readwrite>true</readwrite>
         <run_address>0x20200220</run_address>
         <size>0x4</size>
         <alignment>0x4</alignment>
         <input_file_ref idref="fl-6"/>
      </object_component>
      <object_component id="oc-8b">
         <name>.data.R</name>
         <load_address>0x20200210</load_address>
         <readwrite>true</readwrite>
         <run_address>0x20200210</run_address>
         <size>0x4</size>
         <alignment>0x4</alignment>
         <input_file_ref idref="fl-6"/>
      </object_component>
      <object_component id="oc-8a">
         <name>.data.L</name>
         <load_address>0x2020020c</load_address>
         <readwrite>true</readwrite>
         <run_address>0x2020020c</run_address>
         <size>0x4</size>
         <alignment>0x4</alignment>
         <input_file_ref idref="fl-6"/>
      </object_component>
      <object_component id="oc-78">
         <name>.data.RxBuffer</name>
         <load_address>0x202001fc</load_address>
         <readwrite>true</readwrite>
         <run_address>0x202001fc</run_address>
         <size>0x7</size>
         <alignment>0x1</alignment>
         <input_file_ref idref="fl-9"/>
      </object_component>
      <object_component id="oc-79">
         <name>.data.uart_data</name>
         <load_address>0x20200203</load_address>
         <readwrite>true</readwrite>
         <run_address>0x20200203</run_address>
         <size>0x5</size>
         <alignment>0x1</alignment>
         <input_file_ref idref="fl-9"/>
      </object_component>
      <object_component id="oc-77">
         <name>.data.count1</name>
         <load_address>0x20200214</load_address>
         <readwrite>true</readwrite>
         <run_address>0x20200214</run_address>
         <size>0x4</size>
         <alignment>0x4</alignment>
         <input_file_ref idref="fl-9"/>
      </object_component>
      <object_component id="oc-e8">
         <name>.common:gMOTORBackup</name>
         <uninitialized>true</uninitialized>
         <readwrite>true</readwrite>
         <run_address>0x20200000</run_address>
         <size>0xbc</size>
         <alignment>0x4</alignment>
      </object_component>
      <object_component id="oc-e9">
         <name>.common:gENCODER_LBackup</name>
         <uninitialized>true</uninitialized>
         <readwrite>true</readwrite>
         <run_address>0x20200178</run_address>
         <size>0x78</size>
         <alignment>0x4</alignment>
      </object_component>
      <object_component id="oc-ea">
         <name>.common:gTIMER_EncoderBackup</name>
         <uninitialized>true</uninitialized>
         <readwrite>true</readwrite>
         <run_address>0x202000bc</run_address>
         <size>0xbc</size>
         <alignment>0x4</alignment>
      </object_component>
      <object_component id="oc-f8">
         <name>.common:col</name>
         <uninitialized>true</uninitialized>
         <readwrite>true</readwrite>
         <run_address>0x202001f4</run_address>
         <size>0x4</size>
         <alignment>0x4</alignment>
      </object_component>
      <object_component id="oc-f9">
         <name>.common:row</name>
         <uninitialized>true</uninitialized>
         <readwrite>true</readwrite>
         <run_address>0x202001f8</run_address>
         <size>0x4</size>
         <alignment>0x4</alignment>
      </object_component>
      <object_component id="oc-86">
         <name>.common:OverFlowFlag</name>
         <uninitialized>true</uninitialized>
         <readwrite>true</readwrite>
         <run_address>0x202001f0</run_address>
         <size>0x4</size>
         <alignment>0x4</alignment>
      </object_component>
      <object_component id="oc-1a">
         <name>.stack</name>
         <uninitialized>true</uninitialized>
         <readwrite>true</readwrite>
         <run_address>0x20207e00</run_address>
         <size>0x4</size>
         <alignment>0x4</alignment>
         <input_file_ref idref="fl-2c"/>
      </object_component>
      <object_component id="oc-1a3">
         <name>.stack</name>
         <uninitialized>true</uninitialized>
         <readwrite>true</readwrite>
         <run_address>0x20207e00</run_address>
         <size>0x0</size>
         <alignment>0x8</alignment>
      </object_component>
      <object_component id="oc-81">
         <name>.debug_abbrev</name>
         <load_address>0x0</load_address>
         <run_address>0x0</run_address>
         <size>0x178</size>
         <alignment>0x1</alignment>
         <input_file_ref idref="fl-1"/>
      </object_component>
      <object_component id="oc-eb">
         <name>.debug_abbrev</name>
         <load_address>0x178</load_address>
         <run_address>0x178</run_address>
         <size>0x210</size>
         <alignment>0x1</alignment>
         <input_file_ref idref="fl-2"/>
      </object_component>
      <object_component id="oc-4e">
         <name>.debug_abbrev</name>
         <load_address>0x388</load_address>
         <run_address>0x388</run_address>
         <size>0x6d</size>
         <alignment>0x1</alignment>
         <input_file_ref idref="fl-3"/>
      </object_component>
      <object_component id="oc-83">
         <name>.debug_abbrev</name>
         <load_address>0x3f5</load_address>
         <run_address>0x3f5</run_address>
         <size>0x2a</size>
         <alignment>0x1</alignment>
         <input_file_ref idref="fl-4"/>
      </object_component>
      <object_component id="oc-149">
         <name>.debug_abbrev</name>
         <load_address>0x41f</load_address>
         <run_address>0x41f</run_address>
         <size>0x61</size>
         <alignment>0x1</alignment>
         <input_file_ref idref="fl-5"/>
      </object_component>
      <object_component id="oc-72">
         <name>.debug_abbrev</name>
         <load_address>0x480</load_address>
         <run_address>0x480</run_address>
         <size>0x174</size>
         <alignment>0x1</alignment>
         <input_file_ref idref="fl-6"/>
      </object_component>
      <object_component id="oc-ee">
         <name>.debug_abbrev</name>
         <load_address>0x5f4</load_address>
         <run_address>0x5f4</run_address>
         <size>0x130</size>
         <alignment>0x1</alignment>
         <input_file_ref idref="fl-7"/>
      </object_component>
      <object_component id="oc-7a">
         <name>.debug_abbrev</name>
         <load_address>0x724</load_address>
         <run_address>0x724</run_address>
         <size>0x11f</size>
         <alignment>0x1</alignment>
         <input_file_ref idref="fl-9"/>
      </object_component>
      <object_component id="oc-87">
         <name>.debug_abbrev</name>
         <load_address>0x843</load_address>
         <run_address>0x843</run_address>
         <size>0x153</size>
         <alignment>0x1</alignment>
         <input_file_ref idref="fl-b"/>
      </object_component>
      <object_component id="oc-154">
         <name>.debug_abbrev</name>
         <load_address>0x996</load_address>
         <run_address>0x996</run_address>
         <size>0x62</size>
         <alignment>0x1</alignment>
         <input_file_ref idref="fl-19"/>
      </object_component>
      <object_component id="oc-158">
         <name>.debug_abbrev</name>
         <load_address>0x9f8</load_address>
         <run_address>0x9f8</run_address>
         <size>0x258</size>
         <alignment>0x1</alignment>
         <input_file_ref idref="fl-1a"/>
      </object_component>
      <object_component id="oc-15d">
         <name>.debug_abbrev</name>
         <load_address>0xc50</load_address>
         <run_address>0xc50</run_address>
         <size>0x27f</size>
         <alignment>0x1</alignment>
         <input_file_ref idref="fl-1b"/>
      </object_component>
      <object_component id="oc-50">
         <name>.debug_abbrev</name>
         <load_address>0xecf</load_address>
         <run_address>0xecf</run_address>
         <size>0xaf</size>
         <alignment>0x1</alignment>
         <input_file_ref idref="fl-2c"/>
      </object_component>
      <object_component id="oc-100">
         <name>.debug_abbrev</name>
         <load_address>0xf7e</load_address>
         <run_address>0xf7e</run_address>
         <size>0x186</size>
         <alignment>0x1</alignment>
         <input_file_ref idref="fl-2e"/>
      </object_component>
      <object_component id="oc-ac">
         <name>.debug_abbrev</name>
         <load_address>0x1104</load_address>
         <run_address>0x1104</run_address>
         <size>0x39</size>
         <alignment>0x1</alignment>
         <input_file_ref idref="fl-2f"/>
      </object_component>
      <object_component id="oc-8e">
         <name>.debug_abbrev</name>
         <load_address>0x113d</load_address>
         <run_address>0x113d</run_address>
         <size>0xc2</size>
         <alignment>0x1</alignment>
         <input_file_ref idref="fl-31"/>
      </object_component>
      <object_component id="oc-5d">
         <name>.debug_abbrev</name>
         <load_address>0x11ff</load_address>
         <run_address>0x11ff</run_address>
         <size>0x70</size>
         <alignment>0x1</alignment>
         <input_file_ref idref="fl-32"/>
      </object_component>
      <object_component id="oc-55">
         <name>.debug_abbrev</name>
         <load_address>0x126f</load_address>
         <run_address>0x126f</run_address>
         <size>0x8d</size>
         <alignment>0x1</alignment>
         <input_file_ref idref="fl-33"/>
      </object_component>
      <object_component id="oc-fa">
         <name>.debug_abbrev</name>
         <load_address>0x12fc</load_address>
         <run_address>0x12fc</run_address>
         <size>0xb3</size>
         <alignment>0x1</alignment>
         <input_file_ref idref="fl-34"/>
      </object_component>
      <object_component id="oc-8d">
         <name>.debug_abbrev</name>
         <load_address>0x13af</load_address>
         <run_address>0x13af</run_address>
         <size>0x27</size>
         <alignment>0x1</alignment>
         <input_file_ref idref="fl-a0"/>
      </object_component>
      <object_component id="oc-d6">
         <name>.debug_abbrev</name>
         <load_address>0x13d6</load_address>
         <run_address>0x13d6</run_address>
         <size>0x25</size>
         <alignment>0x1</alignment>
         <input_file_ref idref="fl-a4"/>
      </object_component>
      <object_component id="oc-1a5">
         <name>.debug_abbrev</name>
         <load_address>0x13fb</load_address>
         <run_address>0x13fb</run_address>
         <size>0xf</size>
         <alignment>0x0</alignment>
      </object_component>
      <object_component id="oc-3f">
         <name>.debug_info</name>
         <load_address>0x0</load_address>
         <run_address>0x0</run_address>
         <size>0x925</size>
         <alignment>0x1</alignment>
         <input_file_ref idref="fl-1"/>
      </object_component>
      <object_component id="oc-af">
         <name>.debug_info</name>
         <load_address>0x925</load_address>
         <run_address>0x925</run_address>
         <size>0x411b</size>
         <alignment>0x1</alignment>
         <input_file_ref idref="fl-2"/>
      </object_component>
      <object_component id="oc-19">
         <name>.debug_info</name>
         <load_address>0x4a40</load_address>
         <run_address>0x4a40</run_address>
         <size>0x80</size>
         <alignment>0x1</alignment>
         <input_file_ref idref="fl-3"/>
      </object_component>
      <object_component id="oc-46">
         <name>.debug_info</name>
         <load_address>0x4ac0</load_address>
         <run_address>0x4ac0</run_address>
         <size>0x3a</size>
         <alignment>0x1</alignment>
         <input_file_ref idref="fl-4"/>
      </object_component>
      <object_component id="oc-f3">
         <name>.debug_info</name>
         <load_address>0x4afa</load_address>
         <run_address>0x4afa</run_address>
         <size>0x71</size>
         <alignment>0x1</alignment>
         <input_file_ref idref="fl-5"/>
      </object_component>
      <object_component id="oc-36">
         <name>.debug_info</name>
         <load_address>0x4b6b</load_address>
         <run_address>0x4b6b</run_address>
         <size>0xa34</size>
         <alignment>0x1</alignment>
         <input_file_ref idref="fl-6"/>
      </object_component>
      <object_component id="oc-b4">
         <name>.debug_info</name>
         <load_address>0x559f</load_address>
         <run_address>0x559f</run_address>
         <size>0x927</size>
         <alignment>0x1</alignment>
         <input_file_ref idref="fl-7"/>
      </object_component>
      <object_component id="oc-3c">
         <name>.debug_info</name>
         <load_address>0x5ec6</load_address>
         <run_address>0x5ec6</run_address>
         <size>0x67a</size>
         <alignment>0x1</alignment>
         <input_file_ref idref="fl-9"/>
      </object_component>
      <object_component id="oc-48">
         <name>.debug_info</name>
         <load_address>0x6540</load_address>
         <run_address>0x6540</run_address>
         <size>0xf1f</size>
         <alignment>0x1</alignment>
         <input_file_ref idref="fl-b"/>
      </object_component>
      <object_component id="oc-10e">
         <name>.debug_info</name>
         <load_address>0x745f</load_address>
         <run_address>0x745f</run_address>
         <size>0x75</size>
         <alignment>0x1</alignment>
         <input_file_ref idref="fl-19"/>
      </object_component>
      <object_component id="oc-122">
         <name>.debug_info</name>
         <load_address>0x74d4</load_address>
         <run_address>0x74d4</run_address>
         <size>0x2f93</size>
         <alignment>0x1</alignment>
         <input_file_ref idref="fl-1a"/>
      </object_component>
      <object_component id="oc-13b">
         <name>.debug_info</name>
         <load_address>0xa467</load_address>
         <run_address>0xa467</run_address>
         <size>0x1259</size>
         <alignment>0x1</alignment>
         <input_file_ref idref="fl-1b"/>
      </object_component>
      <object_component id="oc-1b">
         <name>.debug_info</name>
         <load_address>0xb6c0</load_address>
         <run_address>0xb6c0</run_address>
         <size>0x423</size>
         <alignment>0x1</alignment>
         <input_file_ref idref="fl-2c"/>
      </object_component>
      <object_component id="oc-c7">
         <name>.debug_info</name>
         <load_address>0xbae3</load_address>
         <run_address>0xbae3</run_address>
         <size>0x74a</size>
         <alignment>0x1</alignment>
         <input_file_ref idref="fl-2e"/>
      </object_component>
      <object_component id="oc-96">
         <name>.debug_info</name>
         <load_address>0xc22d</load_address>
         <run_address>0xc22d</run_address>
         <size>0x46</size>
         <alignment>0x1</alignment>
         <input_file_ref idref="fl-2f"/>
      </object_component>
      <object_component id="oc-64">
         <name>.debug_info</name>
         <load_address>0xc273</load_address>
         <run_address>0xc273</run_address>
         <size>0x192</size>
         <alignment>0x1</alignment>
         <input_file_ref idref="fl-31"/>
      </object_component>
      <object_component id="oc-23">
         <name>.debug_info</name>
         <load_address>0xc405</load_address>
         <run_address>0xc405</run_address>
         <size>0xc6</size>
         <alignment>0x1</alignment>
         <input_file_ref idref="fl-32"/>
      </object_component>
      <object_component id="oc-1e">
         <name>.debug_info</name>
         <load_address>0xc4cb</load_address>
         <run_address>0xc4cb</run_address>
         <size>0x180</size>
         <alignment>0x1</alignment>
         <input_file_ref idref="fl-33"/>
      </object_component>
      <object_component id="oc-c1">
         <name>.debug_info</name>
         <load_address>0xc64b</load_address>
         <run_address>0xc64b</run_address>
         <size>0xed</size>
         <alignment>0x1</alignment>
         <input_file_ref idref="fl-34"/>
      </object_component>
      <object_component id="oc-5a">
         <name>.debug_info</name>
         <load_address>0xc738</load_address>
         <run_address>0xc738</run_address>
         <size>0x19e</size>
         <alignment>0x1</alignment>
         <input_file_ref idref="fl-a0"/>
      </object_component>
      <object_component id="oc-a5">
         <name>.debug_info</name>
         <load_address>0xc8d6</load_address>
         <run_address>0xc8d6</run_address>
         <size>0x2fa</size>
         <alignment>0x1</alignment>
         <input_file_ref idref="fl-a4"/>
      </object_component>
      <object_component id="oc-1a4">
         <name>.debug_info</name>
         <load_address>0xcbd0</load_address>
         <run_address>0xcbd0</run_address>
         <size>0x8d</size>
         <alignment>0x0</alignment>
      </object_component>
      <object_component id="oc-40">
         <name>.debug_ranges</name>
         <load_address>0x0</load_address>
         <run_address>0x0</run_address>
         <size>0x40</size>
         <alignment>0x1</alignment>
         <input_file_ref idref="fl-1"/>
      </object_component>
      <object_component id="oc-b0">
         <name>.debug_ranges</name>
         <load_address>0x40</load_address>
         <run_address>0x40</run_address>
         <size>0x158</size>
         <alignment>0x1</alignment>
         <input_file_ref idref="fl-2"/>
      </object_component>
      <object_component id="oc-32">
         <name>.debug_ranges</name>
         <load_address>0x198</load_address>
         <run_address>0x198</run_address>
         <size>0x18</size>
         <alignment>0x1</alignment>
         <input_file_ref idref="fl-3"/>
      </object_component>
      <object_component id="oc-37">
         <name>.debug_ranges</name>
         <load_address>0x1b0</load_address>
         <run_address>0x1b0</run_address>
         <size>0x40</size>
         <alignment>0x1</alignment>
         <input_file_ref idref="fl-6"/>
      </object_component>
      <object_component id="oc-b5">
         <name>.debug_ranges</name>
         <load_address>0x1f0</load_address>
         <run_address>0x1f0</run_address>
         <size>0x30</size>
         <alignment>0x1</alignment>
         <input_file_ref idref="fl-7"/>
      </object_component>
      <object_component id="oc-3b">
         <name>.debug_ranges</name>
         <load_address>0x220</load_address>
         <run_address>0x220</run_address>
         <size>0x28</size>
         <alignment>0x1</alignment>
         <input_file_ref idref="fl-9"/>
      </object_component>
      <object_component id="oc-49">
         <name>.debug_ranges</name>
         <load_address>0x248</load_address>
         <run_address>0x248</run_address>
         <size>0x58</size>
         <alignment>0x1</alignment>
         <input_file_ref idref="fl-b"/>
      </object_component>
      <object_component id="oc-11f">
         <name>.debug_ranges</name>
         <load_address>0x2a0</load_address>
         <run_address>0x2a0</run_address>
         <size>0x170</size>
         <alignment>0x1</alignment>
         <input_file_ref idref="fl-1a"/>
      </object_component>
      <object_component id="oc-139">
         <name>.debug_ranges</name>
         <load_address>0x410</load_address>
         <run_address>0x410</run_address>
         <size>0x190</size>
         <alignment>0x1</alignment>
         <input_file_ref idref="fl-1b"/>
      </object_component>
      <object_component id="oc-53">
         <name>.debug_ranges</name>
         <load_address>0x5a0</load_address>
         <run_address>0x5a0</run_address>
         <size>0x48</size>
         <alignment>0x1</alignment>
         <input_file_ref idref="fl-2c"/>
      </object_component>
      <object_component id="oc-c5">
         <name>.debug_ranges</name>
         <load_address>0x5e8</load_address>
         <run_address>0x5e8</run_address>
         <size>0xa8</size>
         <alignment>0x1</alignment>
         <input_file_ref idref="fl-2e"/>
      </object_component>
      <object_component id="oc-61">
         <name>.debug_ranges</name>
         <load_address>0x690</load_address>
         <run_address>0x690</run_address>
         <size>0x18</size>
         <alignment>0x1</alignment>
         <input_file_ref idref="fl-31"/>
      </object_component>
      <object_component id="oc-58">
         <name>.debug_ranges</name>
         <load_address>0x6a8</load_address>
         <run_address>0x6a8</run_address>
         <size>0x30</size>
         <alignment>0x1</alignment>
         <input_file_ref idref="fl-33"/>
      </object_component>
      <object_component id="oc-be">
         <name>.debug_ranges</name>
         <load_address>0x6d8</load_address>
         <run_address>0x6d8</run_address>
         <size>0x18</size>
         <alignment>0x1</alignment>
         <input_file_ref idref="fl-34"/>
      </object_component>
      <object_component id="oc-a7">
         <name>.debug_ranges</name>
         <load_address>0x6f0</load_address>
         <run_address>0x6f0</run_address>
         <size>0x28</size>
         <alignment>0x1</alignment>
         <input_file_ref idref="fl-a4"/>
      </object_component>
      <object_component id="oc-82">
         <name>.debug_str</name>
         <load_address>0x0</load_address>
         <run_address>0x0</run_address>
         <size>0x80b</size>
         <alignment>0x1</alignment>
         <input_file_ref idref="fl-1"/>
      </object_component>
      <object_component id="oc-ec">
         <name>.debug_str</name>
         <load_address>0x80b</load_address>
         <run_address>0x80b</run_address>
         <size>0x2e49</size>
         <alignment>0x1</alignment>
         <input_file_ref idref="fl-2"/>
      </object_component>
      <object_component id="oc-4f">
         <name>.debug_str</name>
         <load_address>0x3654</load_address>
         <run_address>0x3654</run_address>
         <size>0x149</size>
         <alignment>0x1</alignment>
         <input_file_ref idref="fl-3"/>
      </object_component>
      <object_component id="oc-84">
         <name>.debug_str</name>
         <load_address>0x379d</load_address>
         <run_address>0x379d</run_address>
         <size>0xc1</size>
         <alignment>0x1</alignment>
         <input_file_ref idref="fl-4"/>
      </object_component>
      <object_component id="oc-14a">
         <name>.debug_str</name>
         <load_address>0x385e</load_address>
         <run_address>0x385e</run_address>
         <size>0xeb</size>
         <alignment>0x1</alignment>
         <input_file_ref idref="fl-5"/>
      </object_component>
      <object_component id="oc-73">
         <name>.debug_str</name>
         <load_address>0x3949</load_address>
         <run_address>0x3949</run_address>
         <size>0x839</size>
         <alignment>0x1</alignment>
         <input_file_ref idref="fl-6"/>
      </object_component>
      <object_component id="oc-ef">
         <name>.debug_str</name>
         <load_address>0x4182</load_address>
         <run_address>0x4182</run_address>
         <size>0x48a</size>
         <alignment>0x1</alignment>
         <input_file_ref idref="fl-7"/>
      </object_component>
      <object_component id="oc-7b">
         <name>.debug_str</name>
         <load_address>0x460c</load_address>
         <run_address>0x460c</run_address>
         <size>0x540</size>
         <alignment>0x1</alignment>
         <input_file_ref idref="fl-9"/>
      </object_component>
      <object_component id="oc-88">
         <name>.debug_str</name>
         <load_address>0x4b4c</load_address>
         <run_address>0x4b4c</run_address>
         <size>0x846</size>
         <alignment>0x1</alignment>
         <input_file_ref idref="fl-b"/>
      </object_component>
      <object_component id="oc-155">
         <name>.debug_str</name>
         <load_address>0x5392</load_address>
         <run_address>0x5392</run_address>
         <size>0x176</size>
         <alignment>0x1</alignment>
         <input_file_ref idref="fl-19"/>
      </object_component>
      <object_component id="oc-159">
         <name>.debug_str</name>
         <load_address>0x5508</load_address>
         <run_address>0x5508</run_address>
         <size>0x1c3a</size>
         <alignment>0x1</alignment>
         <input_file_ref idref="fl-1a"/>
      </object_component>
      <object_component id="oc-15e">
         <name>.debug_str</name>
         <load_address>0x7142</load_address>
         <run_address>0x7142</run_address>
         <size>0xcec</size>
         <alignment>0x1</alignment>
         <input_file_ref idref="fl-1b"/>
      </object_component>
      <object_component id="oc-51">
         <name>.debug_str</name>
         <load_address>0x7e2e</load_address>
         <run_address>0x7e2e</run_address>
         <size>0x225</size>
         <alignment>0x1</alignment>
         <input_file_ref idref="fl-2c"/>
      </object_component>
      <object_component id="oc-101">
         <name>.debug_str</name>
         <load_address>0x8053</load_address>
         <run_address>0x8053</run_address>
         <size>0x32f</size>
         <alignment>0x1</alignment>
         <input_file_ref idref="fl-2e"/>
      </object_component>
      <object_component id="oc-ad">
         <name>.debug_str</name>
         <load_address>0x8382</load_address>
         <run_address>0x8382</run_address>
         <size>0xf5</size>
         <alignment>0x1</alignment>
         <input_file_ref idref="fl-2f"/>
      </object_component>
      <object_component id="oc-8f">
         <name>.debug_str</name>
         <load_address>0x8477</load_address>
         <run_address>0x8477</run_address>
         <size>0x19b</size>
         <alignment>0x1</alignment>
         <input_file_ref idref="fl-31"/>
      </object_component>
      <object_component id="oc-5e">
         <name>.debug_str</name>
         <load_address>0x8612</load_address>
         <run_address>0x8612</run_address>
         <size>0x168</size>
         <alignment>0x1</alignment>
         <input_file_ref idref="fl-32"/>
      </object_component>
      <object_component id="oc-56">
         <name>.debug_str</name>
         <load_address>0x877a</load_address>
         <run_address>0x877a</run_address>
         <size>0x1d5</size>
         <alignment>0x1</alignment>
         <input_file_ref idref="fl-33"/>
      </object_component>
      <object_component id="oc-fb">
         <name>.debug_str</name>
         <load_address>0x894f</load_address>
         <run_address>0x894f</run_address>
         <size>0x13f</size>
         <alignment>0x1</alignment>
         <input_file_ref idref="fl-34"/>
      </object_component>
      <object_component id="oc-42">
         <name>.debug_frame</name>
         <load_address>0x0</load_address>
         <run_address>0x0</run_address>
         <size>0xa8</size>
         <alignment>0x4</alignment>
         <input_file_ref idref="fl-1"/>
      </object_component>
      <object_component id="oc-b1">
         <name>.debug_frame</name>
         <load_address>0xa8</load_address>
         <run_address>0xa8</run_address>
         <size>0x3ec</size>
         <alignment>0x4</alignment>
         <input_file_ref idref="fl-2"/>
      </object_component>
      <object_component id="oc-30">
         <name>.debug_frame</name>
         <load_address>0x494</load_address>
         <run_address>0x494</run_address>
         <size>0x30</size>
         <alignment>0x4</alignment>
         <input_file_ref idref="fl-3"/>
      </object_component>
[...]
            </allocated_space>
            <allocated_space>
               <start_address>0x20200000</start_address>
               <size>0x1fc</size>
               <logical_group_ref idref="lg-f"/>
            </allocated_space>
            <allocated_space>
               <start_address>0x202001fc</start_address>
               <size>0x2b</size>
               <logical_group_ref idref="lg-e"/>
            </allocated_space>
            <available_space>
               <start_address>0x20200227</start_address>
               <size>0x7bd9</size>
            </available_space>
            <allocated_space>
               <start_address>0x20207e00</start_address>
               <size>0x200</size>
               <logical_group_ref idref="lg-11"/>
            </allocated_space>
         </usage_details>
      </memory_area>
      <memory_area display="yes" color="green">
         <name>BCR_CONFIG</name>
         <page_id>0x0</page_id>
         <origin>0x41c00000</origin>
         <length>0x80</length>
         <used_space>0x0</used_space>
         <unused_space>0x80</unused_space>
         <attributes>R</attributes>
         <usage_details>
         </usage_details>
      </memory_area>
      <memory_area display="yes" color="green">
         <name>BSL_CONFIG</name>
         <page_id>0x0</page_id>
         <origin>0x41c00100</origin>
         <length>0x80</length>
         <used_space>0x0</used_space>
         <unused_space>0x80</unused_space>
         <attributes>R</attributes>
         <usage_details>
         </usage_details>
      </memory_area>
   </placement_map>
   <cptbl_list>
      <cptbl>
         <name>__TI_cinit_table</name>
         <cprec>
            <name>.bss</name>
            <load_address>0x156c</load_address>
            <load_size>0x8</load_size>
            <run_address>0x20200000</run_address>
            <run_size>0x1fc</run_size>
            <compression>zero_init</compression>
         </cprec>
         <cprec>
            <name>.data</name>
            <load_address>0x1574</load_address>
            <load_size>0x8</load_size>
            <run_address>0x202001fc</run_address>
            <run_size>0x2b</run_size>
            <compression>lzss</compression>
         </cprec>
      </cptbl>
   </cptbl_list>
   <handler_table>
      <handler_table_name>__TI_handler_table</handler_table_name>
      <handler>
         <index>0x0</index>
         <name>__TI_decompress_lzss</name>
      </handler>
      <handler>
         <index>0x1</index>
         <name>__TI_decompress_none</name>
      </handler>
      <handler>
         <index>0x2</index>
         <name>__TI_zero_init</name>
      </handler>
   </handler_table>
   <symbol_table>
      <symbol id="sm-1">
         <name>__start___llvm_prf_cnts</name>
         <value>0x20200000</value>
      </symbol>
      <symbol id="sm-2">
         <name>__stop___llvm_prf_cnts</name>
         <value>0x20200000</value>
      </symbol>
      <symbol id="sm-3">
         <name>__start___llvm_prf_bits</name>
         <value>0x20200000</value>
      </symbol>
      <symbol id="sm-4">
         <name>__stop___llvm_prf_bits</name>
         <value>0x20200000</value>
      </symbol>
      <symbol id="sm-5">
         <name>__TI_CINIT_Base</name>
         <value>0x157c</value>
      </symbol>
      <symbol id="sm-6">
         <name>__TI_CINIT_Limit</name>
         <value>0x158c</value>
      </symbol>
      <symbol id="sm-7">
         <name>__TI_CINIT_Warm</name>
         <value>0x158c</value>
      </symbol>
      <symbol id="sm-8">
         <name>__TI_Handler_Table_Base</name>
         <value>0x1560</value>
      </symbol>
      <symbol id="sm-9">
         <name>__TI_Handler_Table_Limit</name>
         <value>0x156c</value>
      </symbol>
      <symbol id="sm-a">
         <name>binit</name>
         <value>0xffffffff</value>
      </symbol>
      <symbol id="sm-b">
         <name>__binit__</name>
         <value>0xffffffff</value>
      </symbol>
      <symbol id="sm-c">
         <name>__STACK_SIZE</name>
         <value>0x200</value>
      </symbol>
      <symbol id="sm-d">
         <name>__STACK_END</name>
         <value>0x20208000</value>
      </symbol>
      <symbol id="sm-e">
         <name>__TI_pprof_out_hndl</name>
         <value>0xffffffff</value>
      </symbol>
      <symbol id="sm-f">
         <name>__TI_prof_data_start</name>
         <value>0xffffffff</value>
      </symbol>
      <symbol id="sm-10">
         <name>__TI_prof_data_size</name>
         <value>0xffffffff</value>
      </symbol>
      <symbol id="sm-54">
         <name>main</name>
         <value>0x8fd</value>
         <object_component_ref idref="oc-99"/>
      </symbol>
      <symbol id="sm-55">
         <name>KeyValue</name>
         <value>0x20200208</value>
         <object_component_ref idref="oc-bc"/>
      </symbol>
      <symbol id="sm-56">
         <name>UART2_IRQHandler</name>
         <value>0xaf9</value>
         <object_component_ref idref="oc-3e"/>
      </symbol>
      <symbol id="sm-57">
         <name>count2</name>
         <value>0x20200218</value>
         <object_component_ref idref="oc-7f"/>
      </symbol>
      <symbol id="sm-58">
         <name>Receive</name>
         <value>0x20200224</value>
         <object_component_ref idref="oc-80"/>
      </symbol>
      <symbol id="sm-10d">
         <name>SYSCFG_DL_init</name>
         <value>0xc69</value>
         <object_component_ref idref="oc-ae"/>
      </symbol>
      <symbol id="sm-10e">
         <name>SYSCFG_DL_initPower</name>
         <value>0x701</value>
         <object_component_ref idref="oc-dd"/>
      </symbol>
      <symbol id="sm-10f">
         <name>SYSCFG_DL_GPIO_init</name>
         <value>0x339</value>
         <object_component_ref idref="oc-de"/>
      </symbol>
      <symbol id="sm-110">
         <name>SYSCFG_DL_SYSCTL_init</name>
         <value>0x1089</value>
         <object_component_ref idref="oc-df"/>
      </symbol>
      <symbol id="sm-111">
         <name>SYSCFG_DL_MOTOR_init</name>
         <value>0x56d</value>
         <object_component_ref idref="oc-e0"/>
      </symbol>
      <symbol id="sm-112">
         <name>SYSCFG_DL_ENCODER_L_init</name>
         <value>0xea1</value>
         <object_component_ref idref="oc-e1"/>
      </symbol>
      <symbol id="sm-113">
         <name>SYSCFG_DL_ENCODER_R_init</name>
         <value>0xecd</value>
         <object_component_ref idref="oc-e2"/>
      </symbol>
      <symbol id="sm-114">
         <name>SYSCFG_DL_TIMER_Sonic_init</name>
         <value>0xd8d</value>
         <object_component_ref idref="oc-e3"/>
      </symbol>
      <symbol id="sm-115">
         <name>SYSCFG_DL_TIMER_Encoder_init</name>
         <value>0xd4d</value>
         <object_component_ref idref="oc-e4"/>
      </symbol>
      <symbol id="sm-116">
         <name>SYSCFG_DL_UART_BT_init</name>
         <value>0xb6d</value>
         <object_component_ref idref="oc-e5"/>
      </symbol>
      <symbol id="sm-117">
         <name>SYSCFG_DL_UART_OPENMV_init</name>
         <value>0xbc1</value>
         <object_component_ref idref="oc-e6"/>
      </symbol>
      <symbol id="sm-118">
         <name>SYSCFG_DL_UART_SCREEN_init</name>
         <value>0xc15</value>
         <object_component_ref idref="oc-e7"/>
      </symbol>
      <symbol id="sm-119">
         <name>gMOTORBackup</name>
         <value>0x20200000</value>
      </symbol>
      <symbol id="sm-11a">
         <name>gENCODER_LBackup</name>
         <value>0x20200178</value>
      </symbol>
      <symbol id="sm-11b">
         <name>gTIMER_EncoderBackup</name>
         <value>0x202000bc</value>
      </symbol>
      <symbol id="sm-126">
         <name>Default_Handler</name>
         <value>0x14ad</value>
         <object_component_ref idref="oc-33"/>
      </symbol>
      <symbol id="sm-127">
         <name>Reset_Handler</name>
         <value>0x14b1</value>
         <object_component_ref idref="oc-2f"/>
      </symbol>
      <symbol id="sm-128">
         <name>interruptVectors</name>
         <value>0x0</value>
         <object_component_ref idref="oc-18"/>
      </symbol>
      <symbol id="sm-129">
         <name>NMI_Handler</name>
         <value>0x14ad</value>
         <object_component_ref idref="oc-33"/>
      </symbol>
      <symbol id="sm-12a">
         <name>HardFault_Handler</name>
         <value>0x14ad</value>
         <object_component_ref idref="oc-33"/>
      </symbol>
      <symbol id="sm-12b">
         <name>SVC_Handler</name>
         <value>0x14ad</value>
         <object_component_ref idref="oc-33"/>
      </symbol>
      <symbol id="sm-12c">
         <name>PendSV_Handler</name>
         <value>0x14ad</value>
         <object_component_ref idref="oc-33"/>
      </symbol>
      <symbol id="sm-12d">
         <name>SysTick_Handler</name>
         <value>0x14ad</value>
         <object_component_ref idref="oc-33"/>
      </symbol>
      <symbol id="sm-12e">
         <name>GROUP0_IRQHandler</name>
         <value>0x14ad</value>
         <object_component_ref idref="oc-33"/>
      </symbol>
      <symbol id="sm-12f">
         <name>GROUP1_IRQHandler</name>
         <value>0x14ad</value>
         <object_component_ref idref="oc-33"/>
      </symbol>
      <symbol id="sm-130">
         <name>UART3_IRQHandler</name>
         <value>0x14ad</value>
         <object_component_ref idref="oc-33"/>
      </symbol>
      <symbol id="sm-131">
         <name>ADC0_IRQHandler</name>
         <value>0x14ad</value>
         <object_component_ref idref="oc-33"/>
      </symbol>
      <symbol id="sm-132">
         <name>ADC1_IRQHandler</name>
         <value>0x14ad</value>
         <object_component_ref idref="oc-33"/>
      </symbol>
      <symbol id="sm-133">
         <name>CANFD0_IRQHandler</name>
         <value>0x14ad</value>
         <object_component_ref idref="oc-33"/>
      </symbol>
      <symbol id="sm-134">
         <name>DAC0_IRQHandler</name>
         <value>0x14ad</value>
         <object_component_ref idref="oc-33"/>
      </symbol>
      <symbol id="sm-135">
         <name>SPI0_IRQHandler</name>
         <value>0x14ad</value>
         <object_component_ref idref="oc-33"/>
      </symbol>
      <symbol id="sm-136">
         <name>SPI1_IRQHandler</name>
         <value>0x14ad</value>
         <object_component_ref idref="oc-33"/>
      </symbol>
      <symbol id="sm-137">
         <name>TIMA0_IRQHandler</name>
         <value>0x14ad</value>
         <object_component_ref idref="oc-33"/>
      </symbol>
      <symbol id="sm-138">
         <name>TIMG7_IRQHandler</name>
         <value>0x14ad</value>
         <object_component_ref idref="oc-33"/>
      </symbol>
      <symbol id="sm-139">
         <name>TIMG12_IRQHandler</name>
         <value>0x14ad</value>
         <object_component_ref idref="oc-33"/>
      </symbol>
      <symbol id="sm-13a">
         <name>I2C0_IRQHandler</name>
         <value>0x14ad</value>
         <object_component_ref idref="oc-33"/>
      </symbol>
      <symbol id="sm-13b">
         <name>I2C1_IRQHandler</name>
         <value>0x14ad</value>
         <object_component_ref idref="oc-33"/>
      </symbol>
      <symbol id="sm-13c">
         <name>AES_IRQHandler</name>
         <value>0x14ad</value>
         <object_component_ref idref="oc-33"/>
      </symbol>
      <symbol id="sm-13d">
         <name>RTC_IRQHandler</name>
         <value>0x14ad</value>
         <object_component_ref idref="oc-33"/>
      </symbol>
      <symbol id="sm-13e">
         <name>DMA_IRQHandler</name>
         <value>0x14ad</value>
         <object_component_ref idref="oc-33"/>
      </symbol>
      <symbol id="sm-146">
         <name>UART0_IRQHandler</name>
         <value>0x10ab</value>
         <object_component_ref idref="oc-43"/>
      </symbol>
      <symbol id="sm-14e">
         <name>Delay_ms</name>
         <value>0x132d</value>
         <object_component_ref idref="oc-f2"/>
      </symbol>
      <symbol id="sm-16c">
         <name>EncoderInit</name>
         <value>0xfa5</value>
         <object_component_ref idref="oc-b8"/>
      </symbol>
      <symbol id="sm-16d">
         <name>TIMG6_IRQHandler</name>
         <value>0x1041</value>
         <object_component_ref idref="oc-4c"/>
      </symbol>
      <symbol id="sm-16e">
         <name>encoder_l</name>
         <value>0x2020021c</value>
         <object_component_ref idref="oc-89"/>
      </symbol>
      <symbol id="sm-16f">
         <name>TIMG8_IRQHandler</name>
         <value>0x1065</value>
         <object_component_ref idref="oc-34"/>
      </symbol>
      <symbol id="sm-170">
         <name>encoder_r</name>
         <value>0x20200220</value>
         <object_component_ref idref="oc-71"/>
      </symbol>
      <symbol id="sm-171">
         <name>TIMA1_IRQHandler</name>
         <value>0xfcd</value>
         <object_component_ref idref="oc-4d"/>
      </symbol>
      <symbol id="sm-172">
         <name>L</name>
         <value>0x2020020c</value>
         <object_component_ref idref="oc-8a"/>
      </symbol>
      <symbol id="sm-173">
         <name>R</name>
         <value>0x20200210</value>
         <object_component_ref idref="oc-8b"/>
      </symbol>
      <symbol id="sm-18a">
         <name>KeyInit</name>
         <value>0xe05</value>
         <object_component_ref idref="oc-b3"/>
      </symbol>
      <symbol id="sm-18b">
         <name>getKey</name>
         <value>0xc1</value>
         <object_component_ref idref="oc-bb"/>
      </symbol>
      <symbol id="sm-18c">
         <name>col</name>
         <value>0x202001f4</value>
      </symbol>
      <symbol id="sm-18d">
         <name>row</name>
         <value>0x202001f8</value>
      </symbol>
      <symbol id="sm-1a3">
         <name>UART1_IRQHandler</name>
         <value>0x86d</value>
         <object_component_ref idref="oc-39"/>
      </symbol>
      <symbol id="sm-1a4">
         <name>count1</name>
         <value>0x20200214</value>
         <object_component_ref idref="oc-77"/>
      </symbol>
      <symbol id="sm-1a5">
         <name>RxBuffer</name>
         <value>0x202001fc</value>
         <object_component_ref idref="oc-78"/>
      </symbol>
      <symbol id="sm-1a6">
         <name>uart_data</name>
         <value>0x20200203</value>
         <object_component_ref idref="oc-79"/>
      </symbol>
      <symbol id="sm-1b4">
         <name>OverFlowFlag</name>
         <value>0x202001f0</value>
      </symbol>
      <symbol id="sm-1b5">
         <name>TIMG0_IRQHandler</name>
         <value>0x101d</value>
         <object_component_ref idref="oc-47"/>
      </symbol>
      <symbol id="sm-1b6">
         <name>__TI_ATRegion0_src_addr</name>
         <value>0x0</value>
      </symbol>
      <symbol id="sm-1b7">
         <name>__TI_ATRegion0_trg_addr</name>
         <value>0x0</value>
      </symbol>
      <symbol id="sm-1b8">
         <name>__TI_ATRegion0_region_sz</name>
         <value>0x0</value>
      </symbol>
      <symbol id="sm-1b9">
         <name>__TI_ATRegion1_src_addr</name>
         <value>0x0</value>
      </symbol>
      <symbol id="sm-1ba">
         <name>__TI_ATRegion1_trg_addr</name>
         <value>0x0</value>
      </symbol>
      <symbol id="sm-1bb">
         <name>__TI_ATRegion1_region_sz</name>
         <value>0x0</value>
      </symbol>
      <symbol id="sm-1bc">
         <name>__TI_ATRegion2_src_addr</name>
         <value>0x0</value>
      </symbol>
      <symbol id="sm-1bd">
         <name>__TI_ATRegion2_trg_addr</name>
         <value>0x0</value>
      </symbol>
      <symbol id="sm-1be">
         <name>__TI_ATRegion2_region_sz</name>
         <value>0x0</value>
      </symbol>
      <symbol id="sm-1c7">
         <name>DL_Common_delayCycles</name>
         <value>0x1499</value>
         <object_component_ref idref="oc-10d"/>
      </symbol>
      <symbol id="sm-1eb">
         <name>DL_Timer_setClockConfig</name>
         <value>0x1179</value>
         <object_component_ref idref="oc-11e"/>
      </symbol>
      <symbol id="sm-1ec">
         <name>DL_Timer_initTimerMode</name>
         <value>0x485</value>
         <object_component_ref idref="oc-131"/>
      </symbol>
      <symbol id="sm-1ed">
         <name>DL_Timer_setCaptureCompareValue</name>
         <value>0x1489</value>
         <object_component_ref idref="oc-125"/>
      </symbol>
      <symbol id="sm-1ee">
         <name>DL_Timer_initCompareMode</name>
         <value>0x7c5</value>
         <object_component_ref idref="oc-12c"/>
      </symbol>
      <symbol id="sm-1ef">
         <name>DL_Timer_initPWMMode</name>
         <value>0x63d</value>
         <object_component_ref idref="oc-15a"/>
      </symbol>
      <symbol id="sm-1f0">
         <name>DL_Timer_setCaptureCompareOutCtl</name>
         <value>0x1271</value>
         <object_component_ref idref="oc-126"/>
      </symbol>
      <symbol id="sm-1f1">
         <name>DL_Timer_setCaptCompUpdateMethod</name>
         <value>0x115d</value>
         <object_component_ref idref="oc-127"/>
      </symbol>
      <symbol id="sm-1f2">
         <name>DL_TimerA_initPWMMode</name>
         <value>0xa09</value>
         <object_component_ref idref="oc-124"/>
      </symbol>
      <symbol id="sm-1ff">
         <name>DL_UART_init</name>
         <value>0xd05</value>
         <object_component_ref idref="oc-13e"/>
      </symbol>
      <symbol id="sm-200">
         <name>DL_UART_setClockConfig</name>
         <value>0x1441</value>
         <object_component_ref idref="oc-138"/>
      </symbol>
      <symbol id="sm-20d">
         <name>_c_int00_noargs</name>
         <value>0xff5</value>
         <object_component_ref idref="oc-69"/>
      </symbol>
      <symbol id="sm-20e">
         <name>__stack</name>
         <value>0x20207e00</value>
         <object_component_ref idref="oc-1a"/>
      </symbol>
      <symbol id="sm-21a">
         <name>__TI_auto_init_nobinit_nopinit</name>
         <value>0xdc9</value>
         <object_component_ref idref="oc-c4"/>
      </symbol>
      <symbol id="sm-222">
         <name>_system_pre_init</name>
         <value>0x14b5</value>
         <object_component_ref idref="oc-95"/>
      </symbol>
      <symbol id="sm-22d">
         <name>__TI_zero_init_nomemset</name>
         <value>0x1343</value>
         <object_component_ref idref="oc-60"/>
      </symbol>
      <symbol id="sm-236">
         <name>__TI_decompress_none</name>
         <value>0x1465</value>
         <object_component_ref idref="oc-20"/>
      </symbol>
      <symbol id="sm-241">
         <name>__TI_decompress_lzss</name>
         <value>0xa81</value>
         <object_component_ref idref="oc-1c"/>
      </symbol>
      <symbol id="sm-24b">
         <name>abort</name>
         <value>0x14b9</value>
         <object_component_ref idref="oc-bd"/>
      </symbol>
      <symbol id="sm-24c">
         <name>C$$EXIT</name>
         <value>0x14b8</value>
         <object_component_ref idref="oc-bd"/>
      </symbol>
      <symbol id="sm-254">
         <name>__aeabi_memcpy</name>
         <value>0x14a5</value>
         <object_component_ref idref="oc-59"/>
      </symbol>
      <symbol id="sm-255">
         <name>__aeabi_memcpy4</name>
         <value>0x14a5</value>
         <object_component_ref idref="oc-59"/>
      </symbol>
      <symbol id="sm-256">
         <name>__aeabi_memcpy8</name>
         <value>0x14a5</value>
         <object_component_ref idref="oc-59"/>
      </symbol>
      <symbol id="sm-260">
         <name>TI_memcpy_small</name>
         <value>0x1453</value>
         <object_component_ref idref="oc-a4"/>
      </symbol>
      <symbol id="sm-261">
         <name>__TI_static_base__</name>
         <value>0x0</value>
      </symbol>
      <symbol id="sm-264">
         <name>__mpu_init</name>
         <value>0x0</value>
      </symbol>
      <symbol id="sm-265">
         <name>_system_post_cinit</name>
         <value>0x0</value>
      </symbol>
   </symbol_table>
   <title>Link successful</title>
</link_info>
