******************************************************************************
            TI ARM Clang Linker PC v3.2.2                      
******************************************************************************
>> Linked Sun Jul 28 17:50:01 2024

OUTPUT FILE NAME:   <test4-copy.out>
ENTRY POINT SYMBOL: "_c_int00_noargs"  address: 00001859


MEMORY CONFIGURATION

         name            origin    length      used     unused   attr    fill
----------------------  --------  ---------  --------  --------  ----  --------
  FLASH                 00000000   00020000  00001e40  0001e1c0  R  X
  SRAM                  20200000   00008000  00000508  00007af8  RW X
  BCR_CONFIG            41c00000   00000080  00000000  00000080  R   
  BSL_CONFIG            41c00100   00000080  00000000  00000080  R   


SEGMENT ALLOCATION MAP

run origin  load origin   length   init length attrs members
----------  ----------- ---------- ----------- ----- -------
00000000    00000000    00001e40   00001e40    r-x
  00000000    00000000    000000c0   000000c0    r-- .intvecs
  000000c0    000000c0    00001c78   00001c78    r-x .text
  00001d38    00001d38    000000d0   000000d0    r-- .rodata
  00001e08    00001e08    00000038   00000038    r-- .cinit
20200000    20200000    00000308   00000000    rw-
  20200000    20200000    000002b4   00000000    rw- .bss
  202002b4    202002b4    00000054   00000000    rw- .data
20207e00    20207e00    00000200   00000000    rw-
  20207e00    20207e00    00000200   00000000    rw- .stack


SECTION ALLOCATION MAP

 output                                  attributes/
section   page    origin      length       input sections
--------  ----  ----------  ----------   ----------------
.intvecs   0    00000000    000000c0     
                  00000000    000000c0     startup_mspm0g350x_ticlang.o (.intvecs)

.text      0    000000c0    00001c78     
                  000000c0    00000218     ti_msp_dl_config.o (.text.SYSCFG_DL_GPIO_init)
                  000002d8    0000012c     test4_copy.o (.text.main)
                  00000404    00000114     test4_copy.o (.text.TIMA1_IRQHandler)
                  00000518    00000104     motor.o (.text.TurnLeft)
                  0000061c    00000104     motor.o (.text.TurnRight)
                  00000720    00000100     motor.o (.text.Forward)
                  00000820    000000fc     pid.o (.text.Pid_update)
                  0000091c    000000e8     driverlib.a : dl_timer.o (.text.DL_Timer_initTimerMode)
                  00000a04    000000d8     libclang_rt.builtins.a : addsf3.S.obj (.text)
                  00000adc    000000d4     ti_msp_dl_config.o (.text.SYSCFG_DL_initPower)
                  00000bb0    000000cc     ti_msp_dl_config.o (.text.SYSCFG_DL_MOTOR_init)
                  00000c7c    000000c4     driverlib.a : dl_timer.o (.text.DL_Timer_initPWMMode)
                  00000d40    000000a8                 : dl_timer.o (.text.DL_Timer_initCompareMode)
                  00000de8    000000a4     openmv.o (.text.UART1_IRQHandler)
                  00000e8c    00000094     test4_copy.o (.text.UART0_IRQHandler)
                  00000f20    00000094     test4_copy.o (.text.UART2_IRQHandler)
                  00000fb4    0000008c     libclang_rt.builtins.a : mulsf3.S.obj (.text.__mulsf3)
                  00001040    00000084     ti_msp_dl_config.o (.text.__NVIC_SetPriority)
                  000010c4    00000082     libclang_rt.builtins.a : divsf3.S.obj (.text.__divsf3)
                  00001146    00000002     --HOLE-- [fill = 0]
                  00001148    00000078     driverlib.a : dl_timer.o (.text.DL_TimerA_initPWMMode)
                  000011c0    00000078     libc.a : copy_decompress_lzss.c.obj (.text:decompress:lzss)
                  00001238    00000062     libclang_rt.builtins.a : aeabi_fcmp.S.obj (.text.__aeabi_fcmp)
                  0000129a    00000002     --HOLE-- [fill = 0]
                  0000129c    0000005c     ti_msp_dl_config.o (.text.SYSCFG_DL_init)
                  000012f8    00000054     ti_msp_dl_config.o (.text.SYSCFG_DL_UART_BT_init)
                  0000134c    00000054     ti_msp_dl_config.o (.text.SYSCFG_DL_UART_OPENMV_init)
                  000013a0    00000054     ti_msp_dl_config.o (.text.SYSCFG_DL_UART_SCREEN_init)
                  000013f4    0000004c     ti_msp_dl_config.o (.text.DL_UART_setBaudRateDivisor)
                  00001440    00000048     driverlib.a : dl_uart.o (.text.DL_UART_init)
                  00001488    00000048     pid.o (.text.PidInit)
                  000014d0    00000040     ti_msp_dl_config.o (.text.SYSCFG_DL_TIMER_0_init)
                  00001510    0000003c     ti_msp_dl_config.o (.text.SYSCFG_DL_TIMER_Sonic_init)
                  0000154c    0000003c     libclang_rt.builtins.a : comparesf2.S.obj (.text.__gtsf2)
                  00001588    0000003c     libc.a : autoinit.c.obj (.text:__TI_auto_init_nobinit_nopinit)
                  000015c4    0000003a     libclang_rt.builtins.a : comparesf2.S.obj (.text.__eqsf2)
                  000015fe    00000002     --HOLE-- [fill = 0]
                  00001600    0000003a                            : muldsi3.S.obj (.text.__muldsi3)
                  0000163a    00000002     --HOLE-- [fill = 0]
                  0000163c    00000038                            : fixsfsi.S.obj (.text.__fixsfsi)
                  00001674    00000034     ti_msp_dl_config.o (.text.DL_GPIO_initDigitalInputFeatures)
                  000016a8    00000030     ti_msp_dl_config.o (.text.DL_GPIO_initDigitalOutputFeatures)
                  000016d8    0000002c     ti_msp_dl_config.o (.text.SYSCFG_DL_ENCODER_L_init)
                  00001704    0000002c     ti_msp_dl_config.o (.text.SYSCFG_DL_ENCODER_R_init)
                  00001730    0000002c     ti_msp_dl_config.o (.text.SYSCFG_DL_TIMER_Encoder_init)
                  0000175c    0000002c     test4_copy.o (.text.__NVIC_ClearPendingIRQ)
                  00001788    0000002c     encoder.o (.text.__NVIC_EnableIRQ)
                  000017b4    0000002c     test4_copy.o (.text.__NVIC_EnableIRQ)
                  000017e0    00000028     ti_msp_dl_config.o (.text.DL_Common_updateReg)
                  00001808    00000028     encoder.o (.text.EncoderInit)
                  00001830    00000028     libclang_rt.builtins.a : floatunsisf.S.obj (.text.__floatunsisf)
                  00001858    00000028     libc.a : boot_cortex_m.c.obj (.text:_c_int00_noargs)
                  00001880    00000024     sonic.o (.text.TIMG0_IRQHandler)
                  000018a4    00000024     encoder.o (.text.TIMG6_IRQHandler)
                  000018c8    00000024     encoder.o (.text.TIMG7_IRQHandler)
                  000018ec    00000022     ti_msp_dl_config.o (.text.SYSCFG_DL_SYSCTL_init)
                  0000190e    00000002     --HOLE-- [fill = 0]
                  00001910    00000020     ti_msp_dl_config.o (.text.DL_GPIO_initPeripheralInputFunction)
                  00001930    0000001e     ti_msp_dl_config.o (.text.DL_UART_setOversampling)
                  0000194e    00000002     --HOLE-- [fill = 0]
                  00001950    0000001c     ti_msp_dl_config.o (.text.DL_GPIO_initDigitalInput)
                  0000196c    0000001c     ti_msp_dl_config.o (.text.DL_GPIO_initPeripheralOutputFunction)
                  00001988    0000001c     ti_msp_dl_config.o (.text.DL_SYSCTL_setSYSOSCFreq)
                  000019a4    0000001c     ti_msp_dl_config.o (.text.DL_Timer_enableInterrupt)
                  000019c0    0000001c     driverlib.a : dl_timer.o (.text.DL_Timer_setCaptCompUpdateMethod)
                  000019dc    0000001c                 : dl_timer.o (.text.DL_Timer_setClockConfig)
                  000019f8    0000001c     ti_msp_dl_config.o (.text.DL_UART_enableInterrupt)
                  00001a14    00000018     ti_msp_dl_config.o (.text.DL_GPIO_enableOutput)
                  00001a2c    00000018     ti_msp_dl_config.o (.text.DL_GPIO_enablePower)
                  00001a44    00000018     ti_msp_dl_config.o (.text.DL_GPIO_initDigitalOutput)
                  00001a5c    00000018     ti_msp_dl_config.o (.text.DL_GPIO_reset)
                  00001a74    00000018     motor.o (.text.DL_GPIO_setPins)
                  00001a8c    00000018     ti_msp_dl_config.o (.text.DL_SYSCTL_setBORThreshold)
                  00001aa4    00000018     ti_msp_dl_config.o (.text.DL_Timer_enablePower)
                  00001abc    00000018     ti_msp_dl_config.o (.text.DL_Timer_reset)
                  00001ad4    00000018     driverlib.a : dl_timer.o (.text.DL_Timer_setCaptureCompareOutCtl)
                  00001aec    00000018     encoder.o (.text.DL_Timer_startCounter)
                  00001b04    00000018     test4_copy.o (.text.DL_Timer_startCounter)
                  00001b1c    00000018     openmv.o (.text.DL_UART_clearInterruptStatus)
                  00001b34    00000018     test4_copy.o (.text.DL_UART_clearInterruptStatus)
                  00001b4c    00000018     ti_msp_dl_config.o (.text.DL_UART_enablePower)
                  00001b64    00000018     ti_msp_dl_config.o (.text.DL_UART_reset)
                  00001b7c    00000016     test4_copy.o (.text.DL_GPIO_readPins)
                  00001b92    00000016     ti_msp_dl_config.o (.text.DL_UART_enable)
                  00001ba8    00000016     libc.a : copy_zero_init.c.obj (.text:decompress:ZI:__TI_zero_init_nomemset)
                  00001bbe    00000014     motor.o (.text.DL_GPIO_clearPins)
                  00001bd2    00000014     ti_msp_dl_config.o (.text.DL_GPIO_clearPins)
                  00001be6    00000002     --HOLE-- [fill = 0]
                  00001be8    00000014     ti_msp_dl_config.o (.text.DL_SYSCTL_disableSYSPLL)
                  00001bfc    00000014     ti_msp_dl_config.o (.text.DL_SYSCTL_enableMFCLK)
                  00001c10    00000014     ti_msp_dl_config.o (.text.DL_Timer_enableClock)
                  00001c24    00000014     ti_msp_dl_config.o (.text.DL_Timer_setCCPDirection)
                  00001c38    00000014     openmv.o (.text.DL_UART_receiveData)
                  00001c4c    00000014     test4_copy.o (.text.DL_UART_receiveData)
                  00001c60    00000012     encoder.o (.text.DL_Timer_getPendingInterrupt)
                  00001c72    00000012     sonic.o (.text.DL_Timer_getPendingInterrupt)
                  00001c84    00000012     openmv.o (.text.DL_UART_getPendingInterrupt)
                  00001c96    00000012     test4_copy.o (.text.DL_UART_getPendingInterrupt)
                  00001ca8    00000012     driverlib.a : dl_uart.o (.text.DL_UART_setClockConfig)
                  00001cba    00000012     libc.a : memcpy16.S.obj (.text:TI_memcpy_small)
                  00001ccc    00000012            : copy_decompress_none.c.obj (.text:decompress:none)
                  00001cde    00000002     --HOLE-- [fill = 0]
                  00001ce0    00000010     ti_msp_dl_config.o (.text.DL_SYSCTL_disableHFXT)
                  00001cf0    00000010     driverlib.a : dl_timer.o (.text.DL_Timer_setCaptureCompareValue)
                  00001d00    00000010     test4_copy.o (.text.TIMG8_IRQHandler)
                  00001d10    0000000a     driverlib.a : dl_common.o (.text.DL_Common_delayCycles)
                  00001d1a    00000002     --HOLE-- [fill = 0]
                  00001d1c    00000008     libclang_rt.builtins.a : aeabi_memcpy.S.obj (.text.__aeabi_memcpy)
                  00001d24    00000004     startup_mspm0g350x_ticlang.o (.text.Default_Handler)
                  00001d28    00000004     startup_mspm0g350x_ticlang.o (.text.Reset_Handler)
                  00001d2c    00000004     libc.a : pre_init.c.obj (.text._system_pre_init)
                  00001d30    00000004            : exit.c.obj (.text:abort)
                  00001d34    00000004     --HOLE-- [fill = 0]

.cinit     0    00001e08    00000038     
                  00001e08    00000014     (.cinit..data.load) [load image, compression = lzss]
                  00001e1c    0000000c     (__TI_handler_table)
                  00001e28    00000008     (.cinit..bss.load) [load image, compression = zero_init]
                  00001e30    00000010     (__TI_cinit_table)

.rodata    0    00001d38    000000d0     
                  00001d38    0000001c     ti_msp_dl_config.o (.rodata..L__const.SYSCFG_DL_GPIO_init.unusedPinIndexes)
                  00001d54    00000014     ti_msp_dl_config.o (.rodata.gTIMER_0TimerConfig)
                  00001d68    00000014     ti_msp_dl_config.o (.rodata.gTIMER_EncoderTimerConfig)
                  00001d7c    00000014     ti_msp_dl_config.o (.rodata.gTIMER_SonicTimerConfig)
                  00001d90    00000010     ti_msp_dl_config.o (.rodata.gENCODER_LCompareConfig)
                  00001da0    00000010     ti_msp_dl_config.o (.rodata.gENCODER_RCompareConfig)
                  00001db0    0000000c     driverlib.a : dl_timer.o (.rodata..Lswitch.table.DL_Timer_initCompareMode.2)
                  00001dbc    0000000c                 : dl_timer.o (.rodata..Lswitch.table.DL_Timer_initCompareMode)
                  00001dc8    0000000a     ti_msp_dl_config.o (.rodata.gUART_BTConfig)
                  00001dd2    0000000a     ti_msp_dl_config.o (.rodata.gUART_OPENMVConfig)
                  00001ddc    0000000a     ti_msp_dl_config.o (.rodata.gUART_SCREENConfig)
                  00001de6    00000002     ti_msp_dl_config.o (.rodata.gUART_BTClockConfig)
                  00001de8    00000008     ti_msp_dl_config.o (.rodata.gMOTORConfig)
                  00001df0    00000003     ti_msp_dl_config.o (.rodata.gENCODER_LClockConfig)
                  00001df3    00000003     ti_msp_dl_config.o (.rodata.gENCODER_RClockConfig)
                  00001df6    00000003     ti_msp_dl_config.o (.rodata.gMOTORClockConfig)
                  00001df9    00000003     ti_msp_dl_config.o (.rodata.gTIMER_0ClockConfig)
                  00001dfc    00000003     ti_msp_dl_config.o (.rodata.gTIMER_EncoderClockConfig)
                  00001dff    00000003     ti_msp_dl_config.o (.rodata.gTIMER_SonicClockConfig)
                  00001e02    00000002     ti_msp_dl_config.o (.rodata.gUART_OPENMVClockConfig)
                  00001e04    00000002     ti_msp_dl_config.o (.rodata.gUART_SCREENClockConfig)
                  00001e06    00000002     --HOLE-- [fill = 0]

.init_array 
*          0    00000000    00000000     UNINITIALIZED

.binit     0    00000000    00000000     

.bss       0    20200000    000002b4     UNINITIALIZED
                  20200000    000000bc     (.common:gMOTORBackup)
                  202000bc    000000bc     (.common:gTIMER_EncoderBackup)
                  20200178    00000078     (.common:gENCODER_LBackup)
                  202001f0    00000078     (.common:gENCODER_RBackup)
                  20200268    00000024     (.common:encoder_lb)
                  2020028c    00000024     (.common:encoder_rb)
                  202002b0    00000004     (.common:OverFlowFlag)

.data      0    202002b4    00000054     UNINITIALIZED
                  202002b4    00000007     openmv.o (.data.RxBuffer)
                  202002bb    00000005     openmv.o (.data.uart_data)
                  202002c0    00000004     test4_copy.o (.data.F_time)
                  202002c4    00000004     test4_copy.o (.data.K)
                  202002c8    00000004     encoder.o (.data.L)
                  202002cc    00000004     test4_copy.o (.data.PWM_L)
                  202002d0    00000004     test4_copy.o (.data.PWM_R)
                  202002d4    00000004     encoder.o (.data.R)
                  202002d8    00000004     openmv.o (.data.count1)
                  202002dc    00000004     test4_copy.o (.data.count2)
                  202002e0    00000004     test4_copy.o (.data.count3)
                  202002e4    00000004     encoder.o (.data.encoder_l)
                  202002e8    00000004     encoder.o (.data.encoder_r)
                  202002ec    00000004     test4_copy.o (.data.error)
                  202002f0    00000004     test4_copy.o (.data.flag_l)
                  202002f4    00000004     test4_copy.o (.data.flag_r)
                  202002f8    00000004     test4_copy.o (.data.ideal_l)
                  202002fc    00000004     test4_copy.o (.data.ideal_r)
                  20200300    00000003     test4_copy.o (.data.BT_Buffer)
                  20200303    00000003     test4_copy.o (.data.Receive)
                  20200306    00000001     test4_copy.o (.data.BT)
                  20200307    00000001     test4_copy.o (.data.KeyValue)

.stack     0    20207e00    00000200     UNINITIALIZED
                  20207e00    00000004     libc.a : boot_cortex_m.c.obj (.stack)
                  20207e04    000001fc     --HOLE--

__llvm_prf_cnts 
*          0    20200000    00000000     UNINITIALIZED

__llvm_prf_bits 
*          0    20200000    00000000     UNINITIALIZED

MODULE SUMMARY

       Module                         code   ro data   rw data
       ------                         ----   -------   -------
    .\
       ti_msp_dl_config.o             2490   182       616    
       test4_copy.o                   1084   0         124    
       startup_mspm0g350x_ticlang.o   8      192       0      
    +--+------------------------------+------+---------+---------+
       Total:                         3582   374       740    
                                                              
    .\USER\ENCODER\
       encoder.o                      198    0         16     
    +--+------------------------------+------+---------+---------+
       Total:                         198    0         16     
                                                              
    .\USER\MOTOR\
       motor.o                        820    0         0      
    +--+------------------------------+------+---------+---------+
       Total:                         820    0         0      
                                                              
    .\USER\OPENMV\
       openmv.o                       226    0         16     
    +--+------------------------------+------+---------+---------+
       Total:                         226    0         16     
                                                              
    .\USER\PID\
       pid.o                          324    0         0      
    +--+------------------------------+------+---------+---------+
       Total:                         324    0         0      
                                                              
    .\USER\SONIC\
       sonic.o                        54     0         4      
    +--+------------------------------+------+---------+---------+
       Total:                         54     0         4      
                                                              
    D:/CCS/SDK/mspm0_sdk_2_00_00_03/source/ti/driverlib/lib/ticlang/m0p/mspm0g1x0x_g3x0x/driverlib.a
       dl_timer.o                     812    24        0      
       dl_uart.o                      90     0         0      
       dl_common.o                    10     0         0      
    +--+------------------------------+------+---------+---------+
       Total:                         912    24        0      
                                                              
    D:\CCS\ccs\tools\compiler\ti-cgt-armllvm_3.2.2.LTS\lib\armv6m-ti-none-eabi/c/libc.a
       copy_decompress_lzss.c.obj     120    0         0      
       autoinit.c.obj                 60     0         0      
       boot_cortex_m.c.obj            40     0         0      
       copy_zero_init.c.obj           22     0         0      
       copy_decompress_none.c.obj     18     0         0      
       memcpy16.S.obj                 18     0         0      
       exit.c.obj                     4      0         0      
       pre_init.c.obj                 4      0         0      
    +--+------------------------------+------+---------+---------+
       Total:                         286    0         0      
                                                              
    D:\CCS\ccs\tools\compiler\ti-cgt-armllvm_3.2.2.LTS\lib\clang/15.0.7/lib/armv6m-ti-none-eabi/libclang_rt.builtins.a
       addsf3.S.obj                   216    0         0      
       mulsf3.S.obj                   140    0         0      
       divsf3.S.obj                   130    0         0      
       comparesf2.S.obj               118    0         0      
       aeabi_fcmp.S.obj               98     0         0      
       muldsi3.S.obj                  58     0         0      
       fixsfsi.S.obj                  56     0         0      
       floatunsisf.S.obj              40     0         0      
       aeabi_memcpy.S.obj             8      0         0      
    +--+------------------------------+------+---------+---------+
       Total:                         864    0         0      
                                                              
       Stack:                         0      0         512    
       Linker Generated:              0      56        0      
    +--+------------------------------+------+---------+---------+
       Grand Total:                   7266   454       1288   


LINKER GENERATED COPY TABLES

__TI_cinit_table @ 00001e30 records: 2, size/record: 8, table size: 16
	.data: load addr=00001e08, load size=00000014 bytes, run addr=202002b4, run size=00000054 bytes, compression=lzss
	.bss: load addr=00001e28, load size=00000008 bytes, run addr=20200000, run size=000002b4 bytes, compression=zero_init


LINKER GENERATED HANDLER TABLE

__TI_handler_table @ 00001e1c records: 3, size/record: 4, table size: 12
	index: 0, handler: __TI_decompress_lzss
	index: 1, handler: __TI_decompress_none
	index: 2, handler: __TI_zero_init


GLOBAL SYMBOLS: SORTED ALPHABETICALLY BY Name 

address   name                            
-------   ----                            
00001d25  ADC0_IRQHandler                 
00001d25  ADC1_IRQHandler                 
00001d25  AES_IRQHandler                  
20200306  BT                              
20200300  BT_Buffer                       
00001d30  C$$EXIT                         
00001d25  CANFD0_IRQHandler               
00001d25  DAC0_IRQHandler                 
00001d11  DL_Common_delayCycles           
00001149  DL_TimerA_initPWMMode           
00000d41  DL_Timer_initCompareMode        
00000c7d  DL_Timer_initPWMMode            
0000091d  DL_Timer_initTimerMode          
000019c1  DL_Timer_setCaptCompUpdateMethod
00001ad5  DL_Timer_setCaptureCompareOutCtl
00001cf1  DL_Timer_setCaptureCompareValue 
000019dd  DL_Timer_setClockConfig         
00001441  DL_UART_init                    
00001ca9  DL_UART_setClockConfig          
00001d25  DMA_IRQHandler                  
00001d25  Default_Handler                 
00001809  EncoderInit                     
202002c0  F_time                          
00000721  Forward                         
00001d25  GROUP0_IRQHandler               
00001d25  GROUP1_IRQHandler               
00001d25  HardFault_Handler               
00001d25  I2C0_IRQHandler                 
00001d25  I2C1_IRQHandler                 
202002c4  K                               
20200307  KeyValue                        
202002c8  L                               
00001d25  NMI_Handler                     
202002b0  OverFlowFlag                    
202002cc  PWM_L                           
202002d0  PWM_R                           
00001d25  PendSV_Handler                  
00001489  PidInit                         
00000821  Pid_update                      
202002d4  R                               
00001d25  RTC_IRQHandler                  
20200303  Receive                         
00001d29  Reset_Handler                   
202002b4  RxBuffer                        
00001d25  SPI0_IRQHandler                 
00001d25  SPI1_IRQHandler                 
00001d25  SVC_Handler                     
000016d9  SYSCFG_DL_ENCODER_L_init        
00001705  SYSCFG_DL_ENCODER_R_init        
000000c1  SYSCFG_DL_GPIO_init             
00000bb1  SYSCFG_DL_MOTOR_init            
000018ed  SYSCFG_DL_SYSCTL_init           
000014d1  SYSCFG_DL_TIMER_0_init          
00001731  SYSCFG_DL_TIMER_Encoder_init    
00001511  SYSCFG_DL_TIMER_Sonic_init      
000012f9  SYSCFG_DL_UART_BT_init          
0000134d  SYSCFG_DL_UART_OPENMV_init      
000013a1  SYSCFG_DL_UART_SCREEN_init      
0000129d  SYSCFG_DL_init                  
00000add  SYSCFG_DL_initPower             
00001d25  SysTick_Handler                 
00001d25  TIMA0_IRQHandler                
00000405  TIMA1_IRQHandler                
00001881  TIMG0_IRQHandler                
00001d25  TIMG12_IRQHandler               
000018a5  TIMG6_IRQHandler                
000018c9  TIMG7_IRQHandler                
00001d01  TIMG8_IRQHandler                
00001cbb  TI_memcpy_small                 
00000519  TurnLeft                        
0000061d  TurnRight                       
00000e8d  UART0_IRQHandler                
00000de9  UART1_IRQHandler                
00000f21  UART2_IRQHandler                
00001d25  UART3_IRQHandler                
20208000  __STACK_END                     
00000200  __STACK_SIZE                    
00000000  __TI_ATRegion0_region_sz        
00000000  __TI_ATRegion0_src_addr         
00000000  __TI_ATRegion0_trg_addr         
00000000  __TI_ATRegion1_region_sz        
00000000  __TI_ATRegion1_src_addr         
00000000  __TI_ATRegion1_trg_addr         
00000000  __TI_ATRegion2_region_sz        
00000000  __TI_ATRegion2_src_addr         
00000000  __TI_ATRegion2_trg_addr         
00001e30  __TI_CINIT_Base                 
00001e40  __TI_CINIT_Limit                
00001e40  __TI_CINIT_Warm                 
00001e1c  __TI_Handler_Table_Base         
00001e28  __TI_Handler_Table_Limit        
00001589  __TI_auto_init_nobinit_nopinit  
000011c1  __TI_decompress_lzss            
00001ccd  __TI_decompress_none            
ffffffff  __TI_pprof_out_hndl             
ffffffff  __TI_prof_data_size             
ffffffff  __TI_prof_data_start            
00000000  __TI_static_base__              
00001ba9  __TI_zero_init_nomemset         
00000a0f  __addsf3                        
0000163d  __aeabi_f2iz                    
00000a0f  __aeabi_fadd                    
00001239  __aeabi_fcmpeq                  
00001275  __aeabi_fcmpge                  
00001289  __aeabi_fcmpgt                  
00001261  __aeabi_fcmple                  
0000124d  __aeabi_fcmplt                  
000010c5  __aeabi_fdiv                    
00000fb5  __aeabi_fmul                    
00000a05  __aeabi_fsub                    
00001d1d  __aeabi_memcpy                  
00001d1d  __aeabi_memcpy4                 
00001d1d  __aeabi_memcpy8                 
00001831  __aeabi_ui2f                    
ffffffff  __binit__                       
000015c5  __cmpsf2                        
000010c5  __divsf3                        
000015c5  __eqsf2                         
0000163d  __fixsfsi                       
00001831  __floatunsisf                   
0000154d  __gesf2                         
0000154d  __gtsf2                         
000015c5  __lesf2                         
000015c5  __ltsf2                         
UNDEFED   __mpu_init                      
00001601  __muldsi3                       
00000fb5  __mulsf3                        
000015c5  __nesf2                         
20207e00  __stack                         
20200000  __start___llvm_prf_bits         
20200000  __start___llvm_prf_cnts         
20200000  __stop___llvm_prf_bits          
20200000  __stop___llvm_prf_cnts          
00000a05  __subsf3                        
00001859  _c_int00_noargs                 
UNDEFED   _system_post_cinit              
00001d2d  _system_pre_init                
00001d31  abort                           
ffffffff  binit                           
202002d8  count1                          
202002dc  count2                          
202002e0  count3                          
202002e4  encoder_l                       
20200268  encoder_lb                      
202002e8  encoder_r                       
2020028c  encoder_rb                      
202002ec  error                           
202002f0  flag_l                          
202002f4  flag_r                          
20200178  gENCODER_LBackup                
202001f0  gENCODER_RBackup                
20200000  gMOTORBackup                    
202000bc  gTIMER_EncoderBackup            
202002f8  ideal_l                         
202002fc  ideal_r                         
00000000  interruptVectors                
000002d9  main                            
202002bb  uart_data                       


GLOBAL SYMBOLS: SORTED BY Symbol Address 

address   name                            
-------   ----                            
00000000  __TI_ATRegion0_region_sz        
00000000  __TI_ATRegion0_src_addr         
00000000  __TI_ATRegion0_trg_addr         
00000000  __TI_ATRegion1_region_sz        
00000000  __TI_ATRegion1_src_addr         
00000000  __TI_ATRegion1_trg_addr         
00000000  __TI_ATRegion2_region_sz        
00000000  __TI_ATRegion2_src_addr         
00000000  __TI_ATRegion2_trg_addr         
00000000  __TI_static_base__              
00000000  interruptVectors                
000000c1  SYSCFG_DL_GPIO_init             
00000200  __STACK_SIZE                    
000002d9  main                            
00000405  TIMA1_IRQHandler                
00000519  TurnLeft                        
0000061d  TurnRight                       
00000721  Forward                         
00000821  Pid_update                      
0000091d  DL_Timer_initTimerMode          
00000a05  __aeabi_fsub                    
00000a05  __subsf3                        
00000a0f  __addsf3                        
00000a0f  __aeabi_fadd                    
00000add  SYSCFG_DL_initPower             
00000bb1  SYSCFG_DL_MOTOR_init            
00000c7d  DL_Timer_initPWMMode            
00000d41  DL_Timer_initCompareMode        
00000de9  UART1_IRQHandler                
00000e8d  UART0_IRQHandler                
00000f21  UART2_IRQHandler                
00000fb5  __aeabi_fmul                    
00000fb5  __mulsf3                        
000010c5  __aeabi_fdiv                    
000010c5  __divsf3                        
00001149  DL_TimerA_initPWMMode           
000011c1  __TI_decompress_lzss            
00001239  __aeabi_fcmpeq                  
0000124d  __aeabi_fcmplt                  
00001261  __aeabi_fcmple                  
00001275  __aeabi_fcmpge                  
00001289  __aeabi_fcmpgt                  
0000129d  SYSCFG_DL_init                  
000012f9  SYSCFG_DL_UART_BT_init          
0000134d  SYSCFG_DL_UART_OPENMV_init      
000013a1  SYSCFG_DL_UART_SCREEN_init      
00001441  DL_UART_init                    
00001489  PidInit                         
000014d1  SYSCFG_DL_TIMER_0_init          
00001511  SYSCFG_DL_TIMER_Sonic_init      
0000154d  __gesf2                         
0000154d  __gtsf2                         
00001589  __TI_auto_init_nobinit_nopinit  
000015c5  __cmpsf2                        
000015c5  __eqsf2                         
000015c5  __lesf2                         
000015c5  __ltsf2                         
000015c5  __nesf2                         
00001601  __muldsi3                       
0000163d  __aeabi_f2iz                    
0000163d  __fixsfsi                       
000016d9  SYSCFG_DL_ENCODER_L_init        
00001705  SYSCFG_DL_ENCODER_R_init        
00001731  SYSCFG_DL_TIMER_Encoder_init    
00001809  EncoderInit                     
00001831  __aeabi_ui2f                    
00001831  __floatunsisf                   
00001859  _c_int00_noargs                 
00001881  TIMG0_IRQHandler                
000018a5  TIMG6_IRQHandler                
000018c9  TIMG7_IRQHandler                
000018ed  SYSCFG_DL_SYSCTL_init           
000019c1  DL_Timer_setCaptCompUpdateMethod
000019dd  DL_Timer_setClockConfig         
00001ad5  DL_Timer_setCaptureCompareOutCtl
00001ba9  __TI_zero_init_nomemset         
00001ca9  DL_UART_setClockConfig          
00001cbb  TI_memcpy_small                 
00001ccd  __TI_decompress_none            
00001cf1  DL_Timer_setCaptureCompareValue 
00001d01  TIMG8_IRQHandler                
00001d11  DL_Common_delayCycles           
00001d1d  __aeabi_memcpy                  
00001d1d  __aeabi_memcpy4                 
00001d1d  __aeabi_memcpy8                 
00001d25  ADC0_IRQHandler                 
00001d25  ADC1_IRQHandler                 
00001d25  AES_IRQHandler                  
00001d25  CANFD0_IRQHandler               
00001d25  DAC0_IRQHandler                 
00001d25  DMA_IRQHandler                  
00001d25  Default_Handler                 
00001d25  GROUP0_IRQHandler               
00001d25  GROUP1_IRQHandler               
00001d25  HardFault_Handler               
00001d25  I2C0_IRQHandler                 
00001d25  I2C1_IRQHandler                 
00001d25  NMI_Handler                     
00001d25  PendSV_Handler                  
00001d25  RTC_IRQHandler                  
00001d25  SPI0_IRQHandler                 
00001d25  SPI1_IRQHandler                 
00001d25  SVC_Handler                     
00001d25  SysTick_Handler                 
00001d25  TIMA0_IRQHandler                
00001d25  TIMG12_IRQHandler               
00001d25  UART3_IRQHandler                
00001d29  Reset_Handler                   
00001d2d  _system_pre_init                
00001d30  C$$EXIT                         
00001d31  abort                           
00001e1c  __TI_Handler_Table_Base         
00001e28  __TI_Handler_Table_Limit        
00001e30  __TI_CINIT_Base                 
00001e40  __TI_CINIT_Limit                
00001e40  __TI_CINIT_Warm                 
20200000  __start___llvm_prf_bits         
20200000  __start___llvm_prf_cnts         
20200000  __stop___llvm_prf_bits          
20200000  __stop___llvm_prf_cnts          
20200000  gMOTORBackup                    
202000bc  gTIMER_EncoderBackup            
20200178  gENCODER_LBackup                
202001f0  gENCODER_RBackup                
20200268  encoder_lb                      
2020028c  encoder_rb                      
202002b0  OverFlowFlag                    
202002b4  RxBuffer                        
202002bb  uart_data                       
202002c0  F_time                          
202002c4  K                               
202002c8  L                               
202002cc  PWM_L                           
202002d0  PWM_R                           
202002d4  R                               
202002d8  count1                          
202002dc  count2                          
202002e0  count3                          
202002e4  encoder_l                       
202002e8  encoder_r                       
202002ec  error                           
202002f0  flag_l                          
202002f4  flag_r                          
202002f8  ideal_l                         
202002fc  ideal_r                         
20200300  BT_Buffer                       
20200303  Receive                         
20200306  BT                              
20200307  KeyValue                        
20207e00  __stack                         
20208000  __STACK_END                     
ffffffff  __TI_pprof_out_hndl             
ffffffff  __TI_prof_data_size             
ffffffff  __TI_prof_data_start            
ffffffff  __binit__                       
ffffffff  binit                           
UNDEFED   __mpu_init                      
UNDEFED   _system_post_cinit              

[158 symbols]
